16:30:37.255 INFO  NativeLibraryLoader - Loading libgkl_compression.so from jar:file:/home/turing-agents/Documents/fast-gatk/third_party/gatk-package/gatk-4.6.2.0/gatk-package-4.6.2.0-local.jar!/com/intel/gkl/native/libgkl_compression.so
16:30:40.221 INFO  ApplyBQSR - ------------------------------------------------------------
16:30:40.223 INFO  ApplyBQSR - The Genome Analysis Toolkit (GATK) v4.6.2.0
16:30:40.223 INFO  ApplyBQSR - For support and documentation go to https://software.broadinstitute.org/gatk/
16:30:40.223 INFO  ApplyBQSR - Executing as turing-agents@turing-agents-MotherBoard-Series on Linux v7.0.0-31-generic amd64
16:30:40.223 INFO  ApplyBQSR - Java runtime: OpenJDK 64-Bit Server VM v17.0.20+8
16:30:40.223 INFO  ApplyBQSR - Start Date/Time: 2026年9月18日 CST 下午4:30:37
16:30:40.223 INFO  ApplyBQSR - ------------------------------------------------------------
16:30:40.223 INFO  ApplyBQSR - ------------------------------------------------------------
16:30:40.224 INFO  ApplyBQSR - HTSJDK Version: 4.2.0
16:30:40.224 INFO  ApplyBQSR - Picard Version: 3.4.0
16:30:40.224 INFO  ApplyBQSR - Built for Spark Version: 3.5.0
16:30:40.225 INFO  ApplyBQSR - HTSJDK Defaults.COMPRESSION_LEVEL : 2
16:30:40.226 INFO  ApplyBQSR - HTSJDK Defaults.USE_ASYNC_IO_READ_FOR_SAMTOOLS : false
16:30:40.226 INFO  ApplyBQSR - HTSJDK Defaults.USE_ASYNC_IO_WRITE_FOR_SAMTOOLS : true
16:30:40.226 INFO  ApplyBQSR - HTSJDK Defaults.USE_ASYNC_IO_WRITE_FOR_TRIBBLE : false
16:30:40.226 INFO  ApplyBQSR - Deflater: IntelDeflater
16:30:40.226 INFO  ApplyBQSR - Inflater: IntelInflater
16:30:40.226 INFO  ApplyBQSR - GCS max retries/reopens: 20
16:30:40.226 INFO  ApplyBQSR - Requester pays: disabled
16:30:40.226 INFO  ApplyBQSR - Initializing engine
16:30:40.287 INFO  ApplyBQSR - Done initializing engine
16:30:40.303 INFO  ProgressMeter - Starting traversal
16:30:40.304 INFO  ProgressMeter -        Current Locus  Elapsed Minutes       Reads Processed     Reads/Minute
16:30:41.116 INFO  ApplyBQSR - 0 read(s) filtered by: WellformedReadFilter 

16:30:41.116 INFO  ProgressMeter -          20:10997264              0.0                 58187        4299532.0
16:30:41.116 INFO  ProgressMeter - Traversal complete. Processed 58187 total reads in 0.0 minutes.
16:30:41.173 INFO  ApplyBQSR - Shutting down engine
[2026年9月18日 CST 下午4:30:41] org.broadinstitute.hellbender.tools.walkers.bqsr.ApplyBQSR done. Elapsed time: 0.07 minutes.
Runtime.totalMemory()=809500672
