16:30:28.141 INFO  NativeLibraryLoader - Loading libgkl_compression.so from jar:file:/home/turing-agents/Documents/fast-gatk/third_party/gatk-package/gatk-4.6.2.0/gatk-package-4.6.2.0-local.jar!/com/intel/gkl/native/libgkl_compression.so
16:30:31.436 INFO  BaseRecalibrator - ------------------------------------------------------------
16:30:31.438 INFO  BaseRecalibrator - The Genome Analysis Toolkit (GATK) v4.6.2.0
16:30:31.438 INFO  BaseRecalibrator - For support and documentation go to https://software.broadinstitute.org/gatk/
16:30:31.438 INFO  BaseRecalibrator - Executing as turing-agents@turing-agents-MotherBoard-Series on Linux v7.0.0-31-generic amd64
16:30:31.438 INFO  BaseRecalibrator - Java runtime: OpenJDK 64-Bit Server VM v17.0.20+8
16:30:31.438 INFO  BaseRecalibrator - Start Date/Time: 2026年9月18日 CST 下午4:30:28
16:30:31.438 INFO  BaseRecalibrator - ------------------------------------------------------------
16:30:31.438 INFO  BaseRecalibrator - ------------------------------------------------------------
16:30:31.438 INFO  BaseRecalibrator - HTSJDK Version: 4.2.0
16:30:31.439 INFO  BaseRecalibrator - Picard Version: 3.4.0
16:30:31.439 INFO  BaseRecalibrator - Built for Spark Version: 3.5.0
16:30:31.439 INFO  BaseRecalibrator - HTSJDK Defaults.COMPRESSION_LEVEL : 2
16:30:31.440 INFO  BaseRecalibrator - HTSJDK Defaults.USE_ASYNC_IO_READ_FOR_SAMTOOLS : false
16:30:31.440 INFO  BaseRecalibrator - HTSJDK Defaults.USE_ASYNC_IO_WRITE_FOR_SAMTOOLS : true
16:30:31.440 INFO  BaseRecalibrator - HTSJDK Defaults.USE_ASYNC_IO_WRITE_FOR_TRIBBLE : false
16:30:31.440 INFO  BaseRecalibrator - Deflater: IntelDeflater
16:30:31.440 INFO  BaseRecalibrator - Inflater: IntelInflater
16:30:31.440 INFO  BaseRecalibrator - GCS max retries/reopens: 20
16:30:31.440 INFO  BaseRecalibrator - Requester pays: disabled
16:30:31.440 INFO  BaseRecalibrator - Initializing engine
16:30:31.534 INFO  FeatureManager - Using codec VCFCodec to read file file:///home/turing-agents/Documents/fast-gatk/testdata/real/1000g_phase3/1000G.phase3.broad.withGenotypes.chr20.10100000.vcf.gz
16:30:32.322 INFO  FeatureManager - Using codec VCFCodec to read file file:///home/turing-agents/Documents/fast-gatk/testdata/real/mills_indels/Mills_and_1000G_gold_standard.indels.b37.sites.chr20.vcf.gz
16:30:32.331 INFO  BaseRecalibrator - Done initializing engine
16:30:32.334 INFO  BaseRecalibrationEngine - The covariates being used here: 
16:30:32.334 INFO  BaseRecalibrationEngine - 	ReadGroupCovariate
16:30:32.334 INFO  BaseRecalibrationEngine - 	QualityScoreCovariate
16:30:32.334 INFO  BaseRecalibrationEngine - 	ContextCovariate
16:30:32.334 INFO  BaseRecalibrationEngine - 	CycleCovariate
16:30:32.338 INFO  ProgressMeter - Starting traversal
16:30:32.339 INFO  ProgressMeter -        Current Locus  Elapsed Minutes       Reads Processed     Reads/Minute
16:30:35.615 INFO  BaseRecalibrator - 330 read(s) filtered by: MappingQualityNotZeroReadFilter 
0 read(s) filtered by: MappingQualityAvailableReadFilter 
0 read(s) filtered by: MappedReadFilter 
0 read(s) filtered by: NotSecondaryAlignmentReadFilter 
4626 read(s) filtered by: NotDuplicateReadFilter 
0 read(s) filtered by: PassesVendorQualityCheckReadFilter 
0 read(s) filtered by: WellformedReadFilter 
4956 total reads filtered out of 58187 reads processed
16:30:35.616 INFO  ProgressMeter -          20:10996174              0.1                 53231         974926.7
16:30:35.616 INFO  ProgressMeter - Traversal complete. Processed 53231 total reads in 0.1 minutes.
16:30:35.619 INFO  BaseRecalibrator - Calculating quantized quality scores...
16:30:35.626 INFO  BaseRecalibrator - Writing recalibration report...
16:30:36.346 INFO  BaseRecalibrator - ...done!
16:30:36.346 INFO  BaseRecalibrator - BaseRecalibrator was able to recalibrate 53231 reads
16:30:36.346 INFO  BaseRecalibrator - Shutting down engine
[2026年9月18日 CST 下午4:30:36] org.broadinstitute.hellbender.tools.walkers.bqsr.BaseRecalibrator done. Elapsed time: 0.14 minutes.
Runtime.totalMemory()=809500672
