16:30:22.836 INFO  NativeLibraryLoader - Loading libgkl_compression.so from jar:file:/home/turing-agents/Documents/fast-gatk/third_party/gatk-package/gatk-4.6.2.0/gatk-package-4.6.2.0-local.jar!/com/intel/gkl/native/libgkl_compression.so
[Fri Sep 18 16:30:22 CST 2026] MarkDuplicates --INPUT public_pipeline/NA12878.chr20.10M-11M.bam --OUTPUT public_pipeline/pipeline_v4/gatk/mkdup.bam --METRICS_FILE public_pipeline/pipeline_v4/gatk/mkdup_metrics.txt --MAX_SEQUENCES_FOR_DISK_READ_ENDS_MAP 50000 --MAX_FILE_HANDLES_FOR_READ_ENDS_MAP 8000 --SORTING_COLLECTION_SIZE_RATIO 0.25 --TAG_DUPLICATE_SET_MEMBERS false --REMOVE_SEQUENCING_DUPLICATES false --TAGGING_POLICY DontTag --CLEAR_DT true --DUPLEX_UMI false --FLOW_MODE false --FLOW_DUP_STRATEGY FLOW_QUALITY_SUM_STRATEGY --FLOW_USE_END_IN_UNPAIRED_READS false --FLOW_USE_UNPAIRED_CLIPPED_END false --FLOW_UNPAIRED_END_UNCERTAINTY 0 --FLOW_UNPAIRED_START_UNCERTAINTY 0 --FLOW_SKIP_FIRST_N_FLOWS 0 --FLOW_Q_IS_KNOWN_END false --FLOW_EFFECTIVE_QUALITY_THRESHOLD 15 --ADD_PG_TAG_TO_READS true --REMOVE_DUPLICATES false --ASSUME_SORTED false --DUPLICATE_SCORING_STRATEGY SUM_OF_BASE_QUALITIES --PROGRAM_RECORD_ID MarkDuplicates --PROGRAM_GROUP_NAME MarkDuplicates --READ_NAME_REGEX <optimized capture of last three ':' separated fields as numeric values> --OPTICAL_DUPLICATE_PIXEL_DISTANCE 100 --MAX_OPTICAL_DUPLICATE_SET_SIZE 300000 --VERBOSITY INFO --QUIET false --VALIDATION_STRINGENCY STRICT --COMPRESSION_LEVEL 2 --MAX_RECORDS_IN_RAM 500000 --CREATE_INDEX false --CREATE_MD5_FILE false --help false --version false --showHidden false --USE_JDK_DEFLATER false --USE_JDK_INFLATER false
[Fri Sep 18 16:30:26 CST 2026] Executing as turing-agents@turing-agents-MotherBoard-Series on Linux 7.0.0-31-generic amd64; OpenJDK 64-Bit Server VM 17.0.20+8; Deflater: Intel; Inflater: Intel; Provider GCS is available; Picard version: Version:4.6.2.0
INFO	2026-09-18 16:30:26	MarkDuplicates	Start of doWork freeMemory: 75914728; totalMemory: 104857600; maxMemory: 4294967296
INFO	2026-09-18 16:30:26	MarkDuplicates	Reading input file and constructing read end information.
INFO	2026-09-18 16:30:26	MarkDuplicates	Will retain up to 15561475 data points before spilling to disk.
WARNING	2026-09-18 16:30:26	AbstractOpticalDuplicateFinderCommandLineProgram	A field field parsed out of a read name was expected to contain an integer and did not. Read name: SRR622461.74546969. Cause: String 'SRR622461.74546969' did not start with a parsable number.
INFO	2026-09-18 16:30:26	MarkDuplicates	Read 58187 records. 100 pairs never matched.
INFO	2026-09-18 16:30:26	MarkDuplicates	After buildSortedReadEndLists freeMemory: 440476168; totalMemory: 601882624; maxMemory: 4294967296
INFO	2026-09-18 16:30:26	MarkDuplicates	Will retain up to 134217728 duplicate indices before spilling to disk.
INFO	2026-09-18 16:30:26	MarkDuplicates	Traversing read pair information and detecting duplicates.
INFO	2026-09-18 16:30:26	MarkDuplicates	Traversing fragment information and detecting duplicates.
INFO	2026-09-18 16:30:26	MarkDuplicates	Sorting list of duplicate records.
INFO	2026-09-18 16:30:26	MarkDuplicates	After generateDuplicateIndexes freeMemory: 796883648; totalMemory: 1902116864; maxMemory: 4294967296
INFO	2026-09-18 16:30:26	MarkDuplicates	Marking 4626 records as duplicates.
INFO	2026-09-18 16:30:26	MarkDuplicates	Found 0 optical duplicate clusters.
INFO	2026-09-18 16:30:26	MarkDuplicates	Reads are assumed to be ordered by: coordinate
INFO	2026-09-18 16:30:27	MarkDuplicates	Writing complete. Closing input iterator.
INFO	2026-09-18 16:30:27	MarkDuplicates	Duplicate Index cleanup.
INFO	2026-09-18 16:30:27	MarkDuplicates	Getting Memory Stats.
INFO	2026-09-18 16:30:27	MarkDuplicates	Before output close freeMemory: 209112432; totalMemory: 239075328; maxMemory: 4294967296
INFO	2026-09-18 16:30:27	MarkDuplicates	Closed outputs. Getting more Memory Stats.
INFO	2026-09-18 16:30:27	MarkDuplicates	After output close freeMemory: 125232448; totalMemory: 155189248; maxMemory: 4294967296
[Fri Sep 18 16:30:27 CST 2026] picard.sam.markduplicates.MarkDuplicates done. Elapsed time: 0.07 minutes.
Runtime.totalMemory()=155189248
