03:11:08.405 INFO  NativeLibraryLoader - Loading libgkl_compression.so from jar:file:/home/turing-agents/Documents/fast-gatk/third_party/gatk-package/gatk-4.6.2.0/gatk-package-4.6.2.0-local.jar!/com/intel/gkl/native/libgkl_compression.so
03:11:11.012 INFO  ApplyBQSR - ------------------------------------------------------------
03:11:11.014 INFO  ApplyBQSR - The Genome Analysis Toolkit (GATK) v4.6.2.0
03:11:11.014 INFO  ApplyBQSR - For support and documentation go to https://software.broadinstitute.org/gatk/
03:11:11.014 INFO  ApplyBQSR - Executing as turing-agents@turing-agents-MotherBoard-Series on Linux v7.0.0-31-generic amd64
03:11:11.014 INFO  ApplyBQSR - Java runtime: OpenJDK 64-Bit Server VM v17.0.20+8
03:11:11.014 INFO  ApplyBQSR - Start Date/Time: 2026年9月19日 CST 上午3:11:08
03:11:11.014 INFO  ApplyBQSR - ------------------------------------------------------------
03:11:11.014 INFO  ApplyBQSR - ------------------------------------------------------------
03:11:11.014 INFO  ApplyBQSR - HTSJDK Version: 4.2.0
03:11:11.014 INFO  ApplyBQSR - Picard Version: 3.4.0
03:11:11.014 INFO  ApplyBQSR - Built for Spark Version: 3.5.0
03:11:11.015 INFO  ApplyBQSR - HTSJDK Defaults.COMPRESSION_LEVEL : 2
03:11:11.016 INFO  ApplyBQSR - HTSJDK Defaults.USE_ASYNC_IO_READ_FOR_SAMTOOLS : false
03:11:11.016 INFO  ApplyBQSR - HTSJDK Defaults.USE_ASYNC_IO_WRITE_FOR_SAMTOOLS : true
03:11:11.016 INFO  ApplyBQSR - HTSJDK Defaults.USE_ASYNC_IO_WRITE_FOR_TRIBBLE : false
03:11:11.016 INFO  ApplyBQSR - Deflater: IntelDeflater
03:11:11.016 INFO  ApplyBQSR - Inflater: IntelInflater
03:11:11.016 INFO  ApplyBQSR - GCS max retries/reopens: 20
03:11:11.016 INFO  ApplyBQSR - Requester pays: disabled
03:11:11.016 INFO  ApplyBQSR - Initializing engine
03:11:11.065 INFO  ApplyBQSR - Done initializing engine
03:11:11.076 INFO  ProgressMeter - Starting traversal
03:11:11.076 INFO  ProgressMeter -        Current Locus  Elapsed Minutes       Reads Processed     Reads/Minute
03:11:21.080 INFO  ProgressMeter -          20:32132177              0.2               1615000        9687093.9
03:11:30.706 INFO  ApplyBQSR - 0 read(s) filtered by: WellformedReadFilter 

03:11:30.706 INFO  ProgressMeter -          20:62954287              0.3               3245545        9920157.9
03:11:30.706 INFO  ProgressMeter - Traversal complete. Processed 3245545 total reads in 0.3 minutes.
03:11:30.761 INFO  ApplyBQSR - Shutting down engine
[2026年9月19日 CST 上午3:11:30] org.broadinstitute.hellbender.tools.walkers.bqsr.ApplyBQSR done. Elapsed time: 0.37 minutes.
Runtime.totalMemory()=822083584
