03:15:10.207 INFO  NativeLibraryLoader - Loading libgkl_compression.so from jar:file:/home/turing-agents/Documents/fast-gatk/third_party/gatk-package/gatk-4.6.2.0/gatk-package-4.6.2.0-local.jar!/com/intel/gkl/native/libgkl_compression.so
03:15:12.805 INFO  GenotypeGVCFs - ------------------------------------------------------------
03:15:12.807 INFO  GenotypeGVCFs - The Genome Analysis Toolkit (GATK) v4.6.2.0
03:15:12.807 INFO  GenotypeGVCFs - For support and documentation go to https://software.broadinstitute.org/gatk/
03:15:12.807 INFO  GenotypeGVCFs - Executing as turing-agents@turing-agents-MotherBoard-Series on Linux v7.0.0-31-generic amd64
03:15:12.807 INFO  GenotypeGVCFs - Java runtime: OpenJDK 64-Bit Server VM v17.0.20+8
03:15:12.807 INFO  GenotypeGVCFs - Start Date/Time: 2026年9月19日 CST 上午3:15:10
03:15:12.807 INFO  GenotypeGVCFs - ------------------------------------------------------------
03:15:12.807 INFO  GenotypeGVCFs - ------------------------------------------------------------
03:15:12.808 INFO  GenotypeGVCFs - HTSJDK Version: 4.2.0
03:15:12.808 INFO  GenotypeGVCFs - Picard Version: 3.4.0
03:15:12.808 INFO  GenotypeGVCFs - Built for Spark Version: 3.5.0
03:15:12.809 INFO  GenotypeGVCFs - HTSJDK Defaults.COMPRESSION_LEVEL : 2
03:15:12.809 INFO  GenotypeGVCFs - HTSJDK Defaults.USE_ASYNC_IO_READ_FOR_SAMTOOLS : false
03:15:12.809 INFO  GenotypeGVCFs - HTSJDK Defaults.USE_ASYNC_IO_WRITE_FOR_SAMTOOLS : true
03:15:12.809 INFO  GenotypeGVCFs - HTSJDK Defaults.USE_ASYNC_IO_WRITE_FOR_TRIBBLE : false
03:15:12.809 INFO  GenotypeGVCFs - Deflater: IntelDeflater
03:15:12.809 INFO  GenotypeGVCFs - Inflater: IntelInflater
03:15:12.810 INFO  GenotypeGVCFs - GCS max retries/reopens: 20
03:15:12.810 INFO  GenotypeGVCFs - Requester pays: disabled
03:15:12.810 INFO  GenotypeGVCFs - Initializing engine
03:15:12.877 INFO  FeatureManager - Using codec VCFCodec to read file file:///home/turing-agents/Documents/fast-gatk/public_pipeline/full_chr20/gatk2/full.g.vcf.gz
03:15:13.625 INFO  GenotypeGVCFs - Done initializing engine
03:15:13.647 INFO  ProgressMeter - Starting traversal
03:15:13.647 INFO  ProgressMeter -        Current Locus  Elapsed Minutes    Variants Processed  Variants/Minute
03:15:13.701 WARN  ReferenceConfidenceVariantContextMerger - Detected invalid annotations: When trying to merge variant contexts at location 20:61795 the annotation MLEAC=[1, 0] was not a numerical value and was ignored
03:15:13.726 WARN  InbreedingCoeff - InbreedingCoeff will not be calculated at position 20:61795 and possibly subsequent; at least 10 samples must have called genotypes
03:15:23.651 INFO  ProgressMeter -          20:29651079              0.2               2714000       16279116.3
03:15:33.652 INFO  ProgressMeter -          20:60078206              0.3               5771000       17308672.8
03:15:34.522 INFO  ProgressMeter -          20:62956049              0.3               6013696       17284874.7
03:15:34.522 INFO  ProgressMeter - Traversal complete. Processed 6013696 total variants in 0.3 minutes.
03:15:34.526 INFO  GenotypeGVCFs - Shutting down engine
[2026年9月19日 CST 上午3:15:34] org.broadinstitute.hellbender.tools.walkers.GenotypeGVCFs done. Elapsed time: 0.41 minutes.
Runtime.totalMemory()=822083584
