03:11:31.751 INFO  NativeLibraryLoader - Loading libgkl_compression.so from jar:file:/home/turing-agents/Documents/fast-gatk/third_party/gatk-package/gatk-4.6.2.0/gatk-package-4.6.2.0-local.jar!/com/intel/gkl/native/libgkl_compression.so
03:11:34.372 INFO  HaplotypeCaller - ------------------------------------------------------------
03:11:34.373 INFO  HaplotypeCaller - The Genome Analysis Toolkit (GATK) v4.6.2.0
03:11:34.374 INFO  HaplotypeCaller - For support and documentation go to https://software.broadinstitute.org/gatk/
03:11:34.374 INFO  HaplotypeCaller - Executing as turing-agents@turing-agents-MotherBoard-Series on Linux v7.0.0-31-generic amd64
03:11:34.374 INFO  HaplotypeCaller - Java runtime: OpenJDK 64-Bit Server VM v17.0.20+8
03:11:34.374 INFO  HaplotypeCaller - Start Date/Time: 2026年9月19日 CST 上午3:11:31
03:11:34.374 INFO  HaplotypeCaller - ------------------------------------------------------------
03:11:34.374 INFO  HaplotypeCaller - ------------------------------------------------------------
03:11:34.374 INFO  HaplotypeCaller - HTSJDK Version: 4.2.0
03:11:34.374 INFO  HaplotypeCaller - Picard Version: 3.4.0
03:11:34.374 INFO  HaplotypeCaller - Built for Spark Version: 3.5.0
03:11:34.375 INFO  HaplotypeCaller - HTSJDK Defaults.COMPRESSION_LEVEL : 2
03:11:34.375 INFO  HaplotypeCaller - HTSJDK Defaults.USE_ASYNC_IO_READ_FOR_SAMTOOLS : false
03:11:34.376 INFO  HaplotypeCaller - HTSJDK Defaults.USE_ASYNC_IO_WRITE_FOR_SAMTOOLS : true
03:11:34.376 INFO  HaplotypeCaller - HTSJDK Defaults.USE_ASYNC_IO_WRITE_FOR_TRIBBLE : false
03:11:34.376 INFO  HaplotypeCaller - Deflater: IntelDeflater
03:11:34.376 INFO  HaplotypeCaller - Inflater: IntelInflater
03:11:34.376 INFO  HaplotypeCaller - GCS max retries/reopens: 20
03:11:34.376 INFO  HaplotypeCaller - Requester pays: disabled
03:11:34.376 INFO  HaplotypeCaller - Initializing engine
03:11:34.451 INFO  IntervalArgumentCollection - Processing 63025520 bp from intervals
03:11:34.453 INFO  HaplotypeCaller - Done initializing engine
03:11:34.454 INFO  HaplotypeCallerEngine - Tool is in reference confidence mode and the annotation, the following changes will be made to any specified annotations: 'StrandBiasBySample' will be enabled. 'ChromosomeCounts', 'FisherStrand', 'StrandOddsRatio' and 'QualByDepth' annotations have been disabled
03:11:34.462 INFO  NativeLibraryLoader - Loading libgkl_utils.so from jar:file:/home/turing-agents/Documents/fast-gatk/third_party/gatk-package/gatk-4.6.2.0/gatk-package-4.6.2.0-local.jar!/com/intel/gkl/native/libgkl_utils.so
03:11:34.463 INFO  NativeLibraryLoader - Loading libgkl_smithwaterman.so from jar:file:/home/turing-agents/Documents/fast-gatk/third_party/gatk-package/gatk-4.6.2.0/gatk-package-4.6.2.0-local.jar!/com/intel/gkl/native/libgkl_smithwaterman.so
03:11:34.463 INFO  IntelSmithWaterman - Using CPU-supported AVX-512 instructions
03:11:34.463 INFO  SmithWatermanAligner - Using AVX accelerated SmithWaterman implementation
03:11:34.465 INFO  HaplotypeCallerEngine - Standard Emitting and Calling confidence set to -0.0 for reference-model confidence output
03:11:34.465 INFO  HaplotypeCallerEngine - All sites annotated with PLs forced to true for reference-model confidence output
03:11:34.471 INFO  NativeLibraryLoader - Loading libgkl_pairhmm_omp.so from jar:file:/home/turing-agents/Documents/fast-gatk/third_party/gatk-package/gatk-4.6.2.0/gatk-package-4.6.2.0-local.jar!/com/intel/gkl/native/libgkl_pairhmm_omp.so
03:11:34.477 INFO  IntelPairHmm - Using CPU-supported AVX-512 instructions
03:11:34.477 INFO  IntelPairHmm - Flush-to-zero (FTZ) is enabled when running PairHMM
03:11:34.477 INFO  IntelPairHmm - Available threads: 32
03:11:34.477 INFO  IntelPairHmm - Requested threads: 4
03:11:34.477 INFO  PairHMM - Using the OpenMP multi-threaded AVX-accelerated native PairHMM implementation
03:11:34.505 INFO  ProgressMeter - Starting traversal
03:11:34.505 INFO  ProgressMeter -        Current Locus  Elapsed Minutes     Regions Processed   Regions/Minute
03:11:34.852 WARN  InbreedingCoeff - InbreedingCoeff will not be calculated at position 20:61795 and possibly subsequent; at least 10 samples must have called genotypes
03:11:37.027 WARN  DepthPerSampleHC - org.broadinstitute.hellbender.tools.walkers.annotator.DepthPerSampleHC$$Lambda$575/0x000078742863e000@2ba9503b
03:11:37.028 WARN  StrandBiasBySample - org.broadinstitute.hellbender.tools.walkers.annotator.StrandBiasBySample$$Lambda$576/0x000078742863e228@65cded72
03:11:44.509 INFO  ProgressMeter -           20:2046536              0.2                 10320          61907.6
03:11:54.512 INFO  ProgressMeter -           20:4642365              0.3                 23660          70958.7
03:12:04.516 INFO  ProgressMeter -           20:7087086              0.5                 36260          72495.8
03:12:14.518 INFO  ProgressMeter -           20:9743084              0.7                 49270          73882.8
03:12:24.518 INFO  ProgressMeter -          20:12354791              0.8                 62270          74706.1
03:12:34.519 INFO  ProgressMeter -          20:15099337              1.0                 75780          75763.6
03:12:44.530 INFO  ProgressMeter -          20:17398942              1.2                 87920          75334.2
03:12:54.530 INFO  ProgressMeter -          20:19964291              1.3                101150          75839.7
03:13:04.532 INFO  ProgressMeter -          20:23096957              1.5                115620          77057.7
03:13:14.536 INFO  ProgressMeter -          20:25876029              1.7                129290          77550.7
03:13:24.538 INFO  ProgressMeter -          20:31835185              1.8                152940          83397.6
03:13:34.540 INFO  ProgressMeter -          20:35729792              2.0                170080          85015.9
03:13:44.541 INFO  ProgressMeter -          20:38754581              2.2                184410          85089.4
03:13:54.544 INFO  ProgressMeter -          20:42109801              2.3                199400          85434.0
03:14:04.549 INFO  ProgressMeter -          20:45110245              2.5                213760          85479.5
03:14:14.549 INFO  ProgressMeter -          20:47905195              2.7                227830          85413.3
03:14:24.549 INFO  ProgressMeter -          20:50942643              2.8                242740          85651.3
03:14:34.553 INFO  ProgressMeter -          20:53396413              3.0                255300          85078.3
03:14:44.554 INFO  ProgressMeter -          20:55917977              3.2                268200          84673.3
03:14:54.557 INFO  ProgressMeter -          20:58797465              3.3                282070          84599.4
03:15:04.560 INFO  ProgressMeter -          20:61491244              3.5                295900          84521.5
03:15:09.172 INFO  HaplotypeCaller - 97852 read(s) filtered by: MappingQualityReadFilter 
0 read(s) filtered by: MappingQualityAvailableReadFilter 
0 read(s) filtered by: MappedReadFilter 
0 read(s) filtered by: NotSecondaryAlignmentReadFilter 
194021 read(s) filtered by: NotDuplicateReadFilter 
0 read(s) filtered by: PassesVendorQualityCheckReadFilter 
0 read(s) filtered by: NonZeroReferenceLengthAlignmentReadFilter 
0 read(s) filtered by: GoodCigarReadFilter 
0 read(s) filtered by: WellformedReadFilter 
291873 total reads filtered out of 3245545 reads processed
03:15:09.173 INFO  ProgressMeter -          20:63023229              3.6                303447          84814.2
03:15:09.173 INFO  ProgressMeter - Traversal complete. Processed 303447 total regions in 3.6 minutes.
03:15:09.177 INFO  VectorLoglessPairHMM - Time spent in setup for JNI call : 0.072492215
03:15:09.177 INFO  PairHMM - Total compute time in PairHMM computeLogLikelihoods() : 1.763040576
03:15:09.177 INFO  SmithWatermanAligner - Total compute time in native Smith-Waterman : 9.23 sec
03:15:09.178 INFO  HaplotypeCaller - Shutting down engine
[2026年9月19日 CST 上午3:15:09] org.broadinstitute.hellbender.tools.walkers.haplotypecaller.HaplotypeCaller done. Elapsed time: 3.62 minutes.
Runtime.totalMemory()=822083584
