16:03:23.299 INFO  NativeLibraryLoader - Loading libgkl_compression.so from jar:file:/home/turing-agents/Documents/fast-gatk/third_party/gatk-package/gatk-4.6.2.0/gatk-package-4.6.2.0-local.jar!/com/intel/gkl/native/libgkl_compression.so
16:03:27.135 INFO  BaseRecalibrator - ------------------------------------------------------------
16:03:27.137 INFO  BaseRecalibrator - The Genome Analysis Toolkit (GATK) v4.6.2.0
16:03:27.137 INFO  BaseRecalibrator - For support and documentation go to https://software.broadinstitute.org/gatk/
16:03:27.137 INFO  BaseRecalibrator - Executing as turing-agents@turing-agents-MotherBoard-Series on Linux v7.0.0-31-generic amd64
16:03:27.137 INFO  BaseRecalibrator - Java runtime: OpenJDK 64-Bit Server VM v17.0.20+8
16:03:27.137 INFO  BaseRecalibrator - Start Date/Time: 2026年9月19日 CST 下午4:03:23
16:03:27.137 INFO  BaseRecalibrator - ------------------------------------------------------------
16:03:27.137 INFO  BaseRecalibrator - ------------------------------------------------------------
16:03:27.138 INFO  BaseRecalibrator - HTSJDK Version: 4.2.0
16:03:27.138 INFO  BaseRecalibrator - Picard Version: 3.4.0
16:03:27.138 INFO  BaseRecalibrator - Built for Spark Version: 3.5.0
16:03:27.142 INFO  BaseRecalibrator - HTSJDK Defaults.COMPRESSION_LEVEL : 2
16:03:27.142 INFO  BaseRecalibrator - HTSJDK Defaults.USE_ASYNC_IO_READ_FOR_SAMTOOLS : false
16:03:27.142 INFO  BaseRecalibrator - HTSJDK Defaults.USE_ASYNC_IO_WRITE_FOR_SAMTOOLS : true
16:03:27.143 INFO  BaseRecalibrator - HTSJDK Defaults.USE_ASYNC_IO_WRITE_FOR_TRIBBLE : false
16:03:27.143 INFO  BaseRecalibrator - Deflater: IntelDeflater
16:03:27.143 INFO  BaseRecalibrator - Inflater: IntelInflater
16:03:27.143 INFO  BaseRecalibrator - GCS max retries/reopens: 20
16:03:27.143 INFO  BaseRecalibrator - Requester pays: disabled
16:03:27.143 INFO  BaseRecalibrator - Initializing engine
16:03:27.338 INFO  FeatureManager - Using codec VCFCodec to read file file:///home/turing-agents/Documents/fast-gatk/public_pipeline/1000G.phase3.chr20.full.vcf.gz
16:03:28.449 INFO  FeatureManager - Using codec VCFCodec to read file file:///home/turing-agents/Documents/fast-gatk/testdata/real/mills_indels/Mills_and_1000G_gold_standard.indels.b37.sites.chr20.vcf.gz
16:03:28.474 INFO  BaseRecalibrator - Done initializing engine
16:03:28.478 INFO  BaseRecalibrationEngine - The covariates being used here: 
16:03:28.479 INFO  BaseRecalibrationEngine - 	ReadGroupCovariate
16:03:28.479 INFO  BaseRecalibrationEngine - 	QualityScoreCovariate
16:03:28.479 INFO  BaseRecalibrationEngine - 	ContextCovariate
16:03:28.479 INFO  BaseRecalibrationEngine - 	CycleCovariate
16:03:28.491 INFO  ProgressMeter - Starting traversal
16:03:28.491 INFO  ProgressMeter -        Current Locus  Elapsed Minutes       Reads Processed     Reads/Minute
16:03:38.724 INFO  ProgressMeter -            20:537546              0.2                 24000         140776.2
16:03:48.956 INFO  ProgressMeter -           20:1156122              0.3                 54000         158319.1
16:03:59.287 INFO  ProgressMeter -           20:1846624              0.5                 88000         171450.8
16:04:09.290 INFO  ProgressMeter -           20:2469560              0.7                119000         175017.2
16:04:19.432 INFO  ProgressMeter -           20:3159960              0.8                152000         179030.6
16:04:29.570 INFO  ProgressMeter -           20:3835871              1.0                185000         181731.9
16:04:39.849 INFO  ProgressMeter -           20:4509455              1.2                219000         184141.9
16:04:49.918 INFO  ProgressMeter -           20:5139789              1.4                251000         184950.9
16:05:00.140 INFO  ProgressMeter -           20:5787102              1.5                285000         186581.4
16:05:10.195 INFO  ProgressMeter -           20:6442832              1.7                320000         188785.0
16:05:20.286 INFO  ProgressMeter -           20:7091293              1.9                355000         190527.3
16:05:30.474 INFO  ProgressMeter -           20:7730524              2.0                389000         191338.1
16:05:40.648 INFO  ProgressMeter -           20:8417432              2.2                425000         192952.3
16:05:50.810 INFO  ProgressMeter -           20:9140183              2.4                463000         195195.3
16:06:00.838 INFO  ProgressMeter -           20:9838629              2.5                500000         196920.2
16:06:10.983 INFO  ProgressMeter -          20:10521842              2.7                536000         197918.7
16:06:21.116 INFO  ProgressMeter -          20:11196768              2.9                572000         198812.5
16:06:31.154 INFO  ProgressMeter -          20:11861745              3.0                607000         199383.6
16:06:41.338 INFO  ProgressMeter -          20:12484404              3.2                640000         199121.6
16:06:51.371 INFO  ProgressMeter -          20:13081482              3.4                671000         198442.4
16:07:01.405 INFO  ProgressMeter -          20:13813342              3.5                710000         200080.8
16:07:11.424 INFO  ProgressMeter -          20:14572967              3.7                751000         202124.4
16:07:21.592 INFO  ProgressMeter -          20:15242575              3.9                786000         202315.7
16:07:31.600 INFO  ProgressMeter -          20:15896723              4.1                821000         202625.2
16:07:41.700 INFO  ProgressMeter -          20:16552050              4.2                855000         202599.4
16:07:51.728 INFO  ProgressMeter -          20:17156997              4.4                887000         202175.2
16:08:01.971 INFO  ProgressMeter -          20:17796919              4.6                920000         201842.9
16:08:12.139 INFO  ProgressMeter -          20:18447880              4.7                953000         201589.3
16:08:22.263 INFO  ProgressMeter -          20:19113501              4.9                987000         201585.6
16:08:32.369 INFO  ProgressMeter -          20:19771602              5.1               1021000         201594.1
16:08:42.554 INFO  ProgressMeter -          20:20428354              5.2               1055000         201551.9
16:08:52.740 INFO  ProgressMeter -          20:21152352              5.4               1093000         202252.0
16:09:02.964 INFO  ProgressMeter -          20:21874373              5.6               1130000         202706.9
16:09:13.267 INFO  ProgressMeter -          20:22508257              5.7               1163000         202392.9
16:09:23.563 INFO  ProgressMeter -          20:23098935              5.9               1193000         201593.5
16:09:33.648 INFO  ProgressMeter -          20:23707454              6.1               1223000         200954.7
16:09:43.655 INFO  ProgressMeter -          20:24203657              6.3               1248000         199592.7
16:09:54.101 INFO  ProgressMeter -          20:24806800              6.4               1278000         198854.3
16:10:04.166 INFO  ProgressMeter -          20:25419737              6.6               1308000         198345.1
16:10:14.176 INFO  ProgressMeter -          20:26249202              6.8               1342000         198479.1
16:10:24.356 INFO  ProgressMeter -          20:29997387              6.9               1369000         197516.5
16:10:34.613 INFO  ProgressMeter -          20:30732142              7.1               1405000         197830.7
16:10:44.920 INFO  ProgressMeter -          20:31470610              7.3               1440000         197970.3
16:10:55.018 INFO  ProgressMeter -          20:32133652              7.4               1472000         197793.6
16:11:05.238 INFO  ProgressMeter -          20:32883167              7.6               1509000         198227.9
16:11:15.419 INFO  ProgressMeter -          20:33663206              7.8               1548000         198917.6
16:11:25.434 INFO  ProgressMeter -          20:34378929              7.9               1583000         199143.7
16:11:35.706 INFO  ProgressMeter -          20:35196656              8.1               1620000         199501.2
16:11:45.885 INFO  ProgressMeter -          20:35952821              8.3               1656000         199761.6
16:11:55.959 INFO  ProgressMeter -          20:36603845              8.5               1688000         199579.1
16:12:06.008 INFO  ProgressMeter -          20:37275314              8.6               1721000         199530.1
16:12:16.148 INFO  ProgressMeter -          20:38005746              8.8               1758000         199902.6
16:12:26.152 INFO  ProgressMeter -          20:38695268              9.0               1795000         200312.1
16:12:36.404 INFO  ProgressMeter -          20:39377515              9.1               1831000         200506.3
16:12:46.609 INFO  ProgressMeter -          20:40053625              9.3               1866000         200603.1
16:12:56.872 INFO  ProgressMeter -          20:40699086              9.5               1900000         200569.7
16:13:06.976 INFO  ProgressMeter -          20:41312695              9.6               1932000         200385.5
16:13:17.247 INFO  ProgressMeter -          20:41957646              9.8               1965000         200252.7
16:13:27.437 INFO  ProgressMeter -          20:42597771             10.0               1996000         199951.6
16:13:37.487 INFO  ProgressMeter -          20:43256042             10.1               2028000         199804.3
16:13:47.773 INFO  ProgressMeter -          20:43985089             10.3               2065000         200070.7
16:13:58.114 INFO  ProgressMeter -          20:44691459             10.5               2101000         200215.0
16:14:08.376 INFO  ProgressMeter -          20:45404532             10.7               2136000         200286.3
16:14:18.447 INFO  ProgressMeter -          20:46049587             10.8               2169000         200228.9
16:14:28.510 INFO  ProgressMeter -          20:46710256             11.0               2201000         200085.1
16:14:38.517 INFO  ProgressMeter -          20:47302289             11.2               2230000         199694.0
16:14:48.655 INFO  ProgressMeter -          20:48018679             11.3               2266000         199893.0
16:14:58.849 INFO  ProgressMeter -          20:48696747             11.5               2299000         199809.4
16:15:09.062 INFO  ProgressMeter -          20:49372802             11.7               2332000         199722.8
16:15:19.273 INFO  ProgressMeter -          20:50020496             11.8               2364000         199554.9
16:15:29.570 INFO  ProgressMeter -          20:50674862             12.0               2395000         199284.7
16:15:39.589 INFO  ProgressMeter -          20:51393417             12.2               2433000         199672.5
16:15:49.886 INFO  ProgressMeter -          20:52035530             12.4               2468000         199731.6
16:15:59.889 INFO  ProgressMeter -          20:52683359             12.5               2500000         199628.4
16:16:10.189 INFO  ProgressMeter -          20:53339619             12.7               2536000         199764.2
16:16:20.318 INFO  ProgressMeter -          20:53951448             12.9               2569000         199708.0
16:16:30.603 INFO  ProgressMeter -          20:54570969             13.0               2602000         199613.4
16:16:40.647 INFO  ProgressMeter -          20:55228140             13.2               2636000         199657.6
16:16:50.885 INFO  ProgressMeter -          20:55855156             13.4               2667000         199428.2
16:17:00.935 INFO  ProgressMeter -          20:56440679             13.5               2695000         199029.3
16:17:11.047 INFO  ProgressMeter -          20:57067726             13.7               2727000         198916.5
16:17:21.184 INFO  ProgressMeter -          20:57761628             13.9               2761000         198944.9
16:17:31.500 INFO  ProgressMeter -          20:58405591             14.1               2793000         198787.9
16:17:41.781 INFO  ProgressMeter -          20:59052092             14.2               2826000         198713.4
16:17:51.880 INFO  ProgressMeter -          20:59632900             14.4               2856000         198473.7
16:18:02.082 INFO  ProgressMeter -          20:60205498             14.6               2883000         198010.7
16:18:12.536 INFO  ProgressMeter -          20:60759094             14.7               2907000         197297.6
16:18:22.848 INFO  ProgressMeter -          20:61407616             14.9               2929000         196498.7
16:18:33.205 INFO  ProgressMeter -          20:61978350             15.1               2952000         195774.6
16:18:43.400 INFO  ProgressMeter -          20:62531388             15.2               2973000         194970.2
16:18:49.867 INFO  BaseRecalibrator - 52435 read(s) filtered by: MappingQualityNotZeroReadFilter 
0 read(s) filtered by: MappingQualityAvailableReadFilter 
0 read(s) filtered by: MappedReadFilter 
0 read(s) filtered by: NotSecondaryAlignmentReadFilter 
202423 read(s) filtered by: NotDuplicateReadFilter 
0 read(s) filtered by: PassesVendorQualityCheckReadFilter 
0 read(s) filtered by: WellformedReadFilter 
254858 total reads filtered out of 3245545 reads processed
16:18:49.867 INFO  ProgressMeter -          20:62946651             15.4               2990687         194753.5
16:18:49.867 INFO  ProgressMeter - Traversal complete. Processed 2990687 total reads in 15.4 minutes.
16:18:49.877 INFO  BaseRecalibrator - Calculating quantized quality scores...
16:18:49.908 INFO  BaseRecalibrator - Writing recalibration report...
16:18:51.516 INFO  BaseRecalibrator - ...done!
16:18:51.518 INFO  BaseRecalibrator - BaseRecalibrator was able to recalibrate 2990687 reads
16:18:51.518 INFO  BaseRecalibrator - Shutting down engine
[2026年9月19日 CST 下午4:18:51] org.broadinstitute.hellbender.tools.walkers.bqsr.BaseRecalibrator done. Elapsed time: 15.47 minutes.
Runtime.totalMemory()=1461780480
