16:23:27.295 INFO  NativeLibraryLoader - Loading libgkl_compression.so from jar:file:/home/turing-agents/Documents/fast-gatk/third_party/gatk-package/gatk-4.6.2.0/gatk-package-4.6.2.0-local.jar!/com/intel/gkl/native/libgkl_compression.so
16:23:31.459 INFO  GenotypeGVCFs - ------------------------------------------------------------
16:23:31.460 INFO  GenotypeGVCFs - The Genome Analysis Toolkit (GATK) v4.6.2.0
16:23:31.460 INFO  GenotypeGVCFs - For support and documentation go to https://software.broadinstitute.org/gatk/
16:23:31.460 INFO  GenotypeGVCFs - Executing as turing-agents@turing-agents-MotherBoard-Series on Linux v7.0.0-31-generic amd64
16:23:31.461 INFO  GenotypeGVCFs - Java runtime: OpenJDK 64-Bit Server VM v17.0.20+8
16:23:31.463 INFO  GenotypeGVCFs - Start Date/Time: 2026年9月19日 CST 下午4:23:27
16:23:31.463 INFO  GenotypeGVCFs - ------------------------------------------------------------
16:23:31.463 INFO  GenotypeGVCFs - ------------------------------------------------------------
16:23:31.464 INFO  GenotypeGVCFs - HTSJDK Version: 4.2.0
16:23:31.464 INFO  GenotypeGVCFs - Picard Version: 3.4.0
16:23:31.464 INFO  GenotypeGVCFs - Built for Spark Version: 3.5.0
16:23:31.468 INFO  GenotypeGVCFs - HTSJDK Defaults.COMPRESSION_LEVEL : 2
16:23:31.470 INFO  GenotypeGVCFs - HTSJDK Defaults.USE_ASYNC_IO_READ_FOR_SAMTOOLS : false
16:23:31.470 INFO  GenotypeGVCFs - HTSJDK Defaults.USE_ASYNC_IO_WRITE_FOR_SAMTOOLS : true
16:23:31.470 INFO  GenotypeGVCFs - HTSJDK Defaults.USE_ASYNC_IO_WRITE_FOR_TRIBBLE : false
16:23:31.470 INFO  GenotypeGVCFs - Deflater: IntelDeflater
16:23:31.470 INFO  GenotypeGVCFs - Inflater: IntelInflater
16:23:31.471 INFO  GenotypeGVCFs - GCS max retries/reopens: 20
16:23:31.471 INFO  GenotypeGVCFs - Requester pays: disabled
16:23:31.471 INFO  GenotypeGVCFs - Initializing engine
16:23:31.608 INFO  FeatureManager - Using codec VCFCodec to read file file:///home/turing-agents/Documents/fast-gatk/public_pipeline/full_chr20/fair/gatk/full.g.vcf.gz
16:23:32.737 INFO  GenotypeGVCFs - Done initializing engine
16:23:32.795 INFO  ProgressMeter - Starting traversal
16:23:32.795 INFO  ProgressMeter -        Current Locus  Elapsed Minutes    Variants Processed  Variants/Minute
16:23:32.894 WARN  ReferenceConfidenceVariantContextMerger - Detected invalid annotations: When trying to merge variant contexts at location 20:61795 the annotation MLEAC=[1, 0] was not a numerical value and was ignored
16:23:32.946 WARN  InbreedingCoeff - InbreedingCoeff will not be calculated at position 20:61795 and possibly subsequent; at least 10 samples must have called genotypes
16:23:42.798 INFO  ProgressMeter -          20:10887925              0.2               1115000        6688662.3
16:23:52.798 INFO  ProgressMeter -          20:44355720              0.3               4169000       12505124.2
16:23:58.550 INFO  ProgressMeter -          20:62956049              0.4               6013696       14010319.2
16:23:58.550 INFO  ProgressMeter - Traversal complete. Processed 6013696 total variants in 0.4 minutes.
16:23:58.557 INFO  GenotypeGVCFs - Shutting down engine
[2026年9月19日 CST 下午4:23:58] org.broadinstitute.hellbender.tools.walkers.GenotypeGVCFs done. Elapsed time: 0.52 minutes.
Runtime.totalMemory()=1461780480
