16:19:37.556 INFO  NativeLibraryLoader - Loading libgkl_compression.so from jar:file:/home/turing-agents/Documents/fast-gatk/third_party/gatk-package/gatk-4.6.2.0/gatk-package-4.6.2.0-local.jar!/com/intel/gkl/native/libgkl_compression.so
16:19:41.665 INFO  HaplotypeCaller - ------------------------------------------------------------
16:19:41.667 INFO  HaplotypeCaller - The Genome Analysis Toolkit (GATK) v4.6.2.0
16:19:41.667 INFO  HaplotypeCaller - For support and documentation go to https://software.broadinstitute.org/gatk/
16:19:41.669 INFO  HaplotypeCaller - Executing as turing-agents@turing-agents-MotherBoard-Series on Linux v7.0.0-31-generic amd64
16:19:41.669 INFO  HaplotypeCaller - Java runtime: OpenJDK 64-Bit Server VM v17.0.20+8
16:19:41.669 INFO  HaplotypeCaller - Start Date/Time: 2026年9月19日 CST 下午4:19:37
16:19:41.669 INFO  HaplotypeCaller - ------------------------------------------------------------
16:19:41.670 INFO  HaplotypeCaller - ------------------------------------------------------------
16:19:41.670 INFO  HaplotypeCaller - HTSJDK Version: 4.2.0
16:19:41.670 INFO  HaplotypeCaller - Picard Version: 3.4.0
16:19:41.670 INFO  HaplotypeCaller - Built for Spark Version: 3.5.0
16:19:41.671 INFO  HaplotypeCaller - HTSJDK Defaults.COMPRESSION_LEVEL : 2
16:19:41.671 INFO  HaplotypeCaller - HTSJDK Defaults.USE_ASYNC_IO_READ_FOR_SAMTOOLS : false
16:19:41.671 INFO  HaplotypeCaller - HTSJDK Defaults.USE_ASYNC_IO_WRITE_FOR_SAMTOOLS : true
16:19:41.671 INFO  HaplotypeCaller - HTSJDK Defaults.USE_ASYNC_IO_WRITE_FOR_TRIBBLE : false
16:19:41.671 INFO  HaplotypeCaller - Deflater: IntelDeflater
16:19:41.671 INFO  HaplotypeCaller - Inflater: IntelInflater
16:19:41.672 INFO  HaplotypeCaller - GCS max retries/reopens: 20
16:19:41.672 INFO  HaplotypeCaller - Requester pays: disabled
16:19:41.672 INFO  HaplotypeCaller - Initializing engine
16:19:41.818 INFO  IntervalArgumentCollection - Processing 63025520 bp from intervals
16:19:41.822 INFO  HaplotypeCaller - Done initializing engine
16:19:41.827 INFO  HaplotypeCallerEngine - Tool is in reference confidence mode and the annotation, the following changes will be made to any specified annotations: 'StrandBiasBySample' will be enabled. 'ChromosomeCounts', 'FisherStrand', 'StrandOddsRatio' and 'QualByDepth' annotations have been disabled
16:19:41.854 INFO  NativeLibraryLoader - Loading libgkl_utils.so from jar:file:/home/turing-agents/Documents/fast-gatk/third_party/gatk-package/gatk-4.6.2.0/gatk-package-4.6.2.0-local.jar!/com/intel/gkl/native/libgkl_utils.so
16:19:41.855 INFO  NativeLibraryLoader - Loading libgkl_smithwaterman.so from jar:file:/home/turing-agents/Documents/fast-gatk/third_party/gatk-package/gatk-4.6.2.0/gatk-package-4.6.2.0-local.jar!/com/intel/gkl/native/libgkl_smithwaterman.so
16:19:41.860 INFO  IntelSmithWaterman - Using CPU-supported AVX-512 instructions
16:19:41.860 INFO  SmithWatermanAligner - Using AVX accelerated SmithWaterman implementation
16:19:41.862 INFO  HaplotypeCallerEngine - Standard Emitting and Calling confidence set to -0.0 for reference-model confidence output
16:19:41.863 INFO  HaplotypeCallerEngine - All sites annotated with PLs forced to true for reference-model confidence output
16:19:41.873 INFO  NativeLibraryLoader - Loading libgkl_pairhmm_omp.so from jar:file:/home/turing-agents/Documents/fast-gatk/third_party/gatk-package/gatk-4.6.2.0/gatk-package-4.6.2.0-local.jar!/com/intel/gkl/native/libgkl_pairhmm_omp.so
16:19:41.880 INFO  IntelPairHmm - Using CPU-supported AVX-512 instructions
16:19:41.880 INFO  IntelPairHmm - Flush-to-zero (FTZ) is enabled when running PairHMM
16:19:41.881 INFO  IntelPairHmm - Available threads: 1
16:19:41.881 INFO  IntelPairHmm - Requested threads: 4
16:19:41.881 WARN  IntelPairHmm - Using 1 available threads, but 4 were requested
16:19:41.881 INFO  PairHMM - Using the OpenMP multi-threaded AVX-accelerated native PairHMM implementation
16:19:41.975 INFO  ProgressMeter - Starting traversal
16:19:41.976 INFO  ProgressMeter -        Current Locus  Elapsed Minutes     Regions Processed   Regions/Minute
16:19:42.947 WARN  InbreedingCoeff - InbreedingCoeff will not be calculated at position 20:61795 and possibly subsequent; at least 10 samples must have called genotypes
16:19:49.164 WARN  DepthPerSampleHC - org.broadinstitute.hellbender.tools.walkers.annotator.DepthPerSampleHC$$Lambda$575/0x000078605163e000@3c0f1d14
16:19:49.168 WARN  StrandBiasBySample - org.broadinstitute.hellbender.tools.walkers.annotator.StrandBiasBySample$$Lambda$576/0x000078605163e228@59797b93
16:19:51.983 INFO  ProgressMeter -            20:654629              0.2                  3070          18414.5
16:20:02.001 INFO  ProgressMeter -           20:1663502              0.3                  8390          25139.8
16:20:12.010 INFO  ProgressMeter -           20:3970255              0.5                 19980          39916.1
16:20:22.015 INFO  ProgressMeter -           20:6164218              0.7                 31440          47115.2
16:20:32.017 INFO  ProgressMeter -           20:8308924              0.8                 42260          50671.5
16:20:42.021 INFO  ProgressMeter -          20:10751249              1.0                 54360          54320.2
16:20:52.021 INFO  ProgressMeter -          20:13436395              1.2                 67550          57863.6
16:21:02.022 INFO  ProgressMeter -          20:16108009              1.3                 81090          60783.3
16:21:12.029 INFO  ProgressMeter -          20:18517853              1.5                 93680          62417.3
16:21:22.033 INFO  ProgressMeter -          20:21583211              1.7                108540          65087.6
16:21:32.037 INFO  ProgressMeter -          20:24372232              1.8                122320          66683.6
16:21:42.040 INFO  ProgressMeter -          20:30455848              2.0                146670          73296.5
16:21:52.044 INFO  ProgressMeter -          20:34217533              2.2                163800          75561.1
16:22:02.047 INFO  ProgressMeter -          20:38029215              2.3                180820          77455.6
16:22:12.054 INFO  ProgressMeter -          20:41286611              2.5                195690          78235.8
16:22:22.057 INFO  ProgressMeter -          20:44590084              2.7                211430          79246.6
16:22:32.059 INFO  ProgressMeter -          20:47555030              2.8                226080          79754.9
16:22:42.059 INFO  ProgressMeter -          20:50726955              3.0                241730          80540.4
16:22:52.065 INFO  ProgressMeter -          20:53286617              3.2                254750          80410.1
16:23:02.067 INFO  ProgressMeter -          20:55963831              3.3                268390          80480.8
16:23:12.069 INFO  ProgressMeter -          20:58954282              3.5                282910          80796.4
16:23:22.072 INFO  ProgressMeter -          20:61852836              3.7                297800          81183.1
16:23:25.255 INFO  HaplotypeCaller - 97852 read(s) filtered by: MappingQualityReadFilter 
0 read(s) filtered by: MappingQualityAvailableReadFilter 
0 read(s) filtered by: MappedReadFilter 
0 read(s) filtered by: NotSecondaryAlignmentReadFilter 
194021 read(s) filtered by: NotDuplicateReadFilter 
0 read(s) filtered by: PassesVendorQualityCheckReadFilter 
0 read(s) filtered by: NonZeroReferenceLengthAlignmentReadFilter 
0 read(s) filtered by: GoodCigarReadFilter 
0 read(s) filtered by: WellformedReadFilter 
291873 total reads filtered out of 3245545 reads processed
16:23:25.255 INFO  ProgressMeter -          20:63023229              3.7                303447          81543.3
16:23:25.255 INFO  ProgressMeter - Traversal complete. Processed 303447 total regions in 3.7 minutes.
16:23:25.274 INFO  VectorLoglessPairHMM - Time spent in setup for JNI call : 0.10207672400000001
16:23:25.275 INFO  PairHMM - Total compute time in PairHMM computeLogLikelihoods() : 4.460921824000001
16:23:25.275 INFO  SmithWatermanAligner - Total compute time in native Smith-Waterman : 9.48 sec
16:23:25.275 INFO  HaplotypeCaller - Shutting down engine
[2026年9月19日 CST 下午4:23:25] org.broadinstitute.hellbender.tools.walkers.haplotypecaller.HaplotypeCaller done. Elapsed time: 3.80 minutes.
Runtime.totalMemory()=1461780480
