# stage A: 60 loci; GATK exit=0 native exit=0
               locus  POS input                      GATK                       NATIVE                     model                      verdict
             L2-run0   12 TC/TG,<NON_REF>             TC/TG                      TC/TG                      TC/TG                      EQUAL
             L2-run1   24 TC/AC,<NON_REF>             T/A                        T/A                        T/A                        EQUAL
             L2-del1   36 TC/T,<NON_REF>              TC/T                       TC/T                       TC/T                       EQUAL
              L2-snp   48 TC/T,<NON_REF>              TC/T                       TC/T                       TC/T                       EQUAL
       L2-ins-repeat   60 TC/TCC,<NON_REF>            T/TC                       T/TC                       T/TC                       EQUAL
         L2-ins-diff   72 TC/TCG,<NON_REF>            TC/TCG                     TC/TCG                     TC/TCG                     EQUAL
       L2-ins-shared   84 TC/TCTC,<NON_REF>           T/TCT                      T/TCT                      T/TCT                      EQUAL
             L3-run0   96 TGC/TGG,<NON_REF>            TGC/TGG                    TGC/TGG                    TGC/TGG                    EQUAL
             L3-run1  108 TGC/TTC,<NON_REF>            TG/TT                      TG/TT                      TG/TT                      EQUAL
             L3-run2  120 TGC/AGC,<NON_REF>            T/A                        T/A                        T/A                        EQUAL
             L3-del1  132 TGC/TG,<NON_REF>             TGC/TG                     TGC/TG                     TGC/TG                     EQUAL
             L3-del2  144 TGC/T,<NON_REF>              TGC/T                      TGC/T                      TGC/T                      EQUAL
              L3-snp  156 TGC/T,<NON_REF>              TGC/T                      TGC/T                      TGC/T                      EQUAL
       L3-ins-repeat  168 TGC/TGCC,<NON_REF>           TG/TGC                     TG/TGC                     TG/TGC                     EQUAL
         L3-ins-diff  180 TGC/TGCG,<NON_REF>           TGC/TGCG                   TGC/TGCG                   TGC/TGCG                   EQUAL
       L3-ins-shared  192 TGC/TGCGC,<NON_REF>          T/TGC                      T/TGC                      T/TGC                      EQUAL
             L4-run0  204 GTTG/GTTT,<NON_REF>           GTTG/GTTT                  GTTG/GTTT                  GTTG/GTTT                  EQUAL
             L4-run1  216 GTTG/GTAG,<NON_REF>           GTT/GTA                    GTT/GTA                    GTT/GTA                    EQUAL
             L4-run2  228 GTTG/GATG,<NON_REF>           GT/GA                      GT/GA                      GT/GA                      EQUAL
             L4-run3  240 GTTG/TTTG,<NON_REF>           G/T                        G/T                        G/T                        EQUAL
             L4-del1  252 GTTG/GTT,<NON_REF>            GTTG/GTT                   GTTG/GTT                   GTTG/GTT                   EQUAL
             L4-del2  264 GTTG/GT,<NON_REF>             GTTG/GT                    GTTG/GT                    GTTG/GT                    EQUAL
             L4-del3  276 GTTG/G,<NON_REF>              GTTG/G                     GTTG/G                     GTTG/G                     EQUAL
              L4-snp  288 GTTG/G,<NON_REF>              GTTG/G                     GTTG/G                     GTTG/G                     EQUAL
       L4-ins-repeat  300 GTTG/GTTGG,<NON_REF>          GTT/GTTG                   GTT/GTTG                   GTT/GTTG                   EQUAL
         L4-ins-diff  312 GTTG/GTTGT,<NON_REF>          GTTG/GTTGT                 GTTG/GTTGT                 GTTG/GTTGT                 EQUAL
       L4-ins-shared  324 GTTG/GTTGTG,<NON_REF>         GT/GTTG                    GT/GTTG                    GT/GTTG                    EQUAL
             L5-run0  336 ACGTT/ACGTA,<NON_REF>          ACGTT/ACGTA                ACGTT/ACGTA                ACGTT/ACGTA                EQUAL
             L5-run1  348 ACGTT/ACGAT,<NON_REF>          ACGT/ACGA                  ACGT/ACGA                  ACGT/ACGA                  EQUAL
             L5-run2  360 ACGTT/ACTTT,<NON_REF>          ACG/ACT                    ACG/ACT                    ACG/ACT                    EQUAL
             L5-run3  372 ACGTT/AGGTT,<NON_REF>          AC/AG                      AC/AG                      AC/AG                      EQUAL
             L5-del1  384 ACGTT/ACGT,<NON_REF>           ACGT/ACG                   ACGT/ACG                   ACGT/ACG                   EQUAL
             L5-del2  396 ACGTT/ACG,<NON_REF>            ACGTT/ACG                  ACGTT/ACG                  ACGTT/ACG                  EQUAL
             L5-del3  408 ACGTT/AC,<NON_REF>             ACGTT/AC                   ACGTT/AC                   ACGTT/AC                   EQUAL
              L5-snp  420 ACGTT/A,<NON_REF>              ACGTT/A                    ACGTT/A                    ACGTT/A                    EQUAL
       L5-ins-repeat  432 ACGTT/ACGTTT,<NON_REF>         ACG/ACGT                   ACG/ACGT                   ACG/ACGT                   EQUAL
         L5-ins-diff  444 ACGTT/ACGTTA,<NON_REF>         ACGTT/ACGTTA               ACGTT/ACGTTA               ACGTT/ACGTTA               EQUAL
       L5-ins-shared  456 ACGTT/ACGTTTT,<NON_REF>        ACG/ACGTT                  ACG/ACGTT                  ACG/ACGTT                  EQUAL
             L6-run0  468 CGACGT/CGACGA,<NON_REF>         CGACGT/CGACGA              CGACGT/CGACGA              CGACGT/CGACGA              EQUAL
             L6-run1  480 CGACGT/CGACTT,<NON_REF>         CGACG/CGACT                CGACG/CGACT                CGACG/CGACT                EQUAL
             L6-run2  492 CGACGT/CGAGGT,<NON_REF>         CGAC/CGAG                  CGAC/CGAG                  CGAC/CGAG                  EQUAL
             L6-run3  504 CGACGT/CGCCGT,<NON_REF>         CGA/CGC                    CGA/CGC                    CGA/CGC                    EQUAL
             L6-del1  516 CGACGT/CGACG,<NON_REF>          CGACGT/CGACG               CGACGT/CGACG               CGACGT/CGACG               EQUAL
             L6-del2  528 CGACGT/CGAC,<NON_REF>           CGACGT/CGAC                CGACGT/CGAC                CGACGT/CGAC                EQUAL
             L6-del3  540 CGACGT/CGA,<NON_REF>            CGACGT/CGA                 CGACGT/CGA                 CGACGT/CGA                 EQUAL
              L6-snp  552 CGACGT/C,<NON_REF>              CGACGT/C                   CGACGT/C                   CGACGT/C                   EQUAL
       L6-ins-repeat  564 CGACGT/CGACGTT,<NON_REF>        CGACG/CGACGT               CGACG/CGACGT               CGACG/CGACGT               EQUAL
         L6-ins-diff  576 CGACGT/CGACGTA,<NON_REF>        CGACGT/CGACGTA             CGACGT/CGACGTA             CGACGT/CGACGTA             EQUAL
       L6-ins-shared  588 CGACGT/CGACGTGT,<NON_REF>       CGAC/CGACGT                CGAC/CGACGT                CGAC/CGACGT                EQUAL
             L7-run0  600 ATCGACG/ATCGACT,<NON_REF>        ATCGACG/ATCGACT            ATCGACG/ATCGACT            ATCGACG/ATCGACT            EQUAL
             L7-run1  612 ATCGACG/ATCGAGG,<NON_REF>        ATCGAC/ATCGAG              ATCGAC/ATCGAG              ATCGAC/ATCGAG              EQUAL
             L7-run2  624 ATCGACG/ATCGCCG,<NON_REF>        ATCGA/ATCGC                ATCGA/ATCGC                ATCGA/ATCGC                EQUAL
             L7-run3  636 ATCGACG/ATCTACG,<NON_REF>        ATCG/ATCT                  ATCG/ATCT                  ATCG/ATCT                  EQUAL
             L7-del1  648 ATCGACG/ATCGAC,<NON_REF>         ATCGACG/ATCGAC             ATCGACG/ATCGAC             ATCGACG/ATCGAC             EQUAL
             L7-del2  660 ATCGACG/ATCGA,<NON_REF>          ATCGACG/ATCGA              ATCGACG/ATCGA              ATCGACG/ATCGA              EQUAL
             L7-del3  672 ATCGACG/ATCG,<NON_REF>           ATCGA/AT                   ATCGA/AT                   ATCGA/AT                   EQUAL
              L7-snp  684 ATCGACG/A,<NON_REF>              ATCGACG/A                  ATCGACG/A                  ATCGACG/A                  EQUAL
       L7-ins-repeat  696 ATCGACG/ATCGACGG,<NON_REF>       ATCGAC/ATCGACG             ATCGAC/ATCGACG             ATCGAC/ATCGACG             EQUAL
         L7-ins-diff  708 ATCGACG/ATCGACGT,<NON_REF>       ATCGACG/ATCGACGT           ATCGACG/ATCGACGT           ATCGACG/ATCGACGT           EQUAL
       L7-ins-shared  720 ATCGACG/ATCGACGCG,<NON_REF>      ATCGA/ATCGACG              ATCGA/ATCGACG              ATCGA/ATCGACG              EQUAL
# stage A: 60 loci, 0 not EQUAL, 0 where the model disagrees with GATK
