# stage B: 44 loci; GATK exit=0 native exit=0
               locus  POS input                      GATK                       NATIVE                     model                      verdict
             L4-run0   12 TCGT/TCGA,TGGT,<NON_REF>      TCGT/TCGA,TGGT             TCGT/TCGA,TGGT             TCGT/TCGA/TGGT             DIFFER
        GATK   row: chr1	12	.	TCGT	TCGA,TGGT	83.10	.	AC=1,1;AF=0.500,0.500;AN=2;DP=20;ExcessHet=0.0000;MLEAC=1,1;MLEAF=0.500,0.500;QD=4.15	GT:AD:DP:GQ:PL	1/2:0,10,10:20:99:100,100,100,100,0,100
        native row: chr1	12	.	TCGT	TCGA,TGGT	83.10	.	AC=1,1;AF=0.500,0.500;AN=2;DP=20;ExcessHet=0.0000;MLEAC=1,1;MLEAF=0.500,0.500;QD=4.16	GT:AD:DP:GQ:PL	1/2:0,10,10:20:99:100,100,100,100,0,100
             L4-run1   24 TCGT/TCTT,TGGT,<NON_REF>      TCG/TCT,TGG                TCG/TCT,TGG                TCG/TCT/TGG                DIFFER
        GATK   row: chr1	24	.	TCG	TCT,TGG	83.10	.	AC=1,1;AF=0.500,0.500;AN=2;DP=20;ExcessHet=0.0000;MLEAC=1,1;MLEAF=0.500,0.500;QD=4.15	GT:AD:DP:GQ:PL	1/2:0,10,10:20:99:100,100,100,100,0,100
        native row: chr1	24	.	TCG	TCT,TGG	83.10	.	AC=1,1;AF=0.500,0.500;AN=2;DP=20;ExcessHet=0.0000;MLEAC=1,1;MLEAF=0.500,0.500;QD=4.16	GT:AD:DP:GQ:PL	1/2:0,10,10:20:99:100,100,100,100,0,100
             L4-run2   36 TCGT/TGGT,TCTT,<NON_REF>      TCG/TGG,TCT                TCG/TGG,TCT                TCG/TGG/TCT                DIFFER
        GATK   row: chr1	36	.	TCG	TGG,TCT	83.10	.	AC=1,1;AF=0.500,0.500;AN=2;DP=20;ExcessHet=0.0000;MLEAC=1,1;MLEAF=0.500,0.500;QD=4.15	GT:AD:DP:GQ:PL	1/2:0,10,10:20:99:100,100,100,100,0,100
        native row: chr1	36	.	TCG	TGG,TCT	83.10	.	AC=1,1;AF=0.500,0.500;AN=2;DP=20;ExcessHet=0.0000;MLEAC=1,1;MLEAF=0.500,0.500;QD=4.16	GT:AD:DP:GQ:PL	1/2:0,10,10:20:99:100,100,100,100,0,100
             L4-run3   48 TCGT/ACGT,TGGT,<NON_REF>      TC/AC,TG                   TC/AC,TG                   TC/AC/TG                   DIFFER
        GATK   row: chr1	48	.	TC	AC,TG	83.10	.	AC=1,1;AF=0.500,0.500;AN=2;DP=20;ExcessHet=0.0000;MLEAC=1,1;MLEAF=0.500,0.500;QD=4.15	GT:AD:DP:GQ:PL	1/2:0,10,10:20:99:100,100,100,100,0,100
        native row: chr1	48	.	TC	AC,TG	83.10	.	AC=1,1;AF=0.500,0.500;AN=2;DP=20;ExcessHet=0.0000;MLEAC=1,1;MLEAF=0.500,0.500;QD=4.16	GT:AD:DP:GQ:PL	1/2:0,10,10:20:99:100,100,100,100,0,100
             L4-del1   60 TCGT/TCG,TGGT,<NON_REF>       TCGT/TCG,TGGT              TCGT/TCG,TGGT              TCGT/TCG/TGGT              EQUAL
             L4-del2   72 TCGT/TC,TGGT,<NON_REF>        TCGT/TC,TGGT               TCGT/TC,TGGT               TCGT/TC/TGGT               EQUAL
             L4-del3   84 TCGT/T,TGGT,<NON_REF>         TCGT/T,TGGT                TCGT/T,TGGT                TCGT/T/TGGT                EQUAL
              L4-snp   96 TCGT/T,TGGT,<NON_REF>         TCGT/T,TGGT                TCGT/T,TGGT                TCGT/T/TGGT                EQUAL
       L4-ins-repeat  108 TCGT/TCGTT,TGGT,<NON_REF>     TCG/TCGT,TGG               TCG/TCGT,TGG               TCG/TCGT/TGG               EQUAL
         L4-ins-diff  120 TCGT/TCGTA,TGGT,<NON_REF>     TCGT/TCGTA,TGGT            TCGT/TCGTA,TGGT            TCGT/TCGTA/TGGT            EQUAL
       L4-ins-shared  132 TCGT/TCGTGT,TGGT,<NON_REF>    TC/TCGT,TG                 TC/TCGT,TG                 TC/TCGT/TG                 EQUAL
             L5-run0  144 GATCG/GATCT,GCTCG,<NON_REF>    GATCG/GATCT,GCTCG          GATCG/GATCT,GCTCG          GATCG/GATCT/GCTCG          DIFFER
        GATK   row: chr1	144	.	GATCG	GATCT,GCTCG	83.10	.	AC=1,1;AF=0.500,0.500;AN=2;DP=20;ExcessHet=0.0000;MLEAC=1,1;MLEAF=0.500,0.500;QD=4.15	GT:AD:DP:GQ:PL	1/2:0,10,10:20:99:100,100,100,100,0,100
        native row: chr1	144	.	GATCG	GATCT,GCTCG	83.10	.	AC=1,1;AF=0.500,0.500;AN=2;DP=20;ExcessHet=0.0000;MLEAC=1,1;MLEAF=0.500,0.500;QD=4.16	GT:AD:DP:GQ:PL	1/2:0,10,10:20:99:100,100,100,100,0,100
             L5-run1  156 GATCG/GATGG,GCTCG,<NON_REF>    GATC/GATG,GCTC             GATC/GATG,GCTC             GATC/GATG/GCTC             DIFFER
        GATK   row: chr1	156	.	GATC	GATG,GCTC	83.10	.	AC=1,1;AF=0.500,0.500;AN=2;DP=20;ExcessHet=0.0000;MLEAC=1,1;MLEAF=0.500,0.500;QD=4.15	GT:AD:DP:GQ:PL	1/2:0,10,10:20:99:100,100,100,100,0,100
        native row: chr1	156	.	GATC	GATG,GCTC	83.10	.	AC=1,1;AF=0.500,0.500;AN=2;DP=20;ExcessHet=0.0000;MLEAC=1,1;MLEAF=0.500,0.500;QD=4.16	GT:AD:DP:GQ:PL	1/2:0,10,10:20:99:100,100,100,100,0,100
             L5-run2  168 GATCG/GAACG,GCTCG,<NON_REF>    GAT/GAA,GCT                GAT/GAA,GCT                GAT/GAA/GCT                DIFFER
        GATK   row: chr1	168	.	GAT	GAA,GCT	83.10	.	AC=1,1;AF=0.500,0.500;AN=2;DP=20;ExcessHet=0.0000;MLEAC=1,1;MLEAF=0.500,0.500;QD=4.15	GT:AD:DP:GQ:PL	1/2:0,10,10:20:99:100,100,100,100,0,100
        native row: chr1	168	.	GAT	GAA,GCT	83.10	.	AC=1,1;AF=0.500,0.500;AN=2;DP=20;ExcessHet=0.0000;MLEAC=1,1;MLEAF=0.500,0.500;QD=4.16	GT:AD:DP:GQ:PL	1/2:0,10,10:20:99:100,100,100,100,0,100
             L5-run3  180 GATCG/GCTCG,GAACG,<NON_REF>    GAT/GCT,GAA                GAT/GCT,GAA                GAT/GCT/GAA                DIFFER
        GATK   row: chr1	180	.	GAT	GCT,GAA	83.10	.	AC=1,1;AF=0.500,0.500;AN=2;DP=20;ExcessHet=0.0000;MLEAC=1,1;MLEAF=0.500,0.500;QD=4.15	GT:AD:DP:GQ:PL	1/2:0,10,10:20:99:100,100,100,100,0,100
        native row: chr1	180	.	GAT	GCT,GAA	83.10	.	AC=1,1;AF=0.500,0.500;AN=2;DP=20;ExcessHet=0.0000;MLEAC=1,1;MLEAF=0.500,0.500;QD=4.16	GT:AD:DP:GQ:PL	1/2:0,10,10:20:99:100,100,100,100,0,100
             L5-del1  192 GATCG/GATC,GCTCG,<NON_REF>     GATCG/GATC,GCTCG           GATCG/GATC,GCTCG           GATCG/GATC/GCTCG           EQUAL
             L5-del2  204 GATCG/GAT,GCTCG,<NON_REF>      GATCG/GAT,GCTCG            GATCG/GAT,GCTCG            GATCG/GAT/GCTCG            EQUAL
             L5-del3  216 GATCG/GA,GCTCG,<NON_REF>       GATCG/GA,GCTCG             GATCG/GA,GCTCG             GATCG/GA/GCTCG             EQUAL
              L5-snp  228 GATCG/G,GCTCG,<NON_REF>        GATCG/G,GCTCG              GATCG/G,GCTCG              GATCG/G/GCTCG              EQUAL
       L5-ins-repeat  240 GATCG/GATCGG,GCTCG,<NON_REF>   GATC/GATCG,GCTC            GATC/GATCG,GCTC            GATC/GATCG/GCTC            EQUAL
         L5-ins-diff  252 GATCG/GATCGT,GCTCG,<NON_REF>   GATCG/GATCGT,GCTCG         GATCG/GATCGT,GCTCG         GATCG/GATCGT/GCTCG         EQUAL
       L5-ins-shared  264 GATCG/GATCGCG,GCTCG,<NON_REF>  GAT/GATCG,GCT              GAT/GATCG,GCT              GAT/GATCG/GCT              EQUAL
             L6-run0  276 ACGATC/ACGATG,AGGATC,<NON_REF>  ACGATC/ACGATG,AGGATC       ACGATC/ACGATG,AGGATC       ACGATC/ACGATG/AGGATC       DIFFER
        GATK   row: chr1	276	.	ACGATC	ACGATG,AGGATC	83.10	.	AC=1,1;AF=0.500,0.500;AN=2;DP=20;ExcessHet=0.0000;MLEAC=1,1;MLEAF=0.500,0.500;QD=4.15	GT:AD:DP:GQ:PL	1/2:0,10,10:20:99:100,100,100,100,0,100
        native row: chr1	276	.	ACGATC	ACGATG,AGGATC	83.10	.	AC=1,1;AF=0.500,0.500;AN=2;DP=20;ExcessHet=0.0000;MLEAC=1,1;MLEAF=0.500,0.500;QD=4.16	GT:AD:DP:GQ:PL	1/2:0,10,10:20:99:100,100,100,100,0,100
             L6-run1  288 ACGATC/ACGAAC,AGGATC,<NON_REF>  ACGAT/ACGAA,AGGAT          ACGAT/ACGAA,AGGAT          ACGAT/ACGAA/AGGAT          DIFFER
        GATK   row: chr1	288	.	ACGAT	ACGAA,AGGAT	83.10	.	AC=1,1;AF=0.500,0.500;AN=2;DP=20;ExcessHet=0.0000;MLEAC=1,1;MLEAF=0.500,0.500;QD=4.15	GT:AD:DP:GQ:PL	1/2:0,10,10:20:99:100,100,100,100,0,100
        native row: chr1	288	.	ACGAT	ACGAA,AGGAT	83.10	.	AC=1,1;AF=0.500,0.500;AN=2;DP=20;ExcessHet=0.0000;MLEAC=1,1;MLEAF=0.500,0.500;QD=4.16	GT:AD:DP:GQ:PL	1/2:0,10,10:20:99:100,100,100,100,0,100
             L6-run2  300 ACGATC/ACGCTC,AGGATC,<NON_REF>  ACGA/ACGC,AGGA             ACGA/ACGC,AGGA             ACGA/ACGC/AGGA             DIFFER
        GATK   row: chr1	300	.	ACGA	ACGC,AGGA	83.10	.	AC=1,1;AF=0.500,0.500;AN=2;DP=20;ExcessHet=0.0000;MLEAC=1,1;MLEAF=0.500,0.500;QD=4.15	GT:AD:DP:GQ:PL	1/2:0,10,10:20:99:100,100,100,100,0,100
        native row: chr1	300	.	ACGA	ACGC,AGGA	83.10	.	AC=1,1;AF=0.500,0.500;AN=2;DP=20;ExcessHet=0.0000;MLEAC=1,1;MLEAF=0.500,0.500;QD=4.16	GT:AD:DP:GQ:PL	1/2:0,10,10:20:99:100,100,100,100,0,100
             L6-run3  312 ACGATC/ACTATC,AGGATC,<NON_REF>  ACG/ACT,AGG                ACG/ACT,AGG                ACG/ACT/AGG                DIFFER
        GATK   row: chr1	312	.	ACG	ACT,AGG	83.10	.	AC=1,1;AF=0.500,0.500;AN=2;DP=20;ExcessHet=0.0000;MLEAC=1,1;MLEAF=0.500,0.500;QD=4.15	GT:AD:DP:GQ:PL	1/2:0,10,10:20:99:100,100,100,100,0,100
        native row: chr1	312	.	ACG	ACT,AGG	83.10	.	AC=1,1;AF=0.500,0.500;AN=2;DP=20;ExcessHet=0.0000;MLEAC=1,1;MLEAF=0.500,0.500;QD=4.16	GT:AD:DP:GQ:PL	1/2:0,10,10:20:99:100,100,100,100,0,100
             L6-del1  324 ACGATC/ACGAT,AGGATC,<NON_REF>   ACGATC/ACGAT,AGGATC        ACGATC/ACGAT,AGGATC        ACGATC/ACGAT/AGGATC        EQUAL
             L6-del2  336 ACGATC/ACGA,AGGATC,<NON_REF>    ACGATC/ACGA,AGGATC         ACGATC/ACGA,AGGATC         ACGATC/ACGA/AGGATC         EQUAL
             L6-del3  348 ACGATC/ACG,AGGATC,<NON_REF>     ACGATC/ACG,AGGATC          ACGATC/ACG,AGGATC          ACGATC/ACG/AGGATC          EQUAL
              L6-snp  360 ACGATC/A,AGGATC,<NON_REF>       ACGATC/A,AGGATC            ACGATC/A,AGGATC            ACGATC/A/AGGATC            EQUAL
       L6-ins-repeat  372 ACGATC/ACGATCC,AGGATC,<NON_REF> ACGAT/ACGATC,AGGAT         ACGAT/ACGATC,AGGAT         ACGAT/ACGATC/AGGAT         EQUAL
         L6-ins-diff  384 ACGATC/ACGATCG,AGGATC,<NON_REF> ACGATC/ACGATCG,AGGATC      ACGATC/ACGATCG,AGGATC      ACGATC/ACGATCG/AGGATC      EQUAL
       L6-ins-shared  396 ACGATC/ACGATCTC,AGGATC,<NON_REF> ACGA/ACGATC,AGGA           ACGA/ACGATC,AGGA           ACGA/ACGATC/AGGA           EQUAL
             L8-run0  408 GCACGATC/GCACGATG,GGACGATC,<NON_REF> GCACGATC/GCACGATG,GGACGATC GCACGATC/GCACGATG,GGACGATC GCACGATC/GCACGATG/GGACGATC DIFFER
        GATK   row: chr1	408	.	GCACGATC	GCACGATG,GGACGATC	83.10	.	AC=1,1;AF=0.500,0.500;AN=2;DP=20;ExcessHet=0.0000;MLEAC=1,1;MLEAF=0.500,0.500;QD=4.15	GT:AD:DP:GQ:PL	1/2:0,10,10:20:99:100,100,100,100,0,100
        native row: chr1	408	.	GCACGATC	GCACGATG,GGACGATC	83.10	.	AC=1,1;AF=0.500,0.500;AN=2;DP=20;ExcessHet=0.0000;MLEAC=1,1;MLEAF=0.500,0.500;QD=4.16	GT:AD:DP:GQ:PL	1/2:0,10,10:20:99:100,100,100,100,0,100
             L8-run1  420 GCACGATC/GCACGAAC,GGACGATC,<NON_REF> GCACGAT/GCACGAA,GGACGAT    GCACGAT/GCACGAA,GGACGAT    GCACGAT/GCACGAA/GGACGAT    DIFFER
        GATK   row: chr1	420	.	GCACGAT	GCACGAA,GGACGAT	83.10	.	AC=1,1;AF=0.500,0.500;AN=2;DP=20;ExcessHet=0.0000;MLEAC=1,1;MLEAF=0.500,0.500;QD=4.15	GT:AD:DP:GQ:PL	1/2:0,10,10:20:99:100,100,100,100,0,100
        native row: chr1	420	.	GCACGAT	GCACGAA,GGACGAT	83.10	.	AC=1,1;AF=0.500,0.500;AN=2;DP=20;ExcessHet=0.0000;MLEAC=1,1;MLEAF=0.500,0.500;QD=4.16	GT:AD:DP:GQ:PL	1/2:0,10,10:20:99:100,100,100,100,0,100
             L8-run2  432 GCACGATC/GCACGCTC,GGACGATC,<NON_REF> GCACGA/GCACGC,GGACGA       GCACGA/GCACGC,GGACGA       GCACGA/GCACGC/GGACGA       DIFFER
        GATK   row: chr1	432	.	GCACGA	GCACGC,GGACGA	83.10	.	AC=1,1;AF=0.500,0.500;AN=2;DP=20;ExcessHet=0.0000;MLEAC=1,1;MLEAF=0.500,0.500;QD=4.15	GT:AD:DP:GQ:PL	1/2:0,10,10:20:99:100,100,100,100,0,100
        native row: chr1	432	.	GCACGA	GCACGC,GGACGA	83.10	.	AC=1,1;AF=0.500,0.500;AN=2;DP=20;ExcessHet=0.0000;MLEAC=1,1;MLEAF=0.500,0.500;QD=4.16	GT:AD:DP:GQ:PL	1/2:0,10,10:20:99:100,100,100,100,0,100
             L8-run3  444 GCACGATC/GCACTATC,GGACGATC,<NON_REF> GCACG/GCACT,GGACG          GCACG/GCACT,GGACG          GCACG/GCACT/GGACG          DIFFER
        GATK   row: chr1	444	.	GCACG	GCACT,GGACG	83.10	.	AC=1,1;AF=0.500,0.500;AN=2;DP=20;ExcessHet=0.0000;MLEAC=1,1;MLEAF=0.500,0.500;QD=4.15	GT:AD:DP:GQ:PL	1/2:0,10,10:20:99:100,100,100,100,0,100
        native row: chr1	444	.	GCACG	GCACT,GGACG	83.10	.	AC=1,1;AF=0.500,0.500;AN=2;DP=20;ExcessHet=0.0000;MLEAC=1,1;MLEAF=0.500,0.500;QD=4.16	GT:AD:DP:GQ:PL	1/2:0,10,10:20:99:100,100,100,100,0,100
             L8-del1  456 GCACGATC/GCACGAT,GGACGATC,<NON_REF> GCACGATC/GCACGAT,GGACGATC  GCACGATC/GCACGAT,GGACGATC  GCACGATC/GCACGAT/GGACGATC  EQUAL
             L8-del2  468 GCACGATC/GCACGA,GGACGATC,<NON_REF> GCACGATC/GCACGA,GGACGATC   GCACGATC/GCACGA,GGACGATC   GCACGATC/GCACGA/GGACGATC   EQUAL
             L8-del3  480 GCACGATC/GCACG,GGACGATC,<NON_REF> GCACGATC/GCACG,GGACGATC    GCACGATC/GCACG,GGACGATC    GCACGATC/GCACG/GGACGATC    EQUAL
              L8-snp  492 GCACGATC/G,GGACGATC,<NON_REF>     GCACGATC/G,GGACGATC        GCACGATC/G,GGACGATC        GCACGATC/G/GGACGATC        EQUAL
       L8-ins-repeat  504 GCACGATC/GCACGATCC,GGACGATC,<NON_REF> GCACGAT/GCACGATC,GGACGAT   GCACGAT/GCACGATC,GGACGAT   GCACGAT/GCACGATC/GGACGAT   EQUAL
         L8-ins-diff  516 GCACGATC/GCACGATCG,GGACGATC,<NON_REF> GCACGATC/GCACGATCG,GGACGATC GCACGATC/GCACGATCG,GGACGATC GCACGATC/GCACGATCG/GGACGATC EQUAL
       L8-ins-shared  528 GCACGATC/GCACGATCTC,GGACGATC,<NON_REF> GCACGA/GCACGATC,GGACGA     GCACGA/GCACGATC,GGACGA     GCACGA/GCACGATC/GGACGA     EQUAL
# stage B: 44 loci, 16 not EQUAL, 0 where the model disagrees with GATK
