16:30:57.113 INFO  NativeLibraryLoader - Loading libgkl_compression.so from jar:file:/home/turing-agents/Documents/fast-gatk/third_party/gatk-package/gatk-4.6.2.0/gatk-package-4.6.2.0-local.jar!/com/intel/gkl/native/libgkl_compression.so
16:31:00.064 INFO  HaplotypeCaller - ------------------------------------------------------------
16:31:00.065 INFO  HaplotypeCaller - The Genome Analysis Toolkit (GATK) v4.6.2.0
16:31:00.066 INFO  HaplotypeCaller - For support and documentation go to https://software.broadinstitute.org/gatk/
16:31:00.066 INFO  HaplotypeCaller - Executing as turing-agents@turing-agents-MotherBoard-Series on Linux v7.0.0-31-generic amd64
16:31:00.066 INFO  HaplotypeCaller - Java runtime: OpenJDK 64-Bit Server VM v17.0.20+8
16:31:00.066 INFO  HaplotypeCaller - Start Date/Time: 2026年9月18日 CST 下午4:30:57
16:31:00.066 INFO  HaplotypeCaller - ------------------------------------------------------------
16:31:00.066 INFO  HaplotypeCaller - ------------------------------------------------------------
16:31:00.066 INFO  HaplotypeCaller - HTSJDK Version: 4.2.0
16:31:00.066 INFO  HaplotypeCaller - Picard Version: 3.4.0
16:31:00.067 INFO  HaplotypeCaller - Built for Spark Version: 3.5.0
16:31:00.068 INFO  HaplotypeCaller - HTSJDK Defaults.COMPRESSION_LEVEL : 2
16:31:00.068 INFO  HaplotypeCaller - HTSJDK Defaults.USE_ASYNC_IO_READ_FOR_SAMTOOLS : false
16:31:00.068 INFO  HaplotypeCaller - HTSJDK Defaults.USE_ASYNC_IO_WRITE_FOR_SAMTOOLS : true
16:31:00.068 INFO  HaplotypeCaller - HTSJDK Defaults.USE_ASYNC_IO_WRITE_FOR_TRIBBLE : false
16:31:00.068 INFO  HaplotypeCaller - Deflater: IntelDeflater
16:31:00.069 INFO  HaplotypeCaller - Inflater: IntelInflater
16:31:00.069 INFO  HaplotypeCaller - GCS max retries/reopens: 20
16:31:00.069 INFO  HaplotypeCaller - Requester pays: disabled
16:31:00.069 INFO  HaplotypeCaller - Initializing engine
16:31:00.188 INFO  IntervalArgumentCollection - Processing 1000000 bp from intervals
16:31:00.191 INFO  HaplotypeCaller - Done initializing engine
16:31:00.192 INFO  HaplotypeCallerEngine - Tool is in reference confidence mode and the annotation, the following changes will be made to any specified annotations: 'StrandBiasBySample' will be enabled. 'ChromosomeCounts', 'FisherStrand', 'StrandOddsRatio' and 'QualByDepth' annotations have been disabled
16:31:00.205 INFO  NativeLibraryLoader - Loading libgkl_utils.so from jar:file:/home/turing-agents/Documents/fast-gatk/third_party/gatk-package/gatk-4.6.2.0/gatk-package-4.6.2.0-local.jar!/com/intel/gkl/native/libgkl_utils.so
16:31:00.206 INFO  NativeLibraryLoader - Loading libgkl_smithwaterman.so from jar:file:/home/turing-agents/Documents/fast-gatk/third_party/gatk-package/gatk-4.6.2.0/gatk-package-4.6.2.0-local.jar!/com/intel/gkl/native/libgkl_smithwaterman.so
16:31:00.206 INFO  IntelSmithWaterman - Using CPU-supported AVX-512 instructions
16:31:00.206 INFO  SmithWatermanAligner - Using AVX accelerated SmithWaterman implementation
16:31:00.209 INFO  HaplotypeCallerEngine - Standard Emitting and Calling confidence set to -0.0 for reference-model confidence output
16:31:00.209 INFO  HaplotypeCallerEngine - All sites annotated with PLs forced to true for reference-model confidence output
16:31:00.216 INFO  NativeLibraryLoader - Loading libgkl_pairhmm_omp.so from jar:file:/home/turing-agents/Documents/fast-gatk/third_party/gatk-package/gatk-4.6.2.0/gatk-package-4.6.2.0-local.jar!/com/intel/gkl/native/libgkl_pairhmm_omp.so
16:31:00.224 INFO  IntelPairHmm - Using CPU-supported AVX-512 instructions
16:31:00.224 INFO  IntelPairHmm - Flush-to-zero (FTZ) is enabled when running PairHMM
16:31:00.224 INFO  IntelPairHmm - Available threads: 32
16:31:00.224 INFO  IntelPairHmm - Requested threads: 4
16:31:00.224 INFO  PairHMM - Using the OpenMP multi-threaded AVX-accelerated native PairHMM implementation
16:31:00.256 INFO  ProgressMeter - Starting traversal
16:31:00.256 INFO  ProgressMeter -        Current Locus  Elapsed Minutes     Regions Processed   Regions/Minute
16:31:00.410 WARN  InbreedingCoeff - InbreedingCoeff will not be calculated at position 20:10000117 and possibly subsequent; at least 10 samples must have called genotypes
16:31:05.203 INFO  HaplotypeCaller - 889 read(s) filtered by: MappingQualityReadFilter 
0 read(s) filtered by: MappingQualityAvailableReadFilter 
0 read(s) filtered by: MappedReadFilter 
0 read(s) filtered by: NotSecondaryAlignmentReadFilter 
4405 read(s) filtered by: NotDuplicateReadFilter 
0 read(s) filtered by: PassesVendorQualityCheckReadFilter 
0 read(s) filtered by: NonZeroReferenceLengthAlignmentReadFilter 
0 read(s) filtered by: GoodCigarReadFilter 
0 read(s) filtered by: WellformedReadFilter 
5294 total reads filtered out of 58187 reads processed
16:31:05.204 INFO  ProgressMeter -          20:10998442              0.1                  4917          59624.1
16:31:05.204 INFO  ProgressMeter - Traversal complete. Processed 4917 total regions in 0.1 minutes.
16:31:05.206 INFO  VectorLoglessPairHMM - Time spent in setup for JNI call : 0.0037472820000000002
16:31:05.206 INFO  PairHMM - Total compute time in PairHMM computeLogLikelihoods() : 0.038608049000000005
16:31:05.206 INFO  SmithWatermanAligner - Total compute time in native Smith-Waterman : 0.15 sec
16:31:05.207 INFO  HaplotypeCaller - Shutting down engine
[2026年9月18日 CST 下午4:31:05] org.broadinstitute.hellbender.tools.walkers.haplotypecaller.HaplotypeCaller done. Elapsed time: 0.14 minutes.
Runtime.totalMemory()=809500672
