19:25:20.291 INFO  NativeLibraryLoader - Loading libgkl_compression.so from jar:file:/home/turing-agents/Documents/fast-gatk/third_party/gatk-package/gatk-4.6.2.0/gatk-package-4.6.2.0-local.jar!/com/intel/gkl/native/libgkl_compression.so
19:25:24.632 INFO  GatherBQSRReports - ------------------------------------------------------------
19:25:24.634 INFO  GatherBQSRReports - The Genome Analysis Toolkit (GATK) v4.6.2.0
19:25:24.636 INFO  GatherBQSRReports - For support and documentation go to https://software.broadinstitute.org/gatk/
19:25:24.636 INFO  GatherBQSRReports - Executing as turing-agents@turing-agents-MotherBoard-Series on Linux v7.0.0-31-generic amd64
19:25:24.636 INFO  GatherBQSRReports - Java runtime: OpenJDK 64-Bit Server VM v17.0.20+8
19:25:24.637 INFO  GatherBQSRReports - Start Date/Time: 2026年9月19日 CST 下午7:25:20
19:25:24.637 INFO  GatherBQSRReports - ------------------------------------------------------------
19:25:24.637 INFO  GatherBQSRReports - ------------------------------------------------------------
19:25:24.638 INFO  GatherBQSRReports - HTSJDK Version: 4.2.0
19:25:24.638 INFO  GatherBQSRReports - Picard Version: 3.4.0
19:25:24.638 INFO  GatherBQSRReports - Built for Spark Version: 3.5.0
19:25:24.641 INFO  GatherBQSRReports - HTSJDK Defaults.COMPRESSION_LEVEL : 2
19:25:24.641 INFO  GatherBQSRReports - HTSJDK Defaults.USE_ASYNC_IO_READ_FOR_SAMTOOLS : false
19:25:24.641 INFO  GatherBQSRReports - HTSJDK Defaults.USE_ASYNC_IO_WRITE_FOR_SAMTOOLS : true
19:25:24.642 INFO  GatherBQSRReports - HTSJDK Defaults.USE_ASYNC_IO_WRITE_FOR_TRIBBLE : false
19:25:24.642 INFO  GatherBQSRReports - Deflater: IntelDeflater
19:25:24.642 INFO  GatherBQSRReports - Inflater: IntelInflater
19:25:24.642 INFO  GatherBQSRReports - GCS max retries/reopens: 20
19:25:24.642 INFO  GatherBQSRReports - Requester pays: disabled
19:25:24.642 INFO  GatherBQSRReports - Initializing engine
19:25:24.642 INFO  GatherBQSRReports - Done initializing engine
19:25:28.142 INFO  GatherBQSRReports - Shutting down engine
[2026年9月19日 CST 下午7:25:28] org.broadinstitute.hellbender.tools.walkers.bqsr.GatherBQSRReports done. Elapsed time: 0.13 minutes.
Runtime.totalMemory()=1461780480
