19:28:34.548 INFO  NativeLibraryLoader - Loading libgkl_compression.so from jar:file:/home/turing-agents/Documents/fast-gatk/third_party/gatk-package/gatk-4.6.2.0/gatk-package-4.6.2.0-local.jar!/com/intel/gkl/native/libgkl_compression.so
19:28:38.619 INFO  GenotypeGVCFs - ------------------------------------------------------------
19:28:38.621 INFO  GenotypeGVCFs - The Genome Analysis Toolkit (GATK) v4.6.2.0
19:28:38.621 INFO  GenotypeGVCFs - For support and documentation go to https://software.broadinstitute.org/gatk/
19:28:38.621 INFO  GenotypeGVCFs - Executing as turing-agents@turing-agents-MotherBoard-Series on Linux v7.0.0-31-generic amd64
19:28:38.621 INFO  GenotypeGVCFs - Java runtime: OpenJDK 64-Bit Server VM v17.0.20+8
19:28:38.622 INFO  GenotypeGVCFs - Start Date/Time: 2026年9月19日 CST 下午7:28:34
19:28:38.622 INFO  GenotypeGVCFs - ------------------------------------------------------------
19:28:38.622 INFO  GenotypeGVCFs - ------------------------------------------------------------
19:28:38.622 INFO  GenotypeGVCFs - HTSJDK Version: 4.2.0
19:28:38.623 INFO  GenotypeGVCFs - Picard Version: 3.4.0
19:28:38.623 INFO  GenotypeGVCFs - Built for Spark Version: 3.5.0
19:28:38.629 INFO  GenotypeGVCFs - HTSJDK Defaults.COMPRESSION_LEVEL : 2
19:28:38.630 INFO  GenotypeGVCFs - HTSJDK Defaults.USE_ASYNC_IO_READ_FOR_SAMTOOLS : false
19:28:38.630 INFO  GenotypeGVCFs - HTSJDK Defaults.USE_ASYNC_IO_WRITE_FOR_SAMTOOLS : true
19:28:38.630 INFO  GenotypeGVCFs - HTSJDK Defaults.USE_ASYNC_IO_WRITE_FOR_TRIBBLE : false
19:28:38.630 INFO  GenotypeGVCFs - Deflater: IntelDeflater
19:28:38.630 INFO  GenotypeGVCFs - Inflater: IntelInflater
19:28:38.630 INFO  GenotypeGVCFs - GCS max retries/reopens: 20
19:28:38.630 INFO  GenotypeGVCFs - Requester pays: disabled
19:28:38.630 INFO  GenotypeGVCFs - Initializing engine
19:28:38.740 INFO  FeatureManager - Using codec VCFCodec to read file file:///home/turing-agents/Documents/fast-gatk/public_pipeline/full_chr20/fair16/gatk/full.g.vcf.gz
19:28:40.148 INFO  GenotypeGVCFs - Done initializing engine
19:28:40.200 INFO  ProgressMeter - Starting traversal
19:28:40.200 INFO  ProgressMeter -        Current Locus  Elapsed Minutes    Variants Processed  Variants/Minute
19:28:40.303 WARN  ReferenceConfidenceVariantContextMerger - Detected invalid annotations: When trying to merge variant contexts at location 20:61795 the annotation MLEAC=[1, 0] was not a numerical value and was ignored
19:28:40.363 WARN  InbreedingCoeff - InbreedingCoeff will not be calculated at position 20:61795 and possibly subsequent; at least 10 samples must have called genotypes
19:28:50.204 INFO  ProgressMeter -           20:9874023              0.2               1008000        6046186.1
19:29:00.204 INFO  ProgressMeter -          20:42527648              0.3               3984000       11949610.1
19:29:07.032 INFO  ProgressMeter -          20:62955814              0.4               6013710       13447473.2
19:29:07.032 INFO  ProgressMeter - Traversal complete. Processed 6013710 total variants in 0.4 minutes.
19:29:07.042 INFO  GenotypeGVCFs - Shutting down engine
[2026年9月19日 CST 下午7:29:07] org.broadinstitute.hellbender.tools.walkers.GenotypeGVCFs done. Elapsed time: 0.54 minutes.
Runtime.totalMemory()=1461780480
