19:27:24.189 INFO  NativeLibraryLoader - Loading libgkl_compression.so from jar:file:/home/turing-agents/Documents/fast-gatk/third_party/gatk-package/gatk-4.6.2.0/gatk-package-4.6.2.0-local.jar!/com/intel/gkl/native/libgkl_compression.so
[Sat Sep 19 19:27:24 CST 2026] GatherVcfs --INPUT public_pipeline/full_chr20/fair16/gatk/shards/hc.0.g.vcf.gz --INPUT public_pipeline/full_chr20/fair16/gatk/shards/hc.1.g.vcf.gz --INPUT public_pipeline/full_chr20/fair16/gatk/shards/hc.2.g.vcf.gz --INPUT public_pipeline/full_chr20/fair16/gatk/shards/hc.3.g.vcf.gz --INPUT public_pipeline/full_chr20/fair16/gatk/shards/hc.4.g.vcf.gz --INPUT public_pipeline/full_chr20/fair16/gatk/shards/hc.5.g.vcf.gz --INPUT public_pipeline/full_chr20/fair16/gatk/shards/hc.6.g.vcf.gz --INPUT public_pipeline/full_chr20/fair16/gatk/shards/hc.7.g.vcf.gz --INPUT public_pipeline/full_chr20/fair16/gatk/shards/hc.8.g.vcf.gz --INPUT public_pipeline/full_chr20/fair16/gatk/shards/hc.9.g.vcf.gz --INPUT public_pipeline/full_chr20/fair16/gatk/shards/hc.10.g.vcf.gz --INPUT public_pipeline/full_chr20/fair16/gatk/shards/hc.11.g.vcf.gz --INPUT public_pipeline/full_chr20/fair16/gatk/shards/hc.12.g.vcf.gz --INPUT public_pipeline/full_chr20/fair16/gatk/shards/hc.13.g.vcf.gz --INPUT public_pipeline/full_chr20/fair16/gatk/shards/hc.14.g.vcf.gz --INPUT public_pipeline/full_chr20/fair16/gatk/shards/hc.15.g.vcf.gz --OUTPUT public_pipeline/full_chr20/fair16/gatk/full.g.vcf.gz --REORDER_INPUT_BY_FIRST_VARIANT false --VERBOSITY INFO --QUIET false --VALIDATION_STRINGENCY STRICT --COMPRESSION_LEVEL 2 --MAX_RECORDS_IN_RAM 500000 --CREATE_INDEX true --CREATE_MD5_FILE false --help false --version false --showHidden false --USE_JDK_DEFLATER false --USE_JDK_INFLATER false
[Sat Sep 19 19:27:28 CST 2026] Executing as turing-agents@turing-agents-MotherBoard-Series on Linux 7.0.0-31-generic amd64; OpenJDK 64-Bit Server VM 17.0.20+8; Deflater: Intel; Inflater: Intel; Provider GCS is available; Picard version: Version:4.6.2.0
INFO	2026-09-19 19:27:28	GatherVcfs	Checking inputs.
INFO	2026-09-19 19:27:29	GatherVcfs	Checking file headers and first records to ensure compatibility.
INFO	2026-09-19 19:27:29	GatherVcfs	Gathering by copying gzip blocks. Will not be able to validate position non-overlap of files.
WARNING	2026-09-19 19:27:29	GatherVcfs	Index creation not currently supported when gathering block compressed VCFs.
INFO	2026-09-19 19:27:29	GatherVcfs	Gathering /home/turing-agents/Documents/fast-gatk/public_pipeline/full_chr20/fair16/gatk/shards/hc.0.g.vcf.gz
INFO	2026-09-19 19:27:29	GatherVcfs	Gathering /home/turing-agents/Documents/fast-gatk/public_pipeline/full_chr20/fair16/gatk/shards/hc.1.g.vcf.gz
INFO	2026-09-19 19:27:29	GatherVcfs	Gathering /home/turing-agents/Documents/fast-gatk/public_pipeline/full_chr20/fair16/gatk/shards/hc.2.g.vcf.gz
INFO	2026-09-19 19:27:29	GatherVcfs	Gathering /home/turing-agents/Documents/fast-gatk/public_pipeline/full_chr20/fair16/gatk/shards/hc.3.g.vcf.gz
INFO	2026-09-19 19:27:29	GatherVcfs	Gathering /home/turing-agents/Documents/fast-gatk/public_pipeline/full_chr20/fair16/gatk/shards/hc.4.g.vcf.gz
INFO	2026-09-19 19:27:29	GatherVcfs	Gathering /home/turing-agents/Documents/fast-gatk/public_pipeline/full_chr20/fair16/gatk/shards/hc.5.g.vcf.gz
INFO	2026-09-19 19:27:29	GatherVcfs	Gathering /home/turing-agents/Documents/fast-gatk/public_pipeline/full_chr20/fair16/gatk/shards/hc.6.g.vcf.gz
INFO	2026-09-19 19:27:29	GatherVcfs	Gathering /home/turing-agents/Documents/fast-gatk/public_pipeline/full_chr20/fair16/gatk/shards/hc.7.g.vcf.gz
INFO	2026-09-19 19:27:29	GatherVcfs	Gathering /home/turing-agents/Documents/fast-gatk/public_pipeline/full_chr20/fair16/gatk/shards/hc.8.g.vcf.gz
INFO	2026-09-19 19:27:29	GatherVcfs	Gathering /home/turing-agents/Documents/fast-gatk/public_pipeline/full_chr20/fair16/gatk/shards/hc.9.g.vcf.gz
INFO	2026-09-19 19:27:29	GatherVcfs	Gathering /home/turing-agents/Documents/fast-gatk/public_pipeline/full_chr20/fair16/gatk/shards/hc.10.g.vcf.gz
INFO	2026-09-19 19:27:29	GatherVcfs	Gathering /home/turing-agents/Documents/fast-gatk/public_pipeline/full_chr20/fair16/gatk/shards/hc.11.g.vcf.gz
INFO	2026-09-19 19:27:29	GatherVcfs	Gathering /home/turing-agents/Documents/fast-gatk/public_pipeline/full_chr20/fair16/gatk/shards/hc.12.g.vcf.gz
INFO	2026-09-19 19:27:29	GatherVcfs	Gathering /home/turing-agents/Documents/fast-gatk/public_pipeline/full_chr20/fair16/gatk/shards/hc.13.g.vcf.gz
INFO	2026-09-19 19:27:29	GatherVcfs	Gathering /home/turing-agents/Documents/fast-gatk/public_pipeline/full_chr20/fair16/gatk/shards/hc.14.g.vcf.gz
INFO	2026-09-19 19:27:29	GatherVcfs	Gathering /home/turing-agents/Documents/fast-gatk/public_pipeline/full_chr20/fair16/gatk/shards/hc.15.g.vcf.gz
[Sat Sep 19 19:27:29 CST 2026] picard.vcf.GatherVcfs done. Elapsed time: 0.09 minutes.
Runtime.totalMemory()=1461780480
