19:28:23.751 INFO  NativeLibraryLoader - Loading libgkl_compression.so from jar:file:/home/turing-agents/Documents/fast-gatk/third_party/gatk-package/gatk-4.6.2.0/gatk-package-4.6.2.0-local.jar!/com/intel/gkl/native/libgkl_compression.so
19:28:27.563 INFO  IndexFeatureFile - ------------------------------------------------------------
19:28:27.565 INFO  IndexFeatureFile - The Genome Analysis Toolkit (GATK) v4.6.2.0
19:28:27.565 INFO  IndexFeatureFile - For support and documentation go to https://software.broadinstitute.org/gatk/
19:28:27.565 INFO  IndexFeatureFile - Executing as turing-agents@turing-agents-MotherBoard-Series on Linux v7.0.0-31-generic amd64
19:28:27.565 INFO  IndexFeatureFile - Java runtime: OpenJDK 64-Bit Server VM v17.0.20+8
19:28:27.566 INFO  IndexFeatureFile - Start Date/Time: 2026年9月19日 CST 下午7:28:23
19:28:27.566 INFO  IndexFeatureFile - ------------------------------------------------------------
19:28:27.566 INFO  IndexFeatureFile - ------------------------------------------------------------
19:28:27.567 INFO  IndexFeatureFile - HTSJDK Version: 4.2.0
19:28:27.567 INFO  IndexFeatureFile - Picard Version: 3.4.0
19:28:27.567 INFO  IndexFeatureFile - Built for Spark Version: 3.5.0
19:28:27.571 INFO  IndexFeatureFile - HTSJDK Defaults.COMPRESSION_LEVEL : 2
19:28:27.572 INFO  IndexFeatureFile - HTSJDK Defaults.USE_ASYNC_IO_READ_FOR_SAMTOOLS : false
19:28:27.572 INFO  IndexFeatureFile - HTSJDK Defaults.USE_ASYNC_IO_WRITE_FOR_SAMTOOLS : true
19:28:27.572 INFO  IndexFeatureFile - HTSJDK Defaults.USE_ASYNC_IO_WRITE_FOR_TRIBBLE : false
19:28:27.573 INFO  IndexFeatureFile - Deflater: IntelDeflater
19:28:27.573 INFO  IndexFeatureFile - Inflater: IntelInflater
19:28:27.573 INFO  IndexFeatureFile - GCS max retries/reopens: 20
19:28:27.573 INFO  IndexFeatureFile - Requester pays: disabled
19:28:27.573 INFO  IndexFeatureFile - Initializing engine
19:28:27.574 INFO  IndexFeatureFile - Done initializing engine
19:28:27.635 INFO  FeatureManager - Using codec VCFCodec to read file file:///home/turing-agents/Documents/fast-gatk/public_pipeline/full_chr20/fair16/gatk/full.g.vcf.gz
19:28:28.718 INFO  ProgressMeter - Starting traversal
19:28:28.718 INFO  ProgressMeter -        Current Locus  Elapsed Minutes     Records Processed   Records/Minute
19:28:32.596 INFO  ProgressMeter -          20:62955814              0.1               6013710       93139545.7
19:28:32.596 INFO  ProgressMeter - Traversal complete. Processed 6013710 total records in 0.1 minutes.
19:28:32.618 INFO  IndexFeatureFile - Successfully wrote index to /home/turing-agents/Documents/fast-gatk/public_pipeline/full_chr20/fair16/gatk/full.g.vcf.gz.tbi
19:28:32.619 INFO  IndexFeatureFile - Shutting down engine
[2026年9月19日 CST 下午7:28:32] org.broadinstitute.hellbender.tools.IndexFeatureFile done. Elapsed time: 0.15 minutes.
Runtime.totalMemory()=1461780480
