19:21:46.328 INFO  NativeLibraryLoader - Loading libgkl_compression.so from jar:file:/home/turing-agents/Documents/fast-gatk/third_party/gatk-package/gatk-4.6.2.0/gatk-package-4.6.2.0-local.jar!/com/intel/gkl/native/libgkl_compression.so
[Sat Sep 19 19:21:46 CST 2026] MarkDuplicates --INPUT NA12878.chrom20.ILLUMINA.bwa.CEU.low_coverage.20121211.bam --OUTPUT public_pipeline/full_chr20/fair16/gatk/mkdup.bam --METRICS_FILE public_pipeline/full_chr20/fair16/gatk/mkdup_metrics.txt --MAX_SEQUENCES_FOR_DISK_READ_ENDS_MAP 50000 --MAX_FILE_HANDLES_FOR_READ_ENDS_MAP 8000 --SORTING_COLLECTION_SIZE_RATIO 0.25 --TAG_DUPLICATE_SET_MEMBERS false --REMOVE_SEQUENCING_DUPLICATES false --TAGGING_POLICY DontTag --CLEAR_DT true --DUPLEX_UMI false --FLOW_MODE false --FLOW_DUP_STRATEGY FLOW_QUALITY_SUM_STRATEGY --FLOW_USE_END_IN_UNPAIRED_READS false --FLOW_USE_UNPAIRED_CLIPPED_END false --FLOW_UNPAIRED_END_UNCERTAINTY 0 --FLOW_UNPAIRED_START_UNCERTAINTY 0 --FLOW_SKIP_FIRST_N_FLOWS 0 --FLOW_Q_IS_KNOWN_END false --FLOW_EFFECTIVE_QUALITY_THRESHOLD 15 --ADD_PG_TAG_TO_READS true --REMOVE_DUPLICATES false --ASSUME_SORTED false --DUPLICATE_SCORING_STRATEGY SUM_OF_BASE_QUALITIES --PROGRAM_RECORD_ID MarkDuplicates --PROGRAM_GROUP_NAME MarkDuplicates --READ_NAME_REGEX <optimized capture of last three ':' separated fields as numeric values> --OPTICAL_DUPLICATE_PIXEL_DISTANCE 100 --MAX_OPTICAL_DUPLICATE_SET_SIZE 300000 --VERBOSITY INFO --QUIET false --VALIDATION_STRINGENCY STRICT --COMPRESSION_LEVEL 2 --MAX_RECORDS_IN_RAM 500000 --CREATE_INDEX false --CREATE_MD5_FILE false --help false --version false --showHidden false --USE_JDK_DEFLATER false --USE_JDK_INFLATER false
[Sat Sep 19 19:21:50 CST 2026] Executing as turing-agents@turing-agents-MotherBoard-Series on Linux 7.0.0-31-generic amd64; OpenJDK 64-Bit Server VM 17.0.20+8; Deflater: Intel; Inflater: Intel; Provider GCS is available; Picard version: Version:4.6.2.0
INFO	2026-09-19 19:21:50	MarkDuplicates	Start of doWork freeMemory: 1418249064; totalMemory: 1461780480; maxMemory: 8303607808
INFO	2026-09-19 19:21:50	MarkDuplicates	Reading input file and constructing read end information.
INFO	2026-09-19 19:21:50	MarkDuplicates	Will retain up to 30085535 data points before spilling to disk.
WARNING	2026-09-19 19:21:50	AbstractOpticalDuplicateFinderCommandLineProgram	A field field parsed out of a read name was expected to contain an integer and did not. Read name: SRR622461.74266137. Cause: String 'SRR622461.74266137' did not start with a parsable number.
INFO	2026-09-19 19:21:53	MarkDuplicates	Read     1,000,000 records.  Elapsed time: 00:00:03s.  Time for last 1,000,000:    3s.  Last read position: 20:17,640,121
INFO	2026-09-19 19:21:53	MarkDuplicates	Tracking 2276 as yet unmatched pairs. 44 records in RAM.
INFO	2026-09-19 19:21:56	MarkDuplicates	Read     2,000,000 records.  Elapsed time: 00:00:05s.  Time for last 1,000,000:    2s.  Last read position: 20:39,356,504
INFO	2026-09-19 19:21:56	MarkDuplicates	Tracking 5095 as yet unmatched pairs. 49 records in RAM.
INFO	2026-09-19 19:21:58	MarkDuplicates	Read     3,000,000 records.  Elapsed time: 00:00:08s.  Time for last 1,000,000:    2s.  Last read position: 20:57,744,456
INFO	2026-09-19 19:21:58	MarkDuplicates	Tracking 7440 as yet unmatched pairs. 13 records in RAM.
INFO	2026-09-19 19:21:59	MarkDuplicates	Read 3245545 records. 7987 pairs never matched.
INFO	2026-09-19 19:21:59	MarkDuplicates	After buildSortedReadEndLists freeMemory: 863496240; totalMemory: 1486983168; maxMemory: 8303607808
INFO	2026-09-19 19:21:59	MarkDuplicates	Will retain up to 259487744 duplicate indices before spilling to disk.
INFO	2026-09-19 19:22:00	MarkDuplicates	Traversing read pair information and detecting duplicates.
INFO	2026-09-19 19:22:00	MarkDuplicates	Traversing fragment information and detecting duplicates.
INFO	2026-09-19 19:22:00	MarkDuplicates	Sorting list of duplicate records.
INFO	2026-09-19 19:22:01	MarkDuplicates	After generateDuplicateIndexes freeMemory: 2952010688; totalMemory: 5083549696; maxMemory: 8303607808
INFO	2026-09-19 19:22:01	MarkDuplicates	Marking 204331 records as duplicates.
INFO	2026-09-19 19:22:01	MarkDuplicates	Found 0 optical duplicate clusters.
INFO	2026-09-19 19:22:01	MarkDuplicates	Reads are assumed to be ordered by: coordinate
INFO	2026-09-19 19:22:15	MarkDuplicates	Writing complete. Closing input iterator.
INFO	2026-09-19 19:22:15	MarkDuplicates	Duplicate Index cleanup.
INFO	2026-09-19 19:22:15	MarkDuplicates	Getting Memory Stats.
INFO	2026-09-19 19:22:15	MarkDuplicates	Before output close freeMemory: 5024915368; totalMemory: 5083549696; maxMemory: 8303607808
INFO	2026-09-19 19:22:15	MarkDuplicates	Closed outputs. Getting more Memory Stats.
INFO	2026-09-19 19:22:15	MarkDuplicates	After output close freeMemory: 4671470816; totalMemory: 4721315840; maxMemory: 8303607808
[Sat Sep 19 19:22:15 CST 2026] picard.sam.markduplicates.MarkDuplicates done. Elapsed time: 0.49 minutes.
Runtime.totalMemory()=4721315840
