16:08:16.682 INFO  NativeLibraryLoader - Loading libgkl_compression.so from jar:file:/home/turing-agents/Documents/fast-gatk/third_party/gatk-package/gatk-4.6.2.0/gatk-package-4.6.2.0-local.jar!/com/intel/gkl/native/libgkl_compression.so
16:08:19.803 INFO  HaplotypeCaller - ------------------------------------------------------------
16:08:19.805 INFO  HaplotypeCaller - The Genome Analysis Toolkit (GATK) v4.6.2.0
16:08:19.805 INFO  HaplotypeCaller - For support and documentation go to https://software.broadinstitute.org/gatk/
16:08:19.805 INFO  HaplotypeCaller - Executing as turing-agents@turing-agents-MotherBoard-Series on Linux v7.0.0-31-generic amd64
16:08:19.805 INFO  HaplotypeCaller - Java runtime: OpenJDK 64-Bit Server VM v17.0.20+8
16:08:19.805 INFO  HaplotypeCaller - Start Date/Time: 2026年9月18日 CST 下午4:08:16
16:08:19.805 INFO  HaplotypeCaller - ------------------------------------------------------------
16:08:19.805 INFO  HaplotypeCaller - ------------------------------------------------------------
16:08:19.806 INFO  HaplotypeCaller - HTSJDK Version: 4.2.0
16:08:19.806 INFO  HaplotypeCaller - Picard Version: 3.4.0
16:08:19.806 INFO  HaplotypeCaller - Built for Spark Version: 3.5.0
16:08:19.807 INFO  HaplotypeCaller - HTSJDK Defaults.COMPRESSION_LEVEL : 2
16:08:19.807 INFO  HaplotypeCaller - HTSJDK Defaults.USE_ASYNC_IO_READ_FOR_SAMTOOLS : false
16:08:19.807 INFO  HaplotypeCaller - HTSJDK Defaults.USE_ASYNC_IO_WRITE_FOR_SAMTOOLS : true
16:08:19.807 INFO  HaplotypeCaller - HTSJDK Defaults.USE_ASYNC_IO_WRITE_FOR_TRIBBLE : false
16:08:19.807 INFO  HaplotypeCaller - Deflater: IntelDeflater
16:08:19.808 INFO  HaplotypeCaller - Inflater: IntelInflater
16:08:19.808 INFO  HaplotypeCaller - GCS max retries/reopens: 20
16:08:19.808 INFO  HaplotypeCaller - Requester pays: disabled
16:08:19.808 INFO  HaplotypeCaller - Initializing engine
16:08:19.900 INFO  IntervalArgumentCollection - Processing 10001 bp from intervals
16:08:19.903 INFO  HaplotypeCaller - Done initializing engine
16:08:19.904 INFO  HaplotypeCallerEngine - Tool is in reference confidence mode and the annotation, the following changes will be made to any specified annotations: 'StrandBiasBySample' will be enabled. 'ChromosomeCounts', 'FisherStrand', 'StrandOddsRatio' and 'QualByDepth' annotations have been disabled
16:08:19.912 INFO  NativeLibraryLoader - Loading libgkl_utils.so from jar:file:/home/turing-agents/Documents/fast-gatk/third_party/gatk-package/gatk-4.6.2.0/gatk-package-4.6.2.0-local.jar!/com/intel/gkl/native/libgkl_utils.so
16:08:19.913 INFO  NativeLibraryLoader - Loading libgkl_smithwaterman.so from jar:file:/home/turing-agents/Documents/fast-gatk/third_party/gatk-package/gatk-4.6.2.0/gatk-package-4.6.2.0-local.jar!/com/intel/gkl/native/libgkl_smithwaterman.so
16:08:19.914 INFO  IntelSmithWaterman - Using CPU-supported AVX-512 instructions
16:08:19.914 INFO  SmithWatermanAligner - Using AVX accelerated SmithWaterman implementation
16:08:19.915 INFO  HaplotypeCallerEngine - Standard Emitting and Calling confidence set to -0.0 for reference-model confidence output
16:08:19.915 INFO  HaplotypeCallerEngine - All sites annotated with PLs forced to true for reference-model confidence output
16:08:19.921 INFO  NativeLibraryLoader - Loading libgkl_pairhmm_omp.so from jar:file:/home/turing-agents/Documents/fast-gatk/third_party/gatk-package/gatk-4.6.2.0/gatk-package-4.6.2.0-local.jar!/com/intel/gkl/native/libgkl_pairhmm_omp.so
16:08:19.927 INFO  IntelPairHmm - Using CPU-supported AVX-512 instructions
16:08:19.927 INFO  IntelPairHmm - Flush-to-zero (FTZ) is enabled when running PairHMM
16:08:19.927 INFO  IntelPairHmm - Available threads: 32
16:08:19.927 INFO  IntelPairHmm - Requested threads: 4
16:08:19.927 INFO  PairHMM - Using the OpenMP multi-threaded AVX-accelerated native PairHMM implementation
16:08:19.961 INFO  ProgressMeter - Starting traversal
16:08:19.962 INFO  ProgressMeter -        Current Locus  Elapsed Minutes     Regions Processed   Regions/Minute
16:08:19.965 INFO  VectorLoglessPairHMM - Time spent in setup for JNI call : 0.0
16:08:19.966 INFO  PairHMM - Total compute time in PairHMM computeLogLikelihoods() : 0.0
16:08:19.966 INFO  SmithWatermanAligner - Total compute time in native Smith-Waterman : 0.00 sec
16:08:19.966 INFO  HaplotypeCaller - Shutting down engine
[2026年9月18日 CST 下午4:08:19] org.broadinstitute.hellbender.tools.walkers.haplotypecaller.HaplotypeCaller done. Elapsed time: 0.06 minutes.
Runtime.totalMemory()=809500672
***********************************************************************

A USER ERROR has occurred: Traversal by intervals was requested but some input files are not indexed.
Please index all input files:

samtools index /home/turing-agents/Documents/fast-gatk/public_pipeline/pipeline_v3/native/mkdup/out.bam


***********************************************************************
Set the system property GATK_STACKTRACE_ON_USER_EXCEPTION (--java-options '-DGATK_STACKTRACE_ON_USER_EXCEPTION=true') to print the stack trace.
