19:22:28.715 INFO  NativeLibraryLoader - Loading libgkl_compression.so from jar:file:/home/turing-agents/Documents/fast-gatk/third_party/gatk-package/gatk-4.6.2.0/gatk-package-4.6.2.0-local.jar!/com/intel/gkl/native/libgkl_compression.so
19:22:33.700 INFO  BaseRecalibrator - ------------------------------------------------------------
19:22:33.702 INFO  BaseRecalibrator - The Genome Analysis Toolkit (GATK) v4.6.2.0
19:22:33.702 INFO  BaseRecalibrator - For support and documentation go to https://software.broadinstitute.org/gatk/
19:22:33.702 INFO  BaseRecalibrator - Executing as turing-agents@turing-agents-MotherBoard-Series on Linux v7.0.0-31-generic amd64
19:22:33.702 INFO  BaseRecalibrator - Java runtime: OpenJDK 64-Bit Server VM v17.0.20+8
19:22:33.705 INFO  BaseRecalibrator - Start Date/Time: 2026年9月19日 CST 下午7:22:28
19:22:33.705 INFO  BaseRecalibrator - ------------------------------------------------------------
19:22:33.706 INFO  BaseRecalibrator - ------------------------------------------------------------
19:22:33.706 INFO  BaseRecalibrator - HTSJDK Version: 4.2.0
19:22:33.706 INFO  BaseRecalibrator - Picard Version: 3.4.0
19:22:33.706 INFO  BaseRecalibrator - Built for Spark Version: 3.5.0
19:22:33.709 INFO  BaseRecalibrator - HTSJDK Defaults.COMPRESSION_LEVEL : 2
19:22:33.709 INFO  BaseRecalibrator - HTSJDK Defaults.USE_ASYNC_IO_READ_FOR_SAMTOOLS : false
19:22:33.709 INFO  BaseRecalibrator - HTSJDK Defaults.USE_ASYNC_IO_WRITE_FOR_SAMTOOLS : true
19:22:33.709 INFO  BaseRecalibrator - HTSJDK Defaults.USE_ASYNC_IO_WRITE_FOR_TRIBBLE : false
19:22:33.710 INFO  BaseRecalibrator - Deflater: IntelDeflater
19:22:33.710 INFO  BaseRecalibrator - Inflater: IntelInflater
19:22:33.710 INFO  BaseRecalibrator - GCS max retries/reopens: 20
19:22:33.710 INFO  BaseRecalibrator - Requester pays: disabled
19:22:33.710 INFO  BaseRecalibrator - Initializing engine
19:22:33.896 INFO  FeatureManager - Using codec VCFCodec to read file file:///home/turing-agents/Documents/fast-gatk/public_pipeline/1000G.phase3.chr20.full.vcf.gz
19:22:35.078 INFO  FeatureManager - Using codec VCFCodec to read file file:///home/turing-agents/Documents/fast-gatk/testdata/real/mills_indels/Mills_and_1000G_gold_standard.indels.b37.sites.chr20.vcf.gz
19:22:35.126 INFO  IntervalArgumentCollection - Processing 3939095 bp from intervals
19:22:35.148 INFO  BaseRecalibrator - Done initializing engine
19:22:35.168 INFO  BaseRecalibrationEngine - The covariates being used here: 
19:22:35.170 INFO  BaseRecalibrationEngine - 	ReadGroupCovariate
19:22:35.170 INFO  BaseRecalibrationEngine - 	QualityScoreCovariate
19:22:35.170 INFO  BaseRecalibrationEngine - 	ContextCovariate
19:22:35.171 INFO  BaseRecalibrationEngine - 	CycleCovariate
19:22:35.197 INFO  ProgressMeter - Starting traversal
19:22:35.198 INFO  ProgressMeter -        Current Locus  Elapsed Minutes       Reads Processed     Reads/Minute
19:22:45.836 INFO  ProgressMeter -          20:55300906              0.2                  7000          39529.4
19:22:55.988 INFO  ProgressMeter -          20:55464679              0.3                 15000          43300.5
19:23:06.397 INFO  ProgressMeter -          20:55682610              0.5                 26000          50003.2
19:23:16.413 INFO  ProgressMeter -          20:55901945              0.7                 37000          53870.4
19:23:26.416 INFO  ProgressMeter -          20:56116394              0.9                 47000          55063.1
19:23:37.351 INFO  ProgressMeter -          20:56344666              1.0                 58000          55994.5
19:23:48.129 INFO  ProgressMeter -          20:56566711              1.2                 69000          56766.8
19:23:59.087 INFO  ProgressMeter -          20:56801305              1.4                 81000          57935.1
19:24:09.282 INFO  ProgressMeter -          20:57055822              1.6                 94000          59947.1
19:24:20.195 INFO  ProgressMeter -          20:57306918              1.7                106000          60574.9
19:24:30.700 INFO  ProgressMeter -          20:57573906              1.9                119000          61817.6
19:24:41.453 INFO  ProgressMeter -          20:57865334              2.1                134000          63681.2
19:24:51.591 INFO  ProgressMeter -          20:58107741              2.3                146000          64228.1
19:25:01.966 INFO  ProgressMeter -          20:58392196              2.4                160000          65409.4
19:25:12.143 INFO  ProgressMeter -          20:58921946              2.6                187000          71490.0
19:25:14.734 INFO  BaseRecalibrator - 1710 read(s) filtered by: MappingQualityNotZeroReadFilter 
0 read(s) filtered by: MappingQualityAvailableReadFilter 
0 read(s) filtered by: MappedReadFilter 
0 read(s) filtered by: NotSecondaryAlignmentReadFilter 
10752 read(s) filtered by: NotDuplicateReadFilter 
0 read(s) filtered by: PassesVendorQualityCheckReadFilter 
0 read(s) filtered by: WellformedReadFilter 
12462 total reads filtered out of 207788 reads processed
19:25:14.734 INFO  ProgressMeter -          20:59079928              2.7                195326          73460.3
19:25:14.735 INFO  ProgressMeter - Traversal complete. Processed 195326 total reads in 2.7 minutes.
19:25:14.750 INFO  BaseRecalibrator - Calculating quantized quality scores...
19:25:14.782 INFO  BaseRecalibrator - Writing recalibration report...
19:25:16.255 INFO  BaseRecalibrator - ...done!
19:25:16.256 INFO  BaseRecalibrator - BaseRecalibrator was able to recalibrate 195326 reads
19:25:16.256 INFO  BaseRecalibrator - Shutting down engine
[2026年9月19日 CST 下午7:25:16] org.broadinstitute.hellbender.tools.walkers.bqsr.BaseRecalibrator done. Elapsed time: 2.79 minutes.
Runtime.totalMemory()=1461780480
