19:22:28.582 INFO  NativeLibraryLoader - Loading libgkl_compression.so from jar:file:/home/turing-agents/Documents/fast-gatk/third_party/gatk-package/gatk-4.6.2.0/gatk-package-4.6.2.0-local.jar!/com/intel/gkl/native/libgkl_compression.so
19:22:32.735 INFO  BaseRecalibrator - ------------------------------------------------------------
19:22:32.737 INFO  BaseRecalibrator - The Genome Analysis Toolkit (GATK) v4.6.2.0
19:22:32.737 INFO  BaseRecalibrator - For support and documentation go to https://software.broadinstitute.org/gatk/
19:22:32.737 INFO  BaseRecalibrator - Executing as turing-agents@turing-agents-MotherBoard-Series on Linux v7.0.0-31-generic amd64
19:22:32.737 INFO  BaseRecalibrator - Java runtime: OpenJDK 64-Bit Server VM v17.0.20+8
19:22:32.738 INFO  BaseRecalibrator - Start Date/Time: 2026年9月19日 CST 下午7:22:28
19:22:32.738 INFO  BaseRecalibrator - ------------------------------------------------------------
19:22:32.738 INFO  BaseRecalibrator - ------------------------------------------------------------
19:22:32.741 INFO  BaseRecalibrator - HTSJDK Version: 4.2.0
19:22:32.741 INFO  BaseRecalibrator - Picard Version: 3.4.0
19:22:32.741 INFO  BaseRecalibrator - Built for Spark Version: 3.5.0
19:22:32.743 INFO  BaseRecalibrator - HTSJDK Defaults.COMPRESSION_LEVEL : 2
19:22:32.743 INFO  BaseRecalibrator - HTSJDK Defaults.USE_ASYNC_IO_READ_FOR_SAMTOOLS : false
19:22:32.743 INFO  BaseRecalibrator - HTSJDK Defaults.USE_ASYNC_IO_WRITE_FOR_SAMTOOLS : true
19:22:32.743 INFO  BaseRecalibrator - HTSJDK Defaults.USE_ASYNC_IO_WRITE_FOR_TRIBBLE : false
19:22:32.743 INFO  BaseRecalibrator - Deflater: IntelDeflater
19:22:32.743 INFO  BaseRecalibrator - Inflater: IntelInflater
19:22:32.743 INFO  BaseRecalibrator - GCS max retries/reopens: 20
19:22:32.743 INFO  BaseRecalibrator - Requester pays: disabled
19:22:32.744 INFO  BaseRecalibrator - Initializing engine
19:22:33.011 INFO  FeatureManager - Using codec VCFCodec to read file file:///home/turing-agents/Documents/fast-gatk/public_pipeline/1000G.phase3.chr20.full.vcf.gz
19:22:34.143 INFO  FeatureManager - Using codec VCFCodec to read file file:///home/turing-agents/Documents/fast-gatk/testdata/real/mills_indels/Mills_and_1000G_gold_standard.indels.b37.sites.chr20.vcf.gz
19:22:34.179 INFO  IntervalArgumentCollection - Processing 3939095 bp from intervals
19:22:34.196 INFO  BaseRecalibrator - Done initializing engine
19:22:34.210 INFO  BaseRecalibrationEngine - The covariates being used here: 
19:22:34.211 INFO  BaseRecalibrationEngine - 	ReadGroupCovariate
19:22:34.211 INFO  BaseRecalibrationEngine - 	QualityScoreCovariate
19:22:34.211 INFO  BaseRecalibrationEngine - 	ContextCovariate
19:22:34.211 INFO  BaseRecalibrationEngine - 	CycleCovariate
19:22:34.227 INFO  ProgressMeter - Starting traversal
19:22:34.228 INFO  ProgressMeter -        Current Locus  Elapsed Minutes       Reads Processed     Reads/Minute
19:22:45.439 INFO  ProgressMeter -          20:47416436              0.2                  7000          37530.2
19:22:56.042 INFO  ProgressMeter -          20:47696651              0.4                 21000          57766.4
19:23:06.305 INFO  ProgressMeter -          20:47950748              0.5                 34000          63599.0
19:23:16.938 INFO  ProgressMeter -          20:48228202              0.7                 48000          67433.1
19:23:27.432 INFO  ProgressMeter -          20:48465608              0.9                 60000          67667.9
19:23:37.632 INFO  ProgressMeter -          20:48727238              1.1                 72000          68136.7
19:23:48.135 INFO  ProgressMeter -          20:48998812              1.2                 85000          69006.6
19:23:59.119 INFO  ProgressMeter -          20:49260083              1.4                 98000          69266.1
19:24:09.806 INFO  ProgressMeter -          20:49511994              1.6                110000          69054.3
19:24:20.044 INFO  ProgressMeter -          20:49775409              1.8                123000          69745.7
19:24:30.803 INFO  ProgressMeter -          20:50030846              1.9                136000          69998.5
19:24:41.080 INFO  ProgressMeter -          20:50290496              2.1                148000          70003.4
19:24:51.925 INFO  ProgressMeter -          20:50561746              2.3                161000          70155.1
19:25:02.109 INFO  ProgressMeter -          20:50879872              2.5                177000          71814.5
19:25:08.056 INFO  BaseRecalibrator - 2214 read(s) filtered by: MappingQualityNotZeroReadFilter 
0 read(s) filtered by: MappingQualityAvailableReadFilter 
0 read(s) filtered by: MappedReadFilter 
0 read(s) filtered by: NotSecondaryAlignmentReadFilter 
10070 read(s) filtered by: NotDuplicateReadFilter 
0 read(s) filtered by: PassesVendorQualityCheckReadFilter 
0 read(s) filtered by: WellformedReadFilter 
12284 total reads filtered out of 206920 reads processed
19:25:08.057 INFO  ProgressMeter -          20:51196907              2.6                194636          75917.0
19:25:08.057 INFO  ProgressMeter - Traversal complete. Processed 194636 total reads in 2.6 minutes.
19:25:08.075 INFO  BaseRecalibrator - Calculating quantized quality scores...
19:25:08.110 INFO  BaseRecalibrator - Writing recalibration report...
19:25:09.994 INFO  BaseRecalibrator - ...done!
19:25:09.995 INFO  BaseRecalibrator - BaseRecalibrator was able to recalibrate 194636 reads
19:25:09.995 INFO  BaseRecalibrator - Shutting down engine
[2026年9月19日 CST 下午7:25:09] org.broadinstitute.hellbender.tools.walkers.bqsr.BaseRecalibrator done. Elapsed time: 2.69 minutes.
Runtime.totalMemory()=1461780480
