19:22:28.621 INFO  NativeLibraryLoader - Loading libgkl_compression.so from jar:file:/home/turing-agents/Documents/fast-gatk/third_party/gatk-package/gatk-4.6.2.0/gatk-package-4.6.2.0-local.jar!/com/intel/gkl/native/libgkl_compression.so
19:22:32.476 INFO  BaseRecalibrator - ------------------------------------------------------------
19:22:32.478 INFO  BaseRecalibrator - The Genome Analysis Toolkit (GATK) v4.6.2.0
19:22:32.478 INFO  BaseRecalibrator - For support and documentation go to https://software.broadinstitute.org/gatk/
19:22:32.478 INFO  BaseRecalibrator - Executing as turing-agents@turing-agents-MotherBoard-Series on Linux v7.0.0-31-generic amd64
19:22:32.478 INFO  BaseRecalibrator - Java runtime: OpenJDK 64-Bit Server VM v17.0.20+8
19:22:32.478 INFO  BaseRecalibrator - Start Date/Time: 2026年9月19日 CST 下午7:22:28
19:22:32.479 INFO  BaseRecalibrator - ------------------------------------------------------------
19:22:32.479 INFO  BaseRecalibrator - ------------------------------------------------------------
19:22:32.480 INFO  BaseRecalibrator - HTSJDK Version: 4.2.0
19:22:32.480 INFO  BaseRecalibrator - Picard Version: 3.4.0
19:22:32.480 INFO  BaseRecalibrator - Built for Spark Version: 3.5.0
19:22:32.482 INFO  BaseRecalibrator - HTSJDK Defaults.COMPRESSION_LEVEL : 2
19:22:32.482 INFO  BaseRecalibrator - HTSJDK Defaults.USE_ASYNC_IO_READ_FOR_SAMTOOLS : false
19:22:32.482 INFO  BaseRecalibrator - HTSJDK Defaults.USE_ASYNC_IO_WRITE_FOR_SAMTOOLS : true
19:22:32.485 INFO  BaseRecalibrator - HTSJDK Defaults.USE_ASYNC_IO_WRITE_FOR_TRIBBLE : false
19:22:32.485 INFO  BaseRecalibrator - Deflater: IntelDeflater
19:22:32.485 INFO  BaseRecalibrator - Inflater: IntelInflater
19:22:32.485 INFO  BaseRecalibrator - GCS max retries/reopens: 20
19:22:32.485 INFO  BaseRecalibrator - Requester pays: disabled
19:22:32.486 INFO  BaseRecalibrator - Initializing engine
19:22:32.699 INFO  FeatureManager - Using codec VCFCodec to read file file:///home/turing-agents/Documents/fast-gatk/public_pipeline/1000G.phase3.chr20.full.vcf.gz
19:22:33.813 INFO  FeatureManager - Using codec VCFCodec to read file file:///home/turing-agents/Documents/fast-gatk/testdata/real/mills_indels/Mills_and_1000G_gold_standard.indels.b37.sites.chr20.vcf.gz
19:22:33.840 INFO  IntervalArgumentCollection - Processing 3939095 bp from intervals
19:22:33.854 INFO  BaseRecalibrator - Done initializing engine
19:22:33.862 INFO  BaseRecalibrationEngine - The covariates being used here: 
19:22:33.863 INFO  BaseRecalibrationEngine - 	ReadGroupCovariate
19:22:33.863 INFO  BaseRecalibrationEngine - 	QualityScoreCovariate
19:22:33.863 INFO  BaseRecalibrationEngine - 	ContextCovariate
19:22:33.863 INFO  BaseRecalibrationEngine - 	CycleCovariate
19:22:33.876 INFO  ProgressMeter - Starting traversal
19:22:33.877 INFO  ProgressMeter -        Current Locus  Elapsed Minutes       Reads Processed     Reads/Minute
19:22:43.977 INFO  ProgressMeter -          20:19869822              0.2                  9000          53507.7
19:22:54.466 INFO  ProgressMeter -          20:20027572              0.3                 17000          49553.1
19:23:04.608 INFO  ProgressMeter -          20:20311857              0.5                 32000          62479.7
19:23:14.783 INFO  ProgressMeter -          20:20596643              0.7                 47000          68943.6
19:23:24.905 INFO  ProgressMeter -          20:20883347              0.9                 62000          72902.6
19:23:35.401 INFO  ProgressMeter -          20:21155246              1.0                 76000          74123.4
19:23:45.567 INFO  ProgressMeter -          20:21459076              1.2                 92000          77000.3
19:23:56.028 INFO  ProgressMeter -          20:21740994              1.4                106000          77420.3
19:24:06.711 INFO  ProgressMeter -          20:22026292              1.5                121000          78204.9
19:24:17.328 INFO  ProgressMeter -          20:22298504              1.7                135000          78299.5
19:24:28.158 INFO  ProgressMeter -          20:22575063              1.9                149000          78228.9
19:24:38.776 INFO  ProgressMeter -          20:22847793              2.1                163000          78303.9
19:24:48.998 INFO  ProgressMeter -          20:23103058              2.3                176000          78153.9
19:24:59.181 INFO  ProgressMeter -          20:23468705              2.4                194000          80108.5
19:25:03.363 INFO  BaseRecalibrator - 3005 read(s) filtered by: MappingQualityNotZeroReadFilter 
0 read(s) filtered by: MappingQualityAvailableReadFilter 
0 read(s) filtered by: MappedReadFilter 
0 read(s) filtered by: NotSecondaryAlignmentReadFilter 
14993 read(s) filtered by: NotDuplicateReadFilter 
0 read(s) filtered by: PassesVendorQualityCheckReadFilter 
0 read(s) filtered by: WellformedReadFilter 
17998 total reads filtered out of 220150 reads processed
19:25:03.365 INFO  ProgressMeter -          20:23630909              2.5                202152          81138.3
19:25:03.366 INFO  ProgressMeter - Traversal complete. Processed 202152 total reads in 2.5 minutes.
19:25:03.397 INFO  BaseRecalibrator - Calculating quantized quality scores...
19:25:03.465 INFO  BaseRecalibrator - Writing recalibration report...
19:25:06.038 INFO  BaseRecalibrator - ...done!
19:25:06.039 INFO  BaseRecalibrator - BaseRecalibrator was able to recalibrate 202152 reads
19:25:06.039 INFO  BaseRecalibrator - Shutting down engine
[2026年9月19日 CST 下午7:25:06] org.broadinstitute.hellbender.tools.walkers.bqsr.BaseRecalibrator done. Elapsed time: 2.63 minutes.
Runtime.totalMemory()=1461780480
