19:22:28.531 INFO  NativeLibraryLoader - Loading libgkl_compression.so from jar:file:/home/turing-agents/Documents/fast-gatk/third_party/gatk-package/gatk-4.6.2.0/gatk-package-4.6.2.0-local.jar!/com/intel/gkl/native/libgkl_compression.so
19:22:32.711 INFO  BaseRecalibrator - ------------------------------------------------------------
19:22:32.715 INFO  BaseRecalibrator - The Genome Analysis Toolkit (GATK) v4.6.2.0
19:22:32.716 INFO  BaseRecalibrator - For support and documentation go to https://software.broadinstitute.org/gatk/
19:22:32.717 INFO  BaseRecalibrator - Executing as turing-agents@turing-agents-MotherBoard-Series on Linux v7.0.0-31-generic amd64
19:22:32.717 INFO  BaseRecalibrator - Java runtime: OpenJDK 64-Bit Server VM v17.0.20+8
19:22:32.718 INFO  BaseRecalibrator - Start Date/Time: 2026年9月19日 CST 下午7:22:28
19:22:32.718 INFO  BaseRecalibrator - ------------------------------------------------------------
19:22:32.718 INFO  BaseRecalibrator - ------------------------------------------------------------
19:22:32.721 INFO  BaseRecalibrator - HTSJDK Version: 4.2.0
19:22:32.721 INFO  BaseRecalibrator - Picard Version: 3.4.0
19:22:32.721 INFO  BaseRecalibrator - Built for Spark Version: 3.5.0
19:22:32.726 INFO  BaseRecalibrator - HTSJDK Defaults.COMPRESSION_LEVEL : 2
19:22:32.727 INFO  BaseRecalibrator - HTSJDK Defaults.USE_ASYNC_IO_READ_FOR_SAMTOOLS : false
19:22:32.727 INFO  BaseRecalibrator - HTSJDK Defaults.USE_ASYNC_IO_WRITE_FOR_SAMTOOLS : true
19:22:32.727 INFO  BaseRecalibrator - HTSJDK Defaults.USE_ASYNC_IO_WRITE_FOR_TRIBBLE : false
19:22:32.727 INFO  BaseRecalibrator - Deflater: IntelDeflater
19:22:32.727 INFO  BaseRecalibrator - Inflater: IntelInflater
19:22:32.727 INFO  BaseRecalibrator - GCS max retries/reopens: 20
19:22:32.727 INFO  BaseRecalibrator - Requester pays: disabled
19:22:32.728 INFO  BaseRecalibrator - Initializing engine
19:22:32.979 INFO  FeatureManager - Using codec VCFCodec to read file file:///home/turing-agents/Documents/fast-gatk/public_pipeline/1000G.phase3.chr20.full.vcf.gz
19:22:34.097 INFO  FeatureManager - Using codec VCFCodec to read file file:///home/turing-agents/Documents/fast-gatk/testdata/real/mills_indels/Mills_and_1000G_gold_standard.indels.b37.sites.chr20.vcf.gz
19:22:34.121 INFO  IntervalArgumentCollection - Processing 3939095 bp from intervals
19:22:34.136 INFO  BaseRecalibrator - Done initializing engine
19:22:34.145 INFO  BaseRecalibrationEngine - The covariates being used here: 
19:22:34.146 INFO  BaseRecalibrationEngine - 	ReadGroupCovariate
19:22:34.146 INFO  BaseRecalibrationEngine - 	QualityScoreCovariate
19:22:34.146 INFO  BaseRecalibrationEngine - 	ContextCovariate
19:22:34.146 INFO  BaseRecalibrationEngine - 	CycleCovariate
19:22:34.158 INFO  ProgressMeter - Starting traversal
19:22:34.162 INFO  ProgressMeter -        Current Locus  Elapsed Minutes       Reads Processed     Reads/Minute
19:22:44.672 INFO  ProgressMeter -          20:43515502              0.2                  9000          51458.0
19:22:54.869 INFO  ProgressMeter -          20:43797443              0.3                 24000          69548.4
19:23:05.135 INFO  ProgressMeter -          20:44053227              0.5                 37000          71680.0
19:23:15.678 INFO  ProgressMeter -          20:44315623              0.7                 51000          73710.1
19:23:25.839 INFO  ProgressMeter -          20:44571167              0.9                 64000          74310.6
19:23:35.860 INFO  ProgressMeter -          20:44824806              1.0                 76000          73916.8
19:23:46.353 INFO  ProgressMeter -          20:45096902              1.2                 89000          73972.5
19:23:56.508 INFO  ProgressMeter -          20:45355478              1.4                102000          74323.3
19:24:06.936 INFO  ProgressMeter -          20:45602498              1.5                115000          74375.9
19:24:17.084 INFO  ProgressMeter -          20:45833864              1.7                127000          74040.2
19:24:27.766 INFO  ProgressMeter -          20:46081725              1.9                139000          73414.2
19:24:38.340 INFO  ProgressMeter -          20:46363780              2.1                153000          73927.3
19:24:48.479 INFO  ProgressMeter -          20:46602437              2.2                164000          73261.2
19:24:58.858 INFO  ProgressMeter -          20:46874372              2.4                178000          73810.9
19:25:08.899 INFO  BaseRecalibrator - 2971 read(s) filtered by: MappingQualityNotZeroReadFilter 
0 read(s) filtered by: MappingQualityAvailableReadFilter 
0 read(s) filtered by: MappedReadFilter 
0 read(s) filtered by: NotSecondaryAlignmentReadFilter 
11142 read(s) filtered by: NotDuplicateReadFilter 
0 read(s) filtered by: PassesVendorQualityCheckReadFilter 
0 read(s) filtered by: WellformedReadFilter 
14113 total reads filtered out of 211230 reads processed
19:25:08.900 INFO  ProgressMeter -          20:47265928              2.6                197117          76433.5
19:25:08.900 INFO  ProgressMeter - Traversal complete. Processed 197117 total reads in 2.6 minutes.
19:25:08.917 INFO  BaseRecalibrator - Calculating quantized quality scores...
19:25:08.944 INFO  BaseRecalibrator - Writing recalibration report...
19:25:10.587 INFO  BaseRecalibrator - ...done!
19:25:10.588 INFO  BaseRecalibrator - BaseRecalibrator was able to recalibrate 197117 reads
19:25:10.588 INFO  BaseRecalibrator - Shutting down engine
[2026年9月19日 CST 下午7:25:10] org.broadinstitute.hellbender.tools.walkers.bqsr.BaseRecalibrator done. Elapsed time: 2.70 minutes.
Runtime.totalMemory()=1461780480
