19:22:28.530 INFO  NativeLibraryLoader - Loading libgkl_compression.so from jar:file:/home/turing-agents/Documents/fast-gatk/third_party/gatk-package/gatk-4.6.2.0/gatk-package-4.6.2.0-local.jar!/com/intel/gkl/native/libgkl_compression.so
19:22:32.690 INFO  BaseRecalibrator - ------------------------------------------------------------
19:22:32.692 INFO  BaseRecalibrator - The Genome Analysis Toolkit (GATK) v4.6.2.0
19:22:32.692 INFO  BaseRecalibrator - For support and documentation go to https://software.broadinstitute.org/gatk/
19:22:32.692 INFO  BaseRecalibrator - Executing as turing-agents@turing-agents-MotherBoard-Series on Linux v7.0.0-31-generic amd64
19:22:32.693 INFO  BaseRecalibrator - Java runtime: OpenJDK 64-Bit Server VM v17.0.20+8
19:22:32.695 INFO  BaseRecalibrator - Start Date/Time: 2026年9月19日 CST 下午7:22:28
19:22:32.695 INFO  BaseRecalibrator - ------------------------------------------------------------
19:22:32.695 INFO  BaseRecalibrator - ------------------------------------------------------------
19:22:32.696 INFO  BaseRecalibrator - HTSJDK Version: 4.2.0
19:22:32.696 INFO  BaseRecalibrator - Picard Version: 3.4.0
19:22:32.696 INFO  BaseRecalibrator - Built for Spark Version: 3.5.0
19:22:32.701 INFO  BaseRecalibrator - HTSJDK Defaults.COMPRESSION_LEVEL : 2
19:22:32.701 INFO  BaseRecalibrator - HTSJDK Defaults.USE_ASYNC_IO_READ_FOR_SAMTOOLS : false
19:22:32.701 INFO  BaseRecalibrator - HTSJDK Defaults.USE_ASYNC_IO_WRITE_FOR_SAMTOOLS : true
19:22:32.701 INFO  BaseRecalibrator - HTSJDK Defaults.USE_ASYNC_IO_WRITE_FOR_TRIBBLE : false
19:22:32.702 INFO  BaseRecalibrator - Deflater: IntelDeflater
19:22:32.702 INFO  BaseRecalibrator - Inflater: IntelInflater
19:22:32.702 INFO  BaseRecalibrator - GCS max retries/reopens: 20
19:22:32.702 INFO  BaseRecalibrator - Requester pays: disabled
19:22:32.702 INFO  BaseRecalibrator - Initializing engine
19:22:32.936 INFO  FeatureManager - Using codec VCFCodec to read file file:///home/turing-agents/Documents/fast-gatk/public_pipeline/1000G.phase3.chr20.full.vcf.gz
19:22:34.060 INFO  FeatureManager - Using codec VCFCodec to read file file:///home/turing-agents/Documents/fast-gatk/testdata/real/mills_indels/Mills_and_1000G_gold_standard.indels.b37.sites.chr20.vcf.gz
19:22:34.083 INFO  IntervalArgumentCollection - Processing 3939095 bp from intervals
19:22:34.093 INFO  BaseRecalibrator - Done initializing engine
19:22:34.105 INFO  BaseRecalibrationEngine - The covariates being used here: 
19:22:34.106 INFO  BaseRecalibrationEngine - 	ReadGroupCovariate
19:22:34.106 INFO  BaseRecalibrationEngine - 	QualityScoreCovariate
19:22:34.106 INFO  BaseRecalibrationEngine - 	ContextCovariate
19:22:34.106 INFO  BaseRecalibrationEngine - 	CycleCovariate
19:22:34.123 INFO  ProgressMeter - Starting traversal
19:22:34.123 INFO  ProgressMeter -        Current Locus  Elapsed Minutes       Reads Processed     Reads/Minute
19:22:44.966 INFO  ProgressMeter -            20:291001              0.2                 12000          66482.0
19:22:55.644 INFO  ProgressMeter -            20:580752              0.4                 26000          72490.7
19:23:06.359 INFO  ProgressMeter -            20:835754              0.5                 38000          70730.6
19:23:16.653 INFO  ProgressMeter -           20:1095035              0.7                 51000          71950.9
19:23:26.910 INFO  ProgressMeter -           20:1379051              0.9                 65000          73893.0
19:23:37.141 INFO  ProgressMeter -           20:1666716              1.1                 79000          75219.0
19:23:47.311 INFO  ProgressMeter -           20:1936057              1.2                 92000          75422.2
19:23:57.462 INFO  ProgressMeter -           20:2212575              1.4                106000          76315.7
19:24:07.730 INFO  ProgressMeter -           20:2528560              1.6                122000          78200.1
19:24:18.262 INFO  ProgressMeter -           20:2866007              1.7                138000          79511.4
19:24:28.512 INFO  ProgressMeter -           20:3204897              1.9                154000          80777.7
19:24:38.842 INFO  ProgressMeter -           20:3576616              2.1                173000          83227.8
19:24:48.947 INFO  ProgressMeter -           20:3897353              2.2                188000          83665.9
19:24:50.162 INFO  BaseRecalibrator - 3001 read(s) filtered by: MappingQualityNotZeroReadFilter 
0 read(s) filtered by: MappingQualityAvailableReadFilter 
0 read(s) filtered by: MappedReadFilter 
0 read(s) filtered by: NotSecondaryAlignmentReadFilter 
11233 read(s) filtered by: NotDuplicateReadFilter 
0 read(s) filtered by: PassesVendorQualityCheckReadFilter 
0 read(s) filtered by: WellformedReadFilter 
14234 total reads filtered out of 204387 reads processed
19:24:50.164 INFO  ProgressMeter -           20:3935718              2.3                190153          83866.4
19:24:50.166 INFO  ProgressMeter - Traversal complete. Processed 190153 total reads in 2.3 minutes.
19:24:50.192 INFO  BaseRecalibrator - Calculating quantized quality scores...
19:24:50.274 INFO  BaseRecalibrator - Writing recalibration report...
19:24:54.185 INFO  BaseRecalibrator - ...done!
19:24:54.191 INFO  BaseRecalibrator - BaseRecalibrator was able to recalibrate 190153 reads
19:24:54.191 INFO  BaseRecalibrator - Shutting down engine
[2026年9月19日 CST 下午7:24:54] org.broadinstitute.hellbender.tools.walkers.bqsr.BaseRecalibrator done. Elapsed time: 2.43 minutes.
Runtime.totalMemory()=1461780480
