19:22:28.416 INFO  NativeLibraryLoader - Loading libgkl_compression.so from jar:file:/home/turing-agents/Documents/fast-gatk/third_party/gatk-package/gatk-4.6.2.0/gatk-package-4.6.2.0-local.jar!/com/intel/gkl/native/libgkl_compression.so
19:22:32.293 INFO  BaseRecalibrator - ------------------------------------------------------------
19:22:32.294 INFO  BaseRecalibrator - The Genome Analysis Toolkit (GATK) v4.6.2.0
19:22:32.295 INFO  BaseRecalibrator - For support and documentation go to https://software.broadinstitute.org/gatk/
19:22:32.295 INFO  BaseRecalibrator - Executing as turing-agents@turing-agents-MotherBoard-Series on Linux v7.0.0-31-generic amd64
19:22:32.295 INFO  BaseRecalibrator - Java runtime: OpenJDK 64-Bit Server VM v17.0.20+8
19:22:32.295 INFO  BaseRecalibrator - Start Date/Time: 2026年9月19日 CST 下午7:22:28
19:22:32.295 INFO  BaseRecalibrator - ------------------------------------------------------------
19:22:32.295 INFO  BaseRecalibrator - ------------------------------------------------------------
19:22:32.297 INFO  BaseRecalibrator - HTSJDK Version: 4.2.0
19:22:32.297 INFO  BaseRecalibrator - Picard Version: 3.4.0
19:22:32.299 INFO  BaseRecalibrator - Built for Spark Version: 3.5.0
19:22:32.300 INFO  BaseRecalibrator - HTSJDK Defaults.COMPRESSION_LEVEL : 2
19:22:32.300 INFO  BaseRecalibrator - HTSJDK Defaults.USE_ASYNC_IO_READ_FOR_SAMTOOLS : false
19:22:32.300 INFO  BaseRecalibrator - HTSJDK Defaults.USE_ASYNC_IO_WRITE_FOR_SAMTOOLS : true
19:22:32.300 INFO  BaseRecalibrator - HTSJDK Defaults.USE_ASYNC_IO_WRITE_FOR_TRIBBLE : false
19:22:32.300 INFO  BaseRecalibrator - Deflater: IntelDeflater
19:22:32.300 INFO  BaseRecalibrator - Inflater: IntelInflater
19:22:32.300 INFO  BaseRecalibrator - GCS max retries/reopens: 20
19:22:32.300 INFO  BaseRecalibrator - Requester pays: disabled
19:22:32.301 INFO  BaseRecalibrator - Initializing engine
19:22:32.513 INFO  FeatureManager - Using codec VCFCodec to read file file:///home/turing-agents/Documents/fast-gatk/public_pipeline/1000G.phase3.chr20.full.vcf.gz
19:22:33.599 INFO  FeatureManager - Using codec VCFCodec to read file file:///home/turing-agents/Documents/fast-gatk/testdata/real/mills_indels/Mills_and_1000G_gold_standard.indels.b37.sites.chr20.vcf.gz
19:22:33.618 INFO  IntervalArgumentCollection - Processing 3939095 bp from intervals
19:22:33.629 INFO  BaseRecalibrator - Done initializing engine
19:22:33.637 INFO  BaseRecalibrationEngine - The covariates being used here: 
19:22:33.637 INFO  BaseRecalibrationEngine - 	ReadGroupCovariate
19:22:33.637 INFO  BaseRecalibrationEngine - 	QualityScoreCovariate
19:22:33.638 INFO  BaseRecalibrationEngine - 	ContextCovariate
19:22:33.638 INFO  BaseRecalibrationEngine - 	CycleCovariate
19:22:33.652 INFO  ProgressMeter - Starting traversal
19:22:33.652 INFO  ProgressMeter -        Current Locus  Elapsed Minutes       Reads Processed     Reads/Minute
19:22:43.976 INFO  ProgressMeter -           20:8062187              0.2                 10000          58184.6
19:22:53.998 INFO  ProgressMeter -           20:8352909              0.3                 25000          73731.8
19:23:04.620 INFO  ProgressMeter -           20:8678586              0.5                 42000          81376.9
19:23:15.230 INFO  ProgressMeter -           20:8955898              0.7                 57000          82257.0
19:23:25.326 INFO  ProgressMeter -           20:9263165              0.9                 73000          84765.4
19:23:36.150 INFO  ProgressMeter -           20:9532036              1.0                 87000          83530.7
19:23:46.166 INFO  ProgressMeter -           20:9808971              1.2                102000          84398.7
19:23:56.631 INFO  ProgressMeter -          20:10095958              1.4                117000          84600.7
19:24:06.802 INFO  ProgressMeter -          20:10395674              1.6                133000          85669.2
19:24:17.177 INFO  ProgressMeter -          20:10703377              1.7                149000          86358.5
19:24:27.379 INFO  ProgressMeter -          20:10998395              1.9                165000          87051.3
19:24:37.823 INFO  ProgressMeter -          20:11301834              2.1                181000          87460.7
19:24:48.090 INFO  ProgressMeter -          20:11624713              2.2                198000          88369.8
19:24:53.785 INFO  BaseRecalibrator - 2298 read(s) filtered by: MappingQualityNotZeroReadFilter 
0 read(s) filtered by: MappingQualityAvailableReadFilter 
0 read(s) filtered by: MappedReadFilter 
0 read(s) filtered by: NotSecondaryAlignmentReadFilter 
19441 read(s) filtered by: NotDuplicateReadFilter 
0 read(s) filtered by: PassesVendorQualityCheckReadFilter 
0 read(s) filtered by: WellformedReadFilter 
21739 total reads filtered out of 229904 reads processed
19:24:53.786 INFO  ProgressMeter -          20:11814432              2.3                208165          89128.3
19:24:53.786 INFO  ProgressMeter - Traversal complete. Processed 208165 total reads in 2.3 minutes.
19:24:53.811 INFO  BaseRecalibrator - Calculating quantized quality scores...
19:24:53.888 INFO  BaseRecalibrator - Writing recalibration report...
19:24:57.391 INFO  BaseRecalibrator - ...done!
19:24:57.400 INFO  BaseRecalibrator - BaseRecalibrator was able to recalibrate 208165 reads
19:24:57.401 INFO  BaseRecalibrator - Shutting down engine
[2026年9月19日 CST 下午7:24:57] org.broadinstitute.hellbender.tools.walkers.bqsr.BaseRecalibrator done. Elapsed time: 2.49 minutes.
Runtime.totalMemory()=1461780480
