19:22:28.274 INFO  NativeLibraryLoader - Loading libgkl_compression.so from jar:file:/home/turing-agents/Documents/fast-gatk/third_party/gatk-package/gatk-4.6.2.0/gatk-package-4.6.2.0-local.jar!/com/intel/gkl/native/libgkl_compression.so
19:22:32.993 INFO  BaseRecalibrator - ------------------------------------------------------------
19:22:32.995 INFO  BaseRecalibrator - The Genome Analysis Toolkit (GATK) v4.6.2.0
19:22:32.995 INFO  BaseRecalibrator - For support and documentation go to https://software.broadinstitute.org/gatk/
19:22:32.996 INFO  BaseRecalibrator - Executing as turing-agents@turing-agents-MotherBoard-Series on Linux v7.0.0-31-generic amd64
19:22:32.996 INFO  BaseRecalibrator - Java runtime: OpenJDK 64-Bit Server VM v17.0.20+8
19:22:32.996 INFO  BaseRecalibrator - Start Date/Time: 2026年9月19日 CST 下午7:22:28
19:22:32.996 INFO  BaseRecalibrator - ------------------------------------------------------------
19:22:32.996 INFO  BaseRecalibrator - ------------------------------------------------------------
19:22:32.998 INFO  BaseRecalibrator - HTSJDK Version: 4.2.0
19:22:32.998 INFO  BaseRecalibrator - Picard Version: 3.4.0
19:22:32.998 INFO  BaseRecalibrator - Built for Spark Version: 3.5.0
19:22:33.000 INFO  BaseRecalibrator - HTSJDK Defaults.COMPRESSION_LEVEL : 2
19:22:33.000 INFO  BaseRecalibrator - HTSJDK Defaults.USE_ASYNC_IO_READ_FOR_SAMTOOLS : false
19:22:33.000 INFO  BaseRecalibrator - HTSJDK Defaults.USE_ASYNC_IO_WRITE_FOR_SAMTOOLS : true
19:22:33.001 INFO  BaseRecalibrator - HTSJDK Defaults.USE_ASYNC_IO_WRITE_FOR_TRIBBLE : false
19:22:33.001 INFO  BaseRecalibrator - Deflater: IntelDeflater
19:22:33.001 INFO  BaseRecalibrator - Inflater: IntelInflater
19:22:33.001 INFO  BaseRecalibrator - GCS max retries/reopens: 20
19:22:33.001 INFO  BaseRecalibrator - Requester pays: disabled
19:22:33.002 INFO  BaseRecalibrator - Initializing engine
19:22:33.205 INFO  FeatureManager - Using codec VCFCodec to read file file:///home/turing-agents/Documents/fast-gatk/public_pipeline/1000G.phase3.chr20.full.vcf.gz
19:22:34.339 INFO  FeatureManager - Using codec VCFCodec to read file file:///home/turing-agents/Documents/fast-gatk/testdata/real/mills_indels/Mills_and_1000G_gold_standard.indels.b37.sites.chr20.vcf.gz
19:22:34.372 INFO  IntervalArgumentCollection - Processing 3939095 bp from intervals
19:22:34.392 INFO  BaseRecalibrator - Done initializing engine
19:22:34.401 INFO  BaseRecalibrationEngine - The covariates being used here: 
19:22:34.402 INFO  BaseRecalibrationEngine - 	ReadGroupCovariate
19:22:34.402 INFO  BaseRecalibrationEngine - 	QualityScoreCovariate
19:22:34.402 INFO  BaseRecalibrationEngine - 	ContextCovariate
19:22:34.402 INFO  BaseRecalibrationEngine - 	CycleCovariate
19:22:34.417 INFO  ProgressMeter - Starting traversal
19:22:34.418 INFO  ProgressMeter -        Current Locus  Elapsed Minutes       Reads Processed     Reads/Minute
19:22:44.560 INFO  ProgressMeter -          20:23753025              0.2                  6000          35541.5
19:22:55.077 INFO  ProgressMeter -          20:23913481              0.3                 14000          40664.2
19:23:05.656 INFO  ProgressMeter -          20:24153561              0.5                 26000          49940.8
19:23:16.162 INFO  ProgressMeter -          20:24381342              0.7                 38000          54619.9
19:23:26.779 INFO  ProgressMeter -          20:24625514              0.9                 50000          57295.6
19:23:37.539 INFO  ProgressMeter -          20:24851296              1.1                 61000          57984.8
19:23:48.259 INFO  ProgressMeter -          20:25099018              1.2                 73000          59317.4
19:23:58.736 INFO  ProgressMeter -          20:25366384              1.4                 86000          61199.8
19:24:09.190 INFO  ProgressMeter -          20:25675408              1.6                101000          63943.6
19:24:19.693 INFO  ProgressMeter -          20:26113468              1.8                116000          66115.1
19:24:27.738 INFO  BaseRecalibrator - 9338 read(s) filtered by: MappingQualityNotZeroReadFilter 
0 read(s) filtered by: MappingQualityAvailableReadFilter 
0 read(s) filtered by: MappedReadFilter 
0 read(s) filtered by: NotSecondaryAlignmentReadFilter 
8329 read(s) filtered by: NotDuplicateReadFilter 
0 read(s) filtered by: PassesVendorQualityCheckReadFilter 
0 read(s) filtered by: WellformedReadFilter 
17667 total reads filtered out of 143666 reads processed
19:24:27.739 INFO  ProgressMeter -          20:26295824              1.9                125999          66713.2
19:24:27.739 INFO  ProgressMeter - Traversal complete. Processed 125999 total reads in 1.9 minutes.
19:24:27.769 INFO  BaseRecalibrator - Calculating quantized quality scores...
19:24:27.850 INFO  BaseRecalibrator - Writing recalibration report...
19:24:31.591 INFO  BaseRecalibrator - ...done!
19:24:31.600 INFO  BaseRecalibrator - BaseRecalibrator was able to recalibrate 125999 reads
19:24:31.604 INFO  BaseRecalibrator - Shutting down engine
[2026年9月19日 CST 下午7:24:31] org.broadinstitute.hellbender.tools.walkers.bqsr.BaseRecalibrator done. Elapsed time: 2.06 minutes.
Runtime.totalMemory()=1461780480
