19:22:28.476 INFO  NativeLibraryLoader - Loading libgkl_compression.so from jar:file:/home/turing-agents/Documents/fast-gatk/third_party/gatk-package/gatk-4.6.2.0/gatk-package-4.6.2.0-local.jar!/com/intel/gkl/native/libgkl_compression.so
19:22:32.644 INFO  BaseRecalibrator - ------------------------------------------------------------
19:22:32.646 INFO  BaseRecalibrator - The Genome Analysis Toolkit (GATK) v4.6.2.0
19:22:32.646 INFO  BaseRecalibrator - For support and documentation go to https://software.broadinstitute.org/gatk/
19:22:32.647 INFO  BaseRecalibrator - Executing as turing-agents@turing-agents-MotherBoard-Series on Linux v7.0.0-31-generic amd64
19:22:32.647 INFO  BaseRecalibrator - Java runtime: OpenJDK 64-Bit Server VM v17.0.20+8
19:22:32.647 INFO  BaseRecalibrator - Start Date/Time: 2026年9月19日 CST 下午7:22:28
19:22:32.648 INFO  BaseRecalibrator - ------------------------------------------------------------
19:22:32.648 INFO  BaseRecalibrator - ------------------------------------------------------------
19:22:32.649 INFO  BaseRecalibrator - HTSJDK Version: 4.2.0
19:22:32.649 INFO  BaseRecalibrator - Picard Version: 3.4.0
19:22:32.649 INFO  BaseRecalibrator - Built for Spark Version: 3.5.0
19:22:32.651 INFO  BaseRecalibrator - HTSJDK Defaults.COMPRESSION_LEVEL : 2
19:22:32.652 INFO  BaseRecalibrator - HTSJDK Defaults.USE_ASYNC_IO_READ_FOR_SAMTOOLS : false
19:22:32.652 INFO  BaseRecalibrator - HTSJDK Defaults.USE_ASYNC_IO_WRITE_FOR_SAMTOOLS : true
19:22:32.652 INFO  BaseRecalibrator - HTSJDK Defaults.USE_ASYNC_IO_WRITE_FOR_TRIBBLE : false
19:22:32.652 INFO  BaseRecalibrator - Deflater: IntelDeflater
19:22:32.652 INFO  BaseRecalibrator - Inflater: IntelInflater
19:22:32.652 INFO  BaseRecalibrator - GCS max retries/reopens: 20
19:22:32.652 INFO  BaseRecalibrator - Requester pays: disabled
19:22:32.653 INFO  BaseRecalibrator - Initializing engine
19:22:32.880 INFO  FeatureManager - Using codec VCFCodec to read file file:///home/turing-agents/Documents/fast-gatk/public_pipeline/1000G.phase3.chr20.full.vcf.gz
19:22:34.023 INFO  FeatureManager - Using codec VCFCodec to read file file:///home/turing-agents/Documents/fast-gatk/testdata/real/mills_indels/Mills_and_1000G_gold_standard.indels.b37.sites.chr20.vcf.gz
19:22:34.046 INFO  IntervalArgumentCollection - Processing 3939095 bp from intervals
19:22:34.056 INFO  BaseRecalibrator - Done initializing engine
19:22:34.061 INFO  BaseRecalibrationEngine - The covariates being used here: 
19:22:34.062 INFO  BaseRecalibrationEngine - 	ReadGroupCovariate
19:22:34.062 INFO  BaseRecalibrationEngine - 	QualityScoreCovariate
19:22:34.062 INFO  BaseRecalibrationEngine - 	ContextCovariate
19:22:34.062 INFO  BaseRecalibrationEngine - 	CycleCovariate
19:22:34.077 INFO  ProgressMeter - Starting traversal
19:22:34.082 INFO  ProgressMeter -        Current Locus  Elapsed Minutes       Reads Processed     Reads/Minute
19:22:44.868 INFO  ProgressMeter -          20:35646117              0.2                  9000          50111.4
19:22:55.014 INFO  ProgressMeter -          20:35867074              0.3                 20000          57331.2
19:23:05.515 INFO  ProgressMeter -          20:36126485              0.5                 32000          61086.2
19:23:15.706 INFO  ProgressMeter -          20:36384087              0.7                 45000          64868.0
19:23:26.089 INFO  ProgressMeter -          20:36645504              0.9                 58000          66915.4
19:23:36.832 INFO  ProgressMeter -          20:36928070              1.0                 72000          68849.0
19:23:46.842 INFO  ProgressMeter -          20:37194093              1.2                 85000          70094.4
19:23:57.293 INFO  ProgressMeter -          20:37473935              1.4                 99000          71387.4
19:24:07.625 INFO  ProgressMeter -          20:37776098              1.6                114000          73122.2
19:24:17.831 INFO  ProgressMeter -          20:38076937              1.7                130000          75185.8
19:24:28.514 INFO  ProgressMeter -          20:38373696              1.9                146000          76552.7
19:24:39.045 INFO  ProgressMeter -          20:38676762              2.1                162000          77783.6
19:24:49.487 INFO  ProgressMeter -          20:38976923              2.3                178000          78875.7
19:24:59.967 INFO  ProgressMeter -          20:39319748              2.4                196000          80612.0
19:25:02.114 INFO  BaseRecalibrator - 2874 read(s) filtered by: MappingQualityNotZeroReadFilter 
0 read(s) filtered by: MappingQualityAvailableReadFilter 
0 read(s) filtered by: MappedReadFilter 
0 read(s) filtered by: NotSecondaryAlignmentReadFilter 
13431 read(s) filtered by: NotDuplicateReadFilter 
0 read(s) filtered by: PassesVendorQualityCheckReadFilter 
0 read(s) filtered by: WellformedReadFilter 
16305 total reads filtered out of 216012 reads processed
19:25:02.115 INFO  ProgressMeter -          20:39376978              2.5                199707          80944.2
19:25:02.116 INFO  ProgressMeter - Traversal complete. Processed 199707 total reads in 2.5 minutes.
19:25:02.133 INFO  BaseRecalibrator - Calculating quantized quality scores...
19:25:02.198 INFO  BaseRecalibrator - Writing recalibration report...
19:25:05.095 INFO  BaseRecalibrator - ...done!
19:25:05.097 INFO  BaseRecalibrator - BaseRecalibrator was able to recalibrate 199707 reads
19:25:05.098 INFO  BaseRecalibrator - Shutting down engine
[2026年9月19日 CST 下午7:25:05] org.broadinstitute.hellbender.tools.walkers.bqsr.BaseRecalibrator done. Elapsed time: 2.61 minutes.
Runtime.totalMemory()=1461780480
