19:22:28.395 INFO  NativeLibraryLoader - Loading libgkl_compression.so from jar:file:/home/turing-agents/Documents/fast-gatk/third_party/gatk-package/gatk-4.6.2.0/gatk-package-4.6.2.0-local.jar!/com/intel/gkl/native/libgkl_compression.so
19:22:32.305 INFO  BaseRecalibrator - ------------------------------------------------------------
19:22:32.311 INFO  BaseRecalibrator - The Genome Analysis Toolkit (GATK) v4.6.2.0
19:22:32.312 INFO  BaseRecalibrator - For support and documentation go to https://software.broadinstitute.org/gatk/
19:22:32.312 INFO  BaseRecalibrator - Executing as turing-agents@turing-agents-MotherBoard-Series on Linux v7.0.0-31-generic amd64
19:22:32.312 INFO  BaseRecalibrator - Java runtime: OpenJDK 64-Bit Server VM v17.0.20+8
19:22:32.313 INFO  BaseRecalibrator - Start Date/Time: 2026年9月19日 CST 下午7:22:28
19:22:32.316 INFO  BaseRecalibrator - ------------------------------------------------------------
19:22:32.316 INFO  BaseRecalibrator - ------------------------------------------------------------
19:22:32.317 INFO  BaseRecalibrator - HTSJDK Version: 4.2.0
19:22:32.317 INFO  BaseRecalibrator - Picard Version: 3.4.0
19:22:32.317 INFO  BaseRecalibrator - Built for Spark Version: 3.5.0
19:22:32.319 INFO  BaseRecalibrator - HTSJDK Defaults.COMPRESSION_LEVEL : 2
19:22:32.319 INFO  BaseRecalibrator - HTSJDK Defaults.USE_ASYNC_IO_READ_FOR_SAMTOOLS : false
19:22:32.319 INFO  BaseRecalibrator - HTSJDK Defaults.USE_ASYNC_IO_WRITE_FOR_SAMTOOLS : true
19:22:32.319 INFO  BaseRecalibrator - HTSJDK Defaults.USE_ASYNC_IO_WRITE_FOR_TRIBBLE : false
19:22:32.319 INFO  BaseRecalibrator - Deflater: IntelDeflater
19:22:32.319 INFO  BaseRecalibrator - Inflater: IntelInflater
19:22:32.319 INFO  BaseRecalibrator - GCS max retries/reopens: 20
19:22:32.319 INFO  BaseRecalibrator - Requester pays: disabled
19:22:32.319 INFO  BaseRecalibrator - Initializing engine
19:22:32.503 INFO  FeatureManager - Using codec VCFCodec to read file file:///home/turing-agents/Documents/fast-gatk/public_pipeline/1000G.phase3.chr20.full.vcf.gz
19:22:33.611 INFO  FeatureManager - Using codec VCFCodec to read file file:///home/turing-agents/Documents/fast-gatk/testdata/real/mills_indels/Mills_and_1000G_gold_standard.indels.b37.sites.chr20.vcf.gz
19:22:33.631 INFO  IntervalArgumentCollection - Processing 3939095 bp from intervals
19:22:33.644 INFO  BaseRecalibrator - Done initializing engine
19:22:33.653 INFO  BaseRecalibrationEngine - The covariates being used here: 
19:22:33.654 INFO  BaseRecalibrationEngine - 	ReadGroupCovariate
19:22:33.654 INFO  BaseRecalibrationEngine - 	QualityScoreCovariate
19:22:33.654 INFO  BaseRecalibrationEngine - 	ContextCovariate
19:22:33.654 INFO  BaseRecalibrationEngine - 	CycleCovariate
19:22:33.662 INFO  ProgressMeter - Starting traversal
19:22:33.662 INFO  ProgressMeter -        Current Locus  Elapsed Minutes       Reads Processed     Reads/Minute
19:22:44.065 INFO  ProgressMeter -           20:4140226              0.2                 10000          57742.3
19:22:54.721 INFO  ProgressMeter -           20:4435079              0.4                 25000          71242.0
19:23:04.915 INFO  ProgressMeter -           20:4702842              0.5                 39000          74877.6
19:23:15.648 INFO  ProgressMeter -           20:4980758              0.7                 53000          75743.1
19:23:26.018 INFO  ProgressMeter -           20:5253730              0.9                 67000          76785.0
19:23:36.021 INFO  ProgressMeter -           20:5498162              1.0                 80000          76977.4
19:23:46.638 INFO  ProgressMeter -           20:5751449              1.2                 93000          76465.6
19:23:57.083 INFO  ProgressMeter -           20:6057304              1.4                109000          78399.4
19:24:07.291 INFO  ProgressMeter -           20:6392130              1.6                127000          81386.8
19:24:17.328 INFO  ProgressMeter -           20:6719158              1.7                145000          83926.6
19:24:27.572 INFO  ProgressMeter -           20:7037123              1.9                162000          85332.0
19:24:37.683 INFO  ProgressMeter -           20:7397369              2.1                181000          87567.2
19:24:48.174 INFO  ProgressMeter -           20:7733677              2.2                199000          88768.0
19:24:51.966 INFO  BaseRecalibrator - 3552 read(s) filtered by: MappingQualityNotZeroReadFilter 
0 read(s) filtered by: MappingQualityAvailableReadFilter 
0 read(s) filtered by: MappedReadFilter 
0 read(s) filtered by: NotSecondaryAlignmentReadFilter 
16846 read(s) filtered by: NotDuplicateReadFilter 
0 read(s) filtered by: PassesVendorQualityCheckReadFilter 
0 read(s) filtered by: WellformedReadFilter 
20398 total reads filtered out of 226745 reads processed
19:24:51.967 INFO  ProgressMeter -           20:7871940              2.3                206347          89519.5
19:24:51.969 INFO  ProgressMeter - Traversal complete. Processed 206347 total reads in 2.3 minutes.
19:24:51.988 INFO  BaseRecalibrator - Calculating quantized quality scores...
19:24:52.057 INFO  BaseRecalibrator - Writing recalibration report...
19:24:55.326 INFO  BaseRecalibrator - ...done!
19:24:55.332 INFO  BaseRecalibrator - BaseRecalibrator was able to recalibrate 206347 reads
19:24:55.333 INFO  BaseRecalibrator - Shutting down engine
[2026年9月19日 CST 下午7:24:55] org.broadinstitute.hellbender.tools.walkers.bqsr.BaseRecalibrator done. Elapsed time: 2.45 minutes.
Runtime.totalMemory()=1461780480
