19:22:28.450 INFO  NativeLibraryLoader - Loading libgkl_compression.so from jar:file:/home/turing-agents/Documents/fast-gatk/third_party/gatk-package/gatk-4.6.2.0/gatk-package-4.6.2.0-local.jar!/com/intel/gkl/native/libgkl_compression.so
19:22:32.584 INFO  BaseRecalibrator - ------------------------------------------------------------
19:22:32.586 INFO  BaseRecalibrator - The Genome Analysis Toolkit (GATK) v4.6.2.0
19:22:32.586 INFO  BaseRecalibrator - For support and documentation go to https://software.broadinstitute.org/gatk/
19:22:32.586 INFO  BaseRecalibrator - Executing as turing-agents@turing-agents-MotherBoard-Series on Linux v7.0.0-31-generic amd64
19:22:32.586 INFO  BaseRecalibrator - Java runtime: OpenJDK 64-Bit Server VM v17.0.20+8
19:22:32.586 INFO  BaseRecalibrator - Start Date/Time: 2026年9月19日 CST 下午7:22:28
19:22:32.587 INFO  BaseRecalibrator - ------------------------------------------------------------
19:22:32.587 INFO  BaseRecalibrator - ------------------------------------------------------------
19:22:32.588 INFO  BaseRecalibrator - HTSJDK Version: 4.2.0
19:22:32.589 INFO  BaseRecalibrator - Picard Version: 3.4.0
19:22:32.589 INFO  BaseRecalibrator - Built for Spark Version: 3.5.0
19:22:32.592 INFO  BaseRecalibrator - HTSJDK Defaults.COMPRESSION_LEVEL : 2
19:22:32.593 INFO  BaseRecalibrator - HTSJDK Defaults.USE_ASYNC_IO_READ_FOR_SAMTOOLS : false
19:22:32.593 INFO  BaseRecalibrator - HTSJDK Defaults.USE_ASYNC_IO_WRITE_FOR_SAMTOOLS : true
19:22:32.593 INFO  BaseRecalibrator - HTSJDK Defaults.USE_ASYNC_IO_WRITE_FOR_TRIBBLE : false
19:22:32.593 INFO  BaseRecalibrator - Deflater: IntelDeflater
19:22:32.593 INFO  BaseRecalibrator - Inflater: IntelInflater
19:22:32.593 INFO  BaseRecalibrator - GCS max retries/reopens: 20
19:22:32.593 INFO  BaseRecalibrator - Requester pays: disabled
19:22:32.593 INFO  BaseRecalibrator - Initializing engine
19:22:32.782 INFO  FeatureManager - Using codec VCFCodec to read file file:///home/turing-agents/Documents/fast-gatk/public_pipeline/1000G.phase3.chr20.full.vcf.gz
19:22:33.895 INFO  FeatureManager - Using codec VCFCodec to read file file:///home/turing-agents/Documents/fast-gatk/testdata/real/mills_indels/Mills_and_1000G_gold_standard.indels.b37.sites.chr20.vcf.gz
19:22:33.917 INFO  IntervalArgumentCollection - Processing 3939095 bp from intervals
19:22:33.928 INFO  BaseRecalibrator - Done initializing engine
19:22:33.932 INFO  BaseRecalibrationEngine - The covariates being used here: 
19:22:33.933 INFO  BaseRecalibrationEngine - 	ReadGroupCovariate
19:22:33.933 INFO  BaseRecalibrationEngine - 	QualityScoreCovariate
19:22:33.933 INFO  BaseRecalibrationEngine - 	ContextCovariate
19:22:33.933 INFO  BaseRecalibrationEngine - 	CycleCovariate
19:22:33.945 INFO  ProgressMeter - Starting traversal
19:22:33.945 INFO  ProgressMeter -        Current Locus  Elapsed Minutes       Reads Processed     Reads/Minute
19:22:44.760 INFO  ProgressMeter -          20:51377453              0.2                  9000          50009.3
19:22:54.876 INFO  ProgressMeter -          20:51595824              0.3                 21000          60206.4
19:23:05.852 INFO  ProgressMeter -          20:51855361              0.5                 35000          65822.5
19:23:16.071 INFO  ProgressMeter -          20:52119035              0.7                 49000          69793.9
19:23:26.380 INFO  ProgressMeter -          20:52330207              0.9                 59000          67514.7
19:23:36.765 INFO  ProgressMeter -          20:52567826              1.0                 71000          67819.3
19:23:47.260 INFO  ProgressMeter -          20:52814897              1.2                 84000          68747.3
19:23:57.520 INFO  ProgressMeter -          20:53065146              1.4                 98000          70358.5
19:24:08.318 INFO  ProgressMeter -          20:53324051              1.6                112000          71208.3
19:24:18.976 INFO  ProgressMeter -          20:53565233              1.8                125000          71410.2
19:24:29.344 INFO  ProgressMeter -          20:53806396              1.9                138000          71752.3
19:24:39.772 INFO  ProgressMeter -          20:54062839              2.1                152000          72481.6
19:24:50.488 INFO  ProgressMeter -          20:54306099              2.3                165000          72506.8
19:25:01.027 INFO  ProgressMeter -          20:54592603              2.5                180000          73429.9
19:25:11.119 INFO  ProgressMeter -          20:55101620              2.6                207000          79022.2
19:25:11.849 INFO  BaseRecalibrator - 3379 read(s) filtered by: MappingQualityNotZeroReadFilter 
0 read(s) filtered by: MappingQualityAvailableReadFilter 
0 read(s) filtered by: MappedReadFilter 
0 read(s) filtered by: NotSecondaryAlignmentReadFilter 
17202 read(s) filtered by: NotDuplicateReadFilter 
0 read(s) filtered by: PassesVendorQualityCheckReadFilter 
0 read(s) filtered by: WellformedReadFilter 
20581 total reads filtered out of 229810 reads processed
19:25:11.850 INFO  ProgressMeter -          20:55143390              2.6                209229          79502.4
19:25:11.850 INFO  ProgressMeter - Traversal complete. Processed 209229 total reads in 2.6 minutes.
19:25:11.864 INFO  BaseRecalibrator - Calculating quantized quality scores...
19:25:11.898 INFO  BaseRecalibrator - Writing recalibration report...
19:25:13.507 INFO  BaseRecalibrator - ...done!
19:25:13.509 INFO  BaseRecalibrator - BaseRecalibrator was able to recalibrate 209229 reads
19:25:13.509 INFO  BaseRecalibrator - Shutting down engine
[2026年9月19日 CST 下午7:25:13] org.broadinstitute.hellbender.tools.walkers.bqsr.BaseRecalibrator done. Elapsed time: 2.75 minutes.
Runtime.totalMemory()=1461780480
