19:22:28.584 INFO  NativeLibraryLoader - Loading libgkl_compression.so from jar:file:/home/turing-agents/Documents/fast-gatk/third_party/gatk-package/gatk-4.6.2.0/gatk-package-4.6.2.0-local.jar!/com/intel/gkl/native/libgkl_compression.so
19:22:32.453 INFO  BaseRecalibrator - ------------------------------------------------------------
19:22:32.455 INFO  BaseRecalibrator - The Genome Analysis Toolkit (GATK) v4.6.2.0
19:22:32.455 INFO  BaseRecalibrator - For support and documentation go to https://software.broadinstitute.org/gatk/
19:22:32.456 INFO  BaseRecalibrator - Executing as turing-agents@turing-agents-MotherBoard-Series on Linux v7.0.0-31-generic amd64
19:22:32.456 INFO  BaseRecalibrator - Java runtime: OpenJDK 64-Bit Server VM v17.0.20+8
19:22:32.456 INFO  BaseRecalibrator - Start Date/Time: 2026年9月19日 CST 下午7:22:28
19:22:32.456 INFO  BaseRecalibrator - ------------------------------------------------------------
19:22:32.456 INFO  BaseRecalibrator - ------------------------------------------------------------
19:22:32.458 INFO  BaseRecalibrator - HTSJDK Version: 4.2.0
19:22:32.458 INFO  BaseRecalibrator - Picard Version: 3.4.0
19:22:32.458 INFO  BaseRecalibrator - Built for Spark Version: 3.5.0
19:22:32.460 INFO  BaseRecalibrator - HTSJDK Defaults.COMPRESSION_LEVEL : 2
19:22:32.460 INFO  BaseRecalibrator - HTSJDK Defaults.USE_ASYNC_IO_READ_FOR_SAMTOOLS : false
19:22:32.460 INFO  BaseRecalibrator - HTSJDK Defaults.USE_ASYNC_IO_WRITE_FOR_SAMTOOLS : true
19:22:32.461 INFO  BaseRecalibrator - HTSJDK Defaults.USE_ASYNC_IO_WRITE_FOR_TRIBBLE : false
19:22:32.461 INFO  BaseRecalibrator - Deflater: IntelDeflater
19:22:32.461 INFO  BaseRecalibrator - Inflater: IntelInflater
19:22:32.461 INFO  BaseRecalibrator - GCS max retries/reopens: 20
19:22:32.461 INFO  BaseRecalibrator - Requester pays: disabled
19:22:32.462 INFO  BaseRecalibrator - Initializing engine
19:22:32.673 INFO  FeatureManager - Using codec VCFCodec to read file file:///home/turing-agents/Documents/fast-gatk/public_pipeline/1000G.phase3.chr20.full.vcf.gz
19:22:33.795 INFO  FeatureManager - Using codec VCFCodec to read file file:///home/turing-agents/Documents/fast-gatk/testdata/real/mills_indels/Mills_and_1000G_gold_standard.indels.b37.sites.chr20.vcf.gz
19:22:33.813 INFO  IntervalArgumentCollection - Processing 3939095 bp from intervals
19:22:33.828 INFO  BaseRecalibrator - Done initializing engine
19:22:33.842 INFO  BaseRecalibrationEngine - The covariates being used here: 
19:22:33.843 INFO  BaseRecalibrationEngine - 	ReadGroupCovariate
19:22:33.843 INFO  BaseRecalibrationEngine - 	QualityScoreCovariate
19:22:33.843 INFO  BaseRecalibrationEngine - 	ContextCovariate
19:22:33.843 INFO  BaseRecalibrationEngine - 	CycleCovariate
19:22:33.852 INFO  ProgressMeter - Starting traversal
19:22:33.853 INFO  ProgressMeter -        Current Locus  Elapsed Minutes       Reads Processed     Reads/Minute
19:22:44.466 INFO  ProgressMeter -          20:29568312              0.2                  8000          45287.3
19:22:55.064 INFO  ProgressMeter -          20:29876642              0.4                 17000          48092.8
19:23:05.624 INFO  ProgressMeter -          20:30168256              0.5                 32000          60434.4
19:23:15.723 INFO  ProgressMeter -          20:30453300              0.7                 46000          65919.9
19:23:26.204 INFO  ProgressMeter -          20:30757829              0.9                 61000          69914.0
19:23:36.738 INFO  ProgressMeter -          20:31070191              1.0                 76000          72515.6
19:23:47.385 INFO  ProgressMeter -          20:31377754              1.2                 90000          73438.4
19:23:52.407 INFO  BaseRecalibrator - 2991 read(s) filtered by: MappingQualityNotZeroReadFilter 
0 read(s) filtered by: MappingQualityAvailableReadFilter 
0 read(s) filtered by: MappedReadFilter 
0 read(s) filtered by: NotSecondaryAlignmentReadFilter 
5338 read(s) filtered by: NotDuplicateReadFilter 
0 read(s) filtered by: PassesVendorQualityCheckReadFilter 
0 read(s) filtered by: WellformedReadFilter 
8329 total reads filtered out of 105024 reads processed
19:23:52.411 INFO  ProgressMeter -          20:31500176              1.3                 96695          73855.3
19:23:52.412 INFO  ProgressMeter - Traversal complete. Processed 96695 total reads in 1.3 minutes.
19:23:52.454 INFO  BaseRecalibrator - Calculating quantized quality scores...
19:23:52.571 INFO  BaseRecalibrator - Writing recalibration report...
19:23:57.251 INFO  BaseRecalibrator - ...done!
19:23:57.259 INFO  BaseRecalibrator - BaseRecalibrator was able to recalibrate 96695 reads
19:23:57.263 INFO  BaseRecalibrator - Shutting down engine
[2026年9月19日 CST 下午7:23:57] org.broadinstitute.hellbender.tools.walkers.bqsr.BaseRecalibrator done. Elapsed time: 1.48 minutes.
Runtime.totalMemory()=1461780480
