19:26:11.994 INFO  NativeLibraryLoader - Loading libgkl_compression.so from jar:file:/home/turing-agents/Documents/fast-gatk/third_party/gatk-package/gatk-4.6.2.0/gatk-package-4.6.2.0-local.jar!/com/intel/gkl/native/libgkl_compression.so
19:26:15.869 INFO  HaplotypeCaller - ------------------------------------------------------------
19:26:15.871 INFO  HaplotypeCaller - The Genome Analysis Toolkit (GATK) v4.6.2.0
19:26:15.872 INFO  HaplotypeCaller - For support and documentation go to https://software.broadinstitute.org/gatk/
19:26:15.872 INFO  HaplotypeCaller - Executing as turing-agents@turing-agents-MotherBoard-Series on Linux v7.0.0-31-generic amd64
19:26:15.872 INFO  HaplotypeCaller - Java runtime: OpenJDK 64-Bit Server VM v17.0.20+8
19:26:15.872 INFO  HaplotypeCaller - Start Date/Time: 2026年9月19日 CST 下午7:26:11
19:26:15.873 INFO  HaplotypeCaller - ------------------------------------------------------------
19:26:15.873 INFO  HaplotypeCaller - ------------------------------------------------------------
19:26:15.873 INFO  HaplotypeCaller - HTSJDK Version: 4.2.0
19:26:15.873 INFO  HaplotypeCaller - Picard Version: 3.4.0
19:26:15.873 INFO  HaplotypeCaller - Built for Spark Version: 3.5.0
19:26:15.876 INFO  HaplotypeCaller - HTSJDK Defaults.COMPRESSION_LEVEL : 2
19:26:15.876 INFO  HaplotypeCaller - HTSJDK Defaults.USE_ASYNC_IO_READ_FOR_SAMTOOLS : false
19:26:15.876 INFO  HaplotypeCaller - HTSJDK Defaults.USE_ASYNC_IO_WRITE_FOR_SAMTOOLS : true
19:26:15.877 INFO  HaplotypeCaller - HTSJDK Defaults.USE_ASYNC_IO_WRITE_FOR_TRIBBLE : false
19:26:15.877 INFO  HaplotypeCaller - Deflater: IntelDeflater
19:26:15.877 INFO  HaplotypeCaller - Inflater: IntelInflater
19:26:15.877 INFO  HaplotypeCaller - GCS max retries/reopens: 20
19:26:15.877 INFO  HaplotypeCaller - Requester pays: disabled
19:26:15.878 INFO  HaplotypeCaller - Initializing engine
19:26:16.068 INFO  IntervalArgumentCollection - Processing 3939095 bp from intervals
19:26:16.075 INFO  HaplotypeCaller - Done initializing engine
19:26:16.076 INFO  HaplotypeCallerEngine - Tool is in reference confidence mode and the annotation, the following changes will be made to any specified annotations: 'StrandBiasBySample' will be enabled. 'ChromosomeCounts', 'FisherStrand', 'StrandOddsRatio' and 'QualByDepth' annotations have been disabled
19:26:16.112 INFO  NativeLibraryLoader - Loading libgkl_utils.so from jar:file:/home/turing-agents/Documents/fast-gatk/third_party/gatk-package/gatk-4.6.2.0/gatk-package-4.6.2.0-local.jar!/com/intel/gkl/native/libgkl_utils.so
19:26:16.116 INFO  NativeLibraryLoader - Loading libgkl_smithwaterman.so from jar:file:/home/turing-agents/Documents/fast-gatk/third_party/gatk-package/gatk-4.6.2.0/gatk-package-4.6.2.0-local.jar!/com/intel/gkl/native/libgkl_smithwaterman.so
19:26:16.117 INFO  IntelSmithWaterman - Using CPU-supported AVX-512 instructions
19:26:16.117 INFO  SmithWatermanAligner - Using AVX accelerated SmithWaterman implementation
19:26:16.122 INFO  HaplotypeCallerEngine - Standard Emitting and Calling confidence set to -0.0 for reference-model confidence output
19:26:16.122 INFO  HaplotypeCallerEngine - All sites annotated with PLs forced to true for reference-model confidence output
19:26:16.137 INFO  NativeLibraryLoader - Loading libgkl_pairhmm_omp.so from jar:file:/home/turing-agents/Documents/fast-gatk/third_party/gatk-package/gatk-4.6.2.0/gatk-package-4.6.2.0-local.jar!/com/intel/gkl/native/libgkl_pairhmm_omp.so
19:26:16.144 INFO  IntelPairHmm - Using CPU-supported AVX-512 instructions
19:26:16.144 INFO  IntelPairHmm - Flush-to-zero (FTZ) is enabled when running PairHMM
19:26:16.145 INFO  IntelPairHmm - Available threads: 1
19:26:16.145 INFO  IntelPairHmm - Requested threads: 4
19:26:16.145 WARN  IntelPairHmm - Using 1 available threads, but 4 were requested
19:26:16.145 INFO  PairHMM - Using the OpenMP multi-threaded AVX-accelerated native PairHMM implementation
19:26:16.254 INFO  ProgressMeter - Starting traversal
19:26:16.254 INFO  ProgressMeter -        Current Locus  Elapsed Minutes     Regions Processed   Regions/Minute
19:26:17.782 WARN  InbreedingCoeff - InbreedingCoeff will not be calculated at position 20:61795 and possibly subsequent; at least 10 samples must have called genotypes
19:26:26.281 INFO  ProgressMeter -            20:234398              0.2                  1080           6465.8
19:26:30.153 WARN  DepthPerSampleHC - org.broadinstitute.hellbender.tools.walkers.annotator.DepthPerSampleHC$$Lambda$575/0x00007259f163e000@3c0f1d14
19:26:30.153 WARN  StrandBiasBySample - org.broadinstitute.hellbender.tools.walkers.annotator.StrandBiasBySample$$Lambda$576/0x00007259f163e228@59797b93
19:26:36.290 INFO  ProgressMeter -            20:585242              0.3                  2780           8325.0
19:26:46.315 INFO  ProgressMeter -           20:1036173              0.5                  5060          10099.5
19:26:56.339 INFO  ProgressMeter -           20:1559146              0.7                  7890          11809.9
19:27:06.351 INFO  ProgressMeter -           20:2462943              0.8                 12550          15030.8
19:27:16.361 INFO  ProgressMeter -           20:3677773              1.0                 18530          18497.0
19:27:18.131 INFO  HaplotypeCaller - 5728 read(s) filtered by: MappingQualityReadFilter 
0 read(s) filtered by: MappingQualityAvailableReadFilter 
0 read(s) filtered by: MappedReadFilter 
0 read(s) filtered by: NotSecondaryAlignmentReadFilter 
10770 read(s) filtered by: NotDuplicateReadFilter 
0 read(s) filtered by: PassesVendorQualityCheckReadFilter 
0 read(s) filtered by: NonZeroReferenceLengthAlignmentReadFilter 
0 read(s) filtered by: GoodCigarReadFilter 
0 read(s) filtered by: WellformedReadFilter 
16498 total reads filtered out of 204389 reads processed
19:27:18.131 INFO  ProgressMeter -           20:3938459              1.0                 19822          19220.7
19:27:18.131 INFO  ProgressMeter - Traversal complete. Processed 19822 total regions in 1.0 minutes.
19:27:18.140 INFO  VectorLoglessPairHMM - Time spent in setup for JNI call : 0.030802543
19:27:18.140 INFO  PairHMM - Total compute time in PairHMM computeLogLikelihoods() : 0.686105292
19:27:18.140 INFO  SmithWatermanAligner - Total compute time in native Smith-Waterman : 1.48 sec
19:27:18.148 INFO  HaplotypeCaller - Shutting down engine
[2026年9月19日 CST 下午7:27:18] org.broadinstitute.hellbender.tools.walkers.haplotypecaller.HaplotypeCaller done. Elapsed time: 1.10 minutes.
Runtime.totalMemory()=1461780480
