19:26:12.020 INFO  NativeLibraryLoader - Loading libgkl_compression.so from jar:file:/home/turing-agents/Documents/fast-gatk/third_party/gatk-package/gatk-4.6.2.0/gatk-package-4.6.2.0-local.jar!/com/intel/gkl/native/libgkl_compression.so
19:26:16.196 INFO  HaplotypeCaller - ------------------------------------------------------------
19:26:16.200 INFO  HaplotypeCaller - The Genome Analysis Toolkit (GATK) v4.6.2.0
19:26:16.200 INFO  HaplotypeCaller - For support and documentation go to https://software.broadinstitute.org/gatk/
19:26:16.201 INFO  HaplotypeCaller - Executing as turing-agents@turing-agents-MotherBoard-Series on Linux v7.0.0-31-generic amd64
19:26:16.201 INFO  HaplotypeCaller - Java runtime: OpenJDK 64-Bit Server VM v17.0.20+8
19:26:16.201 INFO  HaplotypeCaller - Start Date/Time: 2026年9月19日 CST 下午7:26:11
19:26:16.201 INFO  HaplotypeCaller - ------------------------------------------------------------
19:26:16.201 INFO  HaplotypeCaller - ------------------------------------------------------------
19:26:16.203 INFO  HaplotypeCaller - HTSJDK Version: 4.2.0
19:26:16.203 INFO  HaplotypeCaller - Picard Version: 3.4.0
19:26:16.203 INFO  HaplotypeCaller - Built for Spark Version: 3.5.0
19:26:16.205 INFO  HaplotypeCaller - HTSJDK Defaults.COMPRESSION_LEVEL : 2
19:26:16.205 INFO  HaplotypeCaller - HTSJDK Defaults.USE_ASYNC_IO_READ_FOR_SAMTOOLS : false
19:26:16.206 INFO  HaplotypeCaller - HTSJDK Defaults.USE_ASYNC_IO_WRITE_FOR_SAMTOOLS : true
19:26:16.206 INFO  HaplotypeCaller - HTSJDK Defaults.USE_ASYNC_IO_WRITE_FOR_TRIBBLE : false
19:26:16.206 INFO  HaplotypeCaller - Deflater: IntelDeflater
19:26:16.206 INFO  HaplotypeCaller - Inflater: IntelInflater
19:26:16.206 INFO  HaplotypeCaller - GCS max retries/reopens: 20
19:26:16.206 INFO  HaplotypeCaller - Requester pays: disabled
19:26:16.206 INFO  HaplotypeCaller - Initializing engine
19:26:16.398 INFO  IntervalArgumentCollection - Processing 3939095 bp from intervals
19:26:16.405 INFO  HaplotypeCaller - Done initializing engine
19:26:16.411 INFO  HaplotypeCallerEngine - Tool is in reference confidence mode and the annotation, the following changes will be made to any specified annotations: 'StrandBiasBySample' will be enabled. 'ChromosomeCounts', 'FisherStrand', 'StrandOddsRatio' and 'QualByDepth' annotations have been disabled
19:26:16.439 INFO  NativeLibraryLoader - Loading libgkl_utils.so from jar:file:/home/turing-agents/Documents/fast-gatk/third_party/gatk-package/gatk-4.6.2.0/gatk-package-4.6.2.0-local.jar!/com/intel/gkl/native/libgkl_utils.so
19:26:16.440 INFO  NativeLibraryLoader - Loading libgkl_smithwaterman.so from jar:file:/home/turing-agents/Documents/fast-gatk/third_party/gatk-package/gatk-4.6.2.0/gatk-package-4.6.2.0-local.jar!/com/intel/gkl/native/libgkl_smithwaterman.so
19:26:16.445 INFO  IntelSmithWaterman - Using CPU-supported AVX-512 instructions
19:26:16.445 INFO  SmithWatermanAligner - Using AVX accelerated SmithWaterman implementation
19:26:16.451 INFO  HaplotypeCallerEngine - Standard Emitting and Calling confidence set to -0.0 for reference-model confidence output
19:26:16.451 INFO  HaplotypeCallerEngine - All sites annotated with PLs forced to true for reference-model confidence output
19:26:16.469 INFO  NativeLibraryLoader - Loading libgkl_pairhmm_omp.so from jar:file:/home/turing-agents/Documents/fast-gatk/third_party/gatk-package/gatk-4.6.2.0/gatk-package-4.6.2.0-local.jar!/com/intel/gkl/native/libgkl_pairhmm_omp.so
19:26:16.485 INFO  IntelPairHmm - Using CPU-supported AVX-512 instructions
19:26:16.485 INFO  IntelPairHmm - Flush-to-zero (FTZ) is enabled when running PairHMM
19:26:16.486 INFO  IntelPairHmm - Available threads: 1
19:26:16.486 INFO  IntelPairHmm - Requested threads: 4
19:26:16.488 WARN  IntelPairHmm - Using 1 available threads, but 4 were requested
19:26:16.488 INFO  PairHMM - Using the OpenMP multi-threaded AVX-accelerated native PairHMM implementation
19:26:16.563 INFO  ProgressMeter - Starting traversal
19:26:16.563 INFO  ProgressMeter -        Current Locus  Elapsed Minutes     Regions Processed   Regions/Minute
19:26:17.136 WARN  InbreedingCoeff - InbreedingCoeff will not be calculated at position 20:59086859 and possibly subsequent; at least 10 samples must have called genotypes
19:26:26.571 INFO  ProgressMeter -          20:59278895              0.2                   890           5337.9
19:26:36.612 INFO  ProgressMeter -          20:59610825              0.3                  2640           7900.6
19:26:46.661 INFO  ProgressMeter -          20:60000789              0.5                  4760           9489.0
19:26:56.666 INFO  ProgressMeter -          20:60571595              0.7                  7740          11581.0
19:27:06.678 INFO  ProgressMeter -          20:61360020              0.8                 11690          13996.1
19:27:10.037 WARN  DepthPerSampleHC - org.broadinstitute.hellbender.tools.walkers.annotator.DepthPerSampleHC$$Lambda$577/0x000070ebd963a8c0@3676dd05
19:27:10.038 WARN  StrandBiasBySample - org.broadinstitute.hellbender.tools.walkers.annotator.StrandBiasBySample$$Lambda$578/0x000070ebd963aae8@4ebdc7ca
19:27:16.688 INFO  ProgressMeter -          20:62488865              1.0                 17600          17563.4
19:27:18.797 INFO  HaplotypeCaller - 7201 read(s) filtered by: MappingQualityReadFilter 
0 read(s) filtered by: MappingQualityAvailableReadFilter 
0 read(s) filtered by: MappedReadFilter 
0 read(s) filtered by: NotSecondaryAlignmentReadFilter 
5878 read(s) filtered by: NotDuplicateReadFilter 
0 read(s) filtered by: PassesVendorQualityCheckReadFilter 
0 read(s) filtered by: NonZeroReferenceLengthAlignmentReadFilter 
0 read(s) filtered by: GoodCigarReadFilter 
0 read(s) filtered by: WellformedReadFilter 
13079 total reads filtered out of 173014 reads processed
19:27:18.797 INFO  ProgressMeter -          20:63022629              1.0                 19889          19175.0
19:27:18.797 INFO  ProgressMeter - Traversal complete. Processed 19889 total regions in 1.0 minutes.
19:27:18.805 INFO  VectorLoglessPairHMM - Time spent in setup for JNI call : 0.054311629
19:27:18.805 INFO  PairHMM - Total compute time in PairHMM computeLogLikelihoods() : 0.677292907
19:27:18.805 INFO  SmithWatermanAligner - Total compute time in native Smith-Waterman : 1.25 sec
19:27:18.806 INFO  HaplotypeCaller - Shutting down engine
[2026年9月19日 CST 下午7:27:18] org.broadinstitute.hellbender.tools.walkers.haplotypecaller.HaplotypeCaller done. Elapsed time: 1.11 minutes.
Runtime.totalMemory()=1461780480
