19:26:11.934 INFO  NativeLibraryLoader - Loading libgkl_compression.so from jar:file:/home/turing-agents/Documents/fast-gatk/third_party/gatk-package/gatk-4.6.2.0/gatk-package-4.6.2.0-local.jar!/com/intel/gkl/native/libgkl_compression.so
19:26:15.832 INFO  HaplotypeCaller - ------------------------------------------------------------
19:26:15.835 INFO  HaplotypeCaller - The Genome Analysis Toolkit (GATK) v4.6.2.0
19:26:15.835 INFO  HaplotypeCaller - For support and documentation go to https://software.broadinstitute.org/gatk/
19:26:15.836 INFO  HaplotypeCaller - Executing as turing-agents@turing-agents-MotherBoard-Series on Linux v7.0.0-31-generic amd64
19:26:15.836 INFO  HaplotypeCaller - Java runtime: OpenJDK 64-Bit Server VM v17.0.20+8
19:26:15.836 INFO  HaplotypeCaller - Start Date/Time: 2026年9月19日 CST 下午7:26:11
19:26:15.836 INFO  HaplotypeCaller - ------------------------------------------------------------
19:26:15.836 INFO  HaplotypeCaller - ------------------------------------------------------------
19:26:15.837 INFO  HaplotypeCaller - HTSJDK Version: 4.2.0
19:26:15.837 INFO  HaplotypeCaller - Picard Version: 3.4.0
19:26:15.838 INFO  HaplotypeCaller - Built for Spark Version: 3.5.0
19:26:15.839 INFO  HaplotypeCaller - HTSJDK Defaults.COMPRESSION_LEVEL : 2
19:26:15.839 INFO  HaplotypeCaller - HTSJDK Defaults.USE_ASYNC_IO_READ_FOR_SAMTOOLS : false
19:26:15.840 INFO  HaplotypeCaller - HTSJDK Defaults.USE_ASYNC_IO_WRITE_FOR_SAMTOOLS : true
19:26:15.840 INFO  HaplotypeCaller - HTSJDK Defaults.USE_ASYNC_IO_WRITE_FOR_TRIBBLE : false
19:26:15.840 INFO  HaplotypeCaller - Deflater: IntelDeflater
19:26:15.840 INFO  HaplotypeCaller - Inflater: IntelInflater
19:26:15.840 INFO  HaplotypeCaller - GCS max retries/reopens: 20
19:26:15.840 INFO  HaplotypeCaller - Requester pays: disabled
19:26:15.841 INFO  HaplotypeCaller - Initializing engine
19:26:16.021 INFO  IntervalArgumentCollection - Processing 3939095 bp from intervals
19:26:16.023 INFO  HaplotypeCaller - Done initializing engine
19:26:16.028 INFO  HaplotypeCallerEngine - Tool is in reference confidence mode and the annotation, the following changes will be made to any specified annotations: 'StrandBiasBySample' will be enabled. 'ChromosomeCounts', 'FisherStrand', 'StrandOddsRatio' and 'QualByDepth' annotations have been disabled
19:26:16.061 INFO  NativeLibraryLoader - Loading libgkl_utils.so from jar:file:/home/turing-agents/Documents/fast-gatk/third_party/gatk-package/gatk-4.6.2.0/gatk-package-4.6.2.0-local.jar!/com/intel/gkl/native/libgkl_utils.so
19:26:16.065 INFO  NativeLibraryLoader - Loading libgkl_smithwaterman.so from jar:file:/home/turing-agents/Documents/fast-gatk/third_party/gatk-package/gatk-4.6.2.0/gatk-package-4.6.2.0-local.jar!/com/intel/gkl/native/libgkl_smithwaterman.so
19:26:16.065 INFO  IntelSmithWaterman - Using CPU-supported AVX-512 instructions
19:26:16.065 INFO  SmithWatermanAligner - Using AVX accelerated SmithWaterman implementation
19:26:16.071 INFO  HaplotypeCallerEngine - Standard Emitting and Calling confidence set to -0.0 for reference-model confidence output
19:26:16.071 INFO  HaplotypeCallerEngine - All sites annotated with PLs forced to true for reference-model confidence output
19:26:16.082 INFO  NativeLibraryLoader - Loading libgkl_pairhmm_omp.so from jar:file:/home/turing-agents/Documents/fast-gatk/third_party/gatk-package/gatk-4.6.2.0/gatk-package-4.6.2.0-local.jar!/com/intel/gkl/native/libgkl_pairhmm_omp.so
19:26:16.096 INFO  IntelPairHmm - Using CPU-supported AVX-512 instructions
19:26:16.096 INFO  IntelPairHmm - Flush-to-zero (FTZ) is enabled when running PairHMM
19:26:16.096 INFO  IntelPairHmm - Available threads: 1
19:26:16.096 INFO  IntelPairHmm - Requested threads: 4
19:26:16.096 WARN  IntelPairHmm - Using 1 available threads, but 4 were requested
19:26:16.096 INFO  PairHMM - Using the OpenMP multi-threaded AVX-accelerated native PairHMM implementation
19:26:16.183 INFO  ProgressMeter - Starting traversal
19:26:16.184 INFO  ProgressMeter -        Current Locus  Elapsed Minutes     Regions Processed   Regions/Minute
19:26:16.801 WARN  InbreedingCoeff - InbreedingCoeff will not be calculated at position 20:47269537 and possibly subsequent; at least 10 samples must have called genotypes
19:26:26.207 INFO  ProgressMeter -          20:47482826              0.2                  1120           6707.3
19:26:36.230 INFO  ProgressMeter -          20:47893598              0.3                  3170           9488.2
19:26:46.230 INFO  ProgressMeter -          20:48450578              0.5                  5850          11682.1
19:26:56.256 INFO  ProgressMeter -          20:49173359              0.7                  9370          14030.1
19:27:06.258 INFO  ProgressMeter -          20:49905104              0.8                 12840          15385.2
19:27:10.762 WARN  DepthPerSampleHC - org.broadinstitute.hellbender.tools.walkers.annotator.DepthPerSampleHC$$Lambda$577/0x0000746e0163e690@48c5f026
19:27:10.763 WARN  StrandBiasBySample - org.broadinstitute.hellbender.tools.walkers.annotator.StrandBiasBySample$$Lambda$578/0x0000746e0163e8b8@99013e9
19:27:16.262 INFO  ProgressMeter -          20:50984072              1.0                 18360          18336.2
19:27:17.685 INFO  HaplotypeCaller - 4770 read(s) filtered by: MappingQualityReadFilter 
0 read(s) filtered by: MappingQualityAvailableReadFilter 
0 read(s) filtered by: MappedReadFilter 
0 read(s) filtered by: NotSecondaryAlignmentReadFilter 
9655 read(s) filtered by: NotDuplicateReadFilter 
0 read(s) filtered by: PassesVendorQualityCheckReadFilter 
0 read(s) filtered by: NonZeroReferenceLengthAlignmentReadFilter 
0 read(s) filtered by: GoodCigarReadFilter 
0 read(s) filtered by: WellformedReadFilter 
14425 total reads filtered out of 206931 reads processed
19:27:17.685 INFO  ProgressMeter -          20:51205940              1.0                 19457          18982.1
19:27:17.685 INFO  ProgressMeter - Traversal complete. Processed 19457 total regions in 1.0 minutes.
19:27:17.698 INFO  VectorLoglessPairHMM - Time spent in setup for JNI call : 0.046436688000000004
19:27:17.698 INFO  PairHMM - Total compute time in PairHMM computeLogLikelihoods() : 0.688457084
19:27:17.699 INFO  SmithWatermanAligner - Total compute time in native Smith-Waterman : 1.15 sec
19:27:17.699 INFO  HaplotypeCaller - Shutting down engine
[2026年9月19日 CST 下午7:27:17] org.broadinstitute.hellbender.tools.walkers.haplotypecaller.HaplotypeCaller done. Elapsed time: 1.10 minutes.
Runtime.totalMemory()=1461780480
