19:26:12.088 INFO  NativeLibraryLoader - Loading libgkl_compression.so from jar:file:/home/turing-agents/Documents/fast-gatk/third_party/gatk-package/gatk-4.6.2.0/gatk-package-4.6.2.0-local.jar!/com/intel/gkl/native/libgkl_compression.so
19:26:15.946 INFO  HaplotypeCaller - ------------------------------------------------------------
19:26:15.950 INFO  HaplotypeCaller - The Genome Analysis Toolkit (GATK) v4.6.2.0
19:26:15.951 INFO  HaplotypeCaller - For support and documentation go to https://software.broadinstitute.org/gatk/
19:26:15.951 INFO  HaplotypeCaller - Executing as turing-agents@turing-agents-MotherBoard-Series on Linux v7.0.0-31-generic amd64
19:26:15.951 INFO  HaplotypeCaller - Java runtime: OpenJDK 64-Bit Server VM v17.0.20+8
19:26:15.952 INFO  HaplotypeCaller - Start Date/Time: 2026年9月19日 CST 下午7:26:11
19:26:15.952 INFO  HaplotypeCaller - ------------------------------------------------------------
19:26:15.952 INFO  HaplotypeCaller - ------------------------------------------------------------
19:26:15.953 INFO  HaplotypeCaller - HTSJDK Version: 4.2.0
19:26:15.953 INFO  HaplotypeCaller - Picard Version: 3.4.0
19:26:15.953 INFO  HaplotypeCaller - Built for Spark Version: 3.5.0
19:26:15.954 INFO  HaplotypeCaller - HTSJDK Defaults.COMPRESSION_LEVEL : 2
19:26:15.955 INFO  HaplotypeCaller - HTSJDK Defaults.USE_ASYNC_IO_READ_FOR_SAMTOOLS : false
19:26:15.955 INFO  HaplotypeCaller - HTSJDK Defaults.USE_ASYNC_IO_WRITE_FOR_SAMTOOLS : true
19:26:15.955 INFO  HaplotypeCaller - HTSJDK Defaults.USE_ASYNC_IO_WRITE_FOR_TRIBBLE : false
19:26:15.956 INFO  HaplotypeCaller - Deflater: IntelDeflater
19:26:15.956 INFO  HaplotypeCaller - Inflater: IntelInflater
19:26:15.956 INFO  HaplotypeCaller - GCS max retries/reopens: 20
19:26:15.956 INFO  HaplotypeCaller - Requester pays: disabled
19:26:15.956 INFO  HaplotypeCaller - Initializing engine
19:26:16.124 INFO  IntervalArgumentCollection - Processing 3939095 bp from intervals
19:26:16.129 INFO  HaplotypeCaller - Done initializing engine
19:26:16.132 INFO  HaplotypeCallerEngine - Tool is in reference confidence mode and the annotation, the following changes will be made to any specified annotations: 'StrandBiasBySample' will be enabled. 'ChromosomeCounts', 'FisherStrand', 'StrandOddsRatio' and 'QualByDepth' annotations have been disabled
19:26:16.162 INFO  NativeLibraryLoader - Loading libgkl_utils.so from jar:file:/home/turing-agents/Documents/fast-gatk/third_party/gatk-package/gatk-4.6.2.0/gatk-package-4.6.2.0-local.jar!/com/intel/gkl/native/libgkl_utils.so
19:26:16.167 INFO  NativeLibraryLoader - Loading libgkl_smithwaterman.so from jar:file:/home/turing-agents/Documents/fast-gatk/third_party/gatk-package/gatk-4.6.2.0/gatk-package-4.6.2.0-local.jar!/com/intel/gkl/native/libgkl_smithwaterman.so
19:26:16.167 INFO  IntelSmithWaterman - Using CPU-supported AVX-512 instructions
19:26:16.167 INFO  SmithWatermanAligner - Using AVX accelerated SmithWaterman implementation
19:26:16.171 INFO  HaplotypeCallerEngine - Standard Emitting and Calling confidence set to -0.0 for reference-model confidence output
19:26:16.171 INFO  HaplotypeCallerEngine - All sites annotated with PLs forced to true for reference-model confidence output
19:26:16.180 INFO  NativeLibraryLoader - Loading libgkl_pairhmm_omp.so from jar:file:/home/turing-agents/Documents/fast-gatk/third_party/gatk-package/gatk-4.6.2.0/gatk-package-4.6.2.0-local.jar!/com/intel/gkl/native/libgkl_pairhmm_omp.so
19:26:16.187 INFO  IntelPairHmm - Using CPU-supported AVX-512 instructions
19:26:16.188 INFO  IntelPairHmm - Flush-to-zero (FTZ) is enabled when running PairHMM
19:26:16.188 INFO  IntelPairHmm - Available threads: 1
19:26:16.188 INFO  IntelPairHmm - Requested threads: 4
19:26:16.188 WARN  IntelPairHmm - Using 1 available threads, but 4 were requested
19:26:16.188 INFO  PairHMM - Using the OpenMP multi-threaded AVX-accelerated native PairHMM implementation
19:26:16.256 INFO  ProgressMeter - Starting traversal
19:26:16.256 INFO  ProgressMeter -        Current Locus  Elapsed Minutes     Regions Processed   Regions/Minute
19:26:16.965 WARN  InbreedingCoeff - InbreedingCoeff will not be calculated at position 20:43331807 and possibly subsequent; at least 10 samples must have called genotypes
19:26:26.298 INFO  ProgressMeter -          20:43528247              0.2                   870           5200.2
19:26:36.302 INFO  ProgressMeter -          20:43941360              0.3                  2670           7992.0
19:26:46.303 INFO  ProgressMeter -          20:44268706              0.5                  4380           8746.3
19:26:56.306 INFO  ProgressMeter -          20:44716987              0.7                  6630           9932.6
19:27:06.348 INFO  ProgressMeter -          20:45466746              0.8                  9980          11954.2
19:27:16.360 INFO  ProgressMeter -          20:46205360              1.0                 13740          13716.2
19:27:21.938 WARN  DepthPerSampleHC - org.broadinstitute.hellbender.tools.walkers.annotator.DepthPerSampleHC$$Lambda$577/0x0000792bb163e230@2e458c5e
19:27:21.939 WARN  StrandBiasBySample - org.broadinstitute.hellbender.tools.walkers.annotator.StrandBiasBySample$$Lambda$578/0x0000792bb163e458@1a4189b6
19:27:22.023 INFO  HaplotypeCaller - 5806 read(s) filtered by: MappingQualityReadFilter 
0 read(s) filtered by: MappingQualityAvailableReadFilter 
0 read(s) filtered by: MappedReadFilter 
0 read(s) filtered by: NotSecondaryAlignmentReadFilter 
10648 read(s) filtered by: NotDuplicateReadFilter 
0 read(s) filtered by: PassesVendorQualityCheckReadFilter 
0 read(s) filtered by: NonZeroReferenceLengthAlignmentReadFilter 
0 read(s) filtered by: GoodCigarReadFilter 
0 read(s) filtered by: WellformedReadFilter 
16454 total reads filtered out of 211238 reads processed
19:27:22.023 INFO  ProgressMeter -          20:47268382              1.1                 19203          17519.1
19:27:22.023 INFO  ProgressMeter - Traversal complete. Processed 19203 total regions in 1.1 minutes.
19:27:22.027 INFO  VectorLoglessPairHMM - Time spent in setup for JNI call : 0.057867936
19:27:22.030 INFO  PairHMM - Total compute time in PairHMM computeLogLikelihoods() : 0.600101043
19:27:22.030 INFO  SmithWatermanAligner - Total compute time in native Smith-Waterman : 1.16 sec
19:27:22.031 INFO  HaplotypeCaller - Shutting down engine
[2026年9月19日 CST 下午7:27:22] org.broadinstitute.hellbender.tools.walkers.haplotypecaller.HaplotypeCaller done. Elapsed time: 1.17 minutes.
Runtime.totalMemory()=1461780480
