19:26:12.059 INFO  NativeLibraryLoader - Loading libgkl_compression.so from jar:file:/home/turing-agents/Documents/fast-gatk/third_party/gatk-package/gatk-4.6.2.0/gatk-package-4.6.2.0-local.jar!/com/intel/gkl/native/libgkl_compression.so
19:26:16.210 INFO  HaplotypeCaller - ------------------------------------------------------------
19:26:16.218 INFO  HaplotypeCaller - The Genome Analysis Toolkit (GATK) v4.6.2.0
19:26:16.218 INFO  HaplotypeCaller - For support and documentation go to https://software.broadinstitute.org/gatk/
19:26:16.218 INFO  HaplotypeCaller - Executing as turing-agents@turing-agents-MotherBoard-Series on Linux v7.0.0-31-generic amd64
19:26:16.218 INFO  HaplotypeCaller - Java runtime: OpenJDK 64-Bit Server VM v17.0.20+8
19:26:16.219 INFO  HaplotypeCaller - Start Date/Time: 2026年9月19日 CST 下午7:26:11
19:26:16.219 INFO  HaplotypeCaller - ------------------------------------------------------------
19:26:16.219 INFO  HaplotypeCaller - ------------------------------------------------------------
19:26:16.220 INFO  HaplotypeCaller - HTSJDK Version: 4.2.0
19:26:16.220 INFO  HaplotypeCaller - Picard Version: 3.4.0
19:26:16.220 INFO  HaplotypeCaller - Built for Spark Version: 3.5.0
19:26:16.222 INFO  HaplotypeCaller - HTSJDK Defaults.COMPRESSION_LEVEL : 2
19:26:16.225 INFO  HaplotypeCaller - HTSJDK Defaults.USE_ASYNC_IO_READ_FOR_SAMTOOLS : false
19:26:16.225 INFO  HaplotypeCaller - HTSJDK Defaults.USE_ASYNC_IO_WRITE_FOR_SAMTOOLS : true
19:26:16.225 INFO  HaplotypeCaller - HTSJDK Defaults.USE_ASYNC_IO_WRITE_FOR_TRIBBLE : false
19:26:16.225 INFO  HaplotypeCaller - Deflater: IntelDeflater
19:26:16.225 INFO  HaplotypeCaller - Inflater: IntelInflater
19:26:16.225 INFO  HaplotypeCaller - GCS max retries/reopens: 20
19:26:16.225 INFO  HaplotypeCaller - Requester pays: disabled
19:26:16.226 INFO  HaplotypeCaller - Initializing engine
19:26:16.451 INFO  IntervalArgumentCollection - Processing 3939095 bp from intervals
19:26:16.459 INFO  HaplotypeCaller - Done initializing engine
19:26:16.461 INFO  HaplotypeCallerEngine - Tool is in reference confidence mode and the annotation, the following changes will be made to any specified annotations: 'StrandBiasBySample' will be enabled. 'ChromosomeCounts', 'FisherStrand', 'StrandOddsRatio' and 'QualByDepth' annotations have been disabled
19:26:16.498 INFO  NativeLibraryLoader - Loading libgkl_utils.so from jar:file:/home/turing-agents/Documents/fast-gatk/third_party/gatk-package/gatk-4.6.2.0/gatk-package-4.6.2.0-local.jar!/com/intel/gkl/native/libgkl_utils.so
19:26:16.499 INFO  NativeLibraryLoader - Loading libgkl_smithwaterman.so from jar:file:/home/turing-agents/Documents/fast-gatk/third_party/gatk-package/gatk-4.6.2.0/gatk-package-4.6.2.0-local.jar!/com/intel/gkl/native/libgkl_smithwaterman.so
19:26:16.499 INFO  IntelSmithWaterman - Using CPU-supported AVX-512 instructions
19:26:16.499 INFO  SmithWatermanAligner - Using AVX accelerated SmithWaterman implementation
19:26:16.507 INFO  HaplotypeCallerEngine - Standard Emitting and Calling confidence set to -0.0 for reference-model confidence output
19:26:16.511 INFO  HaplotypeCallerEngine - All sites annotated with PLs forced to true for reference-model confidence output
19:26:16.523 INFO  NativeLibraryLoader - Loading libgkl_pairhmm_omp.so from jar:file:/home/turing-agents/Documents/fast-gatk/third_party/gatk-package/gatk-4.6.2.0/gatk-package-4.6.2.0-local.jar!/com/intel/gkl/native/libgkl_pairhmm_omp.so
19:26:16.536 INFO  IntelPairHmm - Using CPU-supported AVX-512 instructions
19:26:16.538 INFO  IntelPairHmm - Flush-to-zero (FTZ) is enabled when running PairHMM
19:26:16.539 INFO  IntelPairHmm - Available threads: 1
19:26:16.539 INFO  IntelPairHmm - Requested threads: 4
19:26:16.539 WARN  IntelPairHmm - Using 1 available threads, but 4 were requested
19:26:16.539 INFO  PairHMM - Using the OpenMP multi-threaded AVX-accelerated native PairHMM implementation
19:26:16.611 INFO  ProgressMeter - Starting traversal
19:26:16.612 INFO  ProgressMeter -        Current Locus  Elapsed Minutes     Regions Processed   Regions/Minute
19:26:17.397 WARN  InbreedingCoeff - InbreedingCoeff will not be calculated at position 20:39393128 and possibly subsequent; at least 10 samples must have called genotypes
19:26:26.614 INFO  ProgressMeter -          20:39663490              0.2                  1220           7318.5
19:26:36.641 INFO  ProgressMeter -          20:40364290              0.3                  3940          11802.9
19:26:46.670 INFO  ProgressMeter -          20:40881002              0.5                  6380          12735.4
19:26:56.681 INFO  ProgressMeter -          20:41507921              0.7                  9370          14030.8
19:27:06.697 INFO  ProgressMeter -          20:42260283              0.8                 12920          15477.7
19:27:15.467 INFO  HaplotypeCaller - 5519 read(s) filtered by: MappingQualityReadFilter 
0 read(s) filtered by: MappingQualityAvailableReadFilter 
0 read(s) filtered by: MappedReadFilter 
0 read(s) filtered by: NotSecondaryAlignmentReadFilter 
12037 read(s) filtered by: NotDuplicateReadFilter 
0 read(s) filtered by: PassesVendorQualityCheckReadFilter 
0 read(s) filtered by: NonZeroReferenceLengthAlignmentReadFilter 
0 read(s) filtered by: GoodCigarReadFilter 
0 read(s) filtered by: WellformedReadFilter 
17556 total reads filtered out of 214963 reads processed
19:27:15.468 INFO  ProgressMeter -          20:43328174              1.0                 18119          18471.2
19:27:15.468 INFO  ProgressMeter - Traversal complete. Processed 18119 total regions in 1.0 minutes.
19:27:15.473 INFO  VectorLoglessPairHMM - Time spent in setup for JNI call : 0.024698715000000003
19:27:15.474 INFO  PairHMM - Total compute time in PairHMM computeLogLikelihoods() : 0.49211667200000003
19:27:15.474 INFO  SmithWatermanAligner - Total compute time in native Smith-Waterman : 0.84 sec
19:27:15.479 INFO  HaplotypeCaller - Shutting down engine
[2026年9月19日 CST 下午7:27:15] org.broadinstitute.hellbender.tools.walkers.haplotypecaller.HaplotypeCaller done. Elapsed time: 1.06 minutes.
Runtime.totalMemory()=1461780480
