19:26:12.137 INFO  NativeLibraryLoader - Loading libgkl_compression.so from jar:file:/home/turing-agents/Documents/fast-gatk/third_party/gatk-package/gatk-4.6.2.0/gatk-package-4.6.2.0-local.jar!/com/intel/gkl/native/libgkl_compression.so
19:26:16.545 INFO  HaplotypeCaller - ------------------------------------------------------------
19:26:16.552 INFO  HaplotypeCaller - The Genome Analysis Toolkit (GATK) v4.6.2.0
19:26:16.553 INFO  HaplotypeCaller - For support and documentation go to https://software.broadinstitute.org/gatk/
19:26:16.553 INFO  HaplotypeCaller - Executing as turing-agents@turing-agents-MotherBoard-Series on Linux v7.0.0-31-generic amd64
19:26:16.553 INFO  HaplotypeCaller - Java runtime: OpenJDK 64-Bit Server VM v17.0.20+8
19:26:16.554 INFO  HaplotypeCaller - Start Date/Time: 2026年9月19日 CST 下午7:26:12
19:26:16.554 INFO  HaplotypeCaller - ------------------------------------------------------------
19:26:16.554 INFO  HaplotypeCaller - ------------------------------------------------------------
19:26:16.556 INFO  HaplotypeCaller - HTSJDK Version: 4.2.0
19:26:16.556 INFO  HaplotypeCaller - Picard Version: 3.4.0
19:26:16.557 INFO  HaplotypeCaller - Built for Spark Version: 3.5.0
19:26:16.560 INFO  HaplotypeCaller - HTSJDK Defaults.COMPRESSION_LEVEL : 2
19:26:16.561 INFO  HaplotypeCaller - HTSJDK Defaults.USE_ASYNC_IO_READ_FOR_SAMTOOLS : false
19:26:16.562 INFO  HaplotypeCaller - HTSJDK Defaults.USE_ASYNC_IO_WRITE_FOR_SAMTOOLS : true
19:26:16.562 INFO  HaplotypeCaller - HTSJDK Defaults.USE_ASYNC_IO_WRITE_FOR_TRIBBLE : false
19:26:16.562 INFO  HaplotypeCaller - Deflater: IntelDeflater
19:26:16.562 INFO  HaplotypeCaller - Inflater: IntelInflater
19:26:16.563 INFO  HaplotypeCaller - GCS max retries/reopens: 20
19:26:16.563 INFO  HaplotypeCaller - Requester pays: disabled
19:26:16.564 INFO  HaplotypeCaller - Initializing engine
19:26:16.937 INFO  IntervalArgumentCollection - Processing 3939095 bp from intervals
19:26:16.951 INFO  HaplotypeCaller - Done initializing engine
19:26:16.958 INFO  HaplotypeCallerEngine - Tool is in reference confidence mode and the annotation, the following changes will be made to any specified annotations: 'StrandBiasBySample' will be enabled. 'ChromosomeCounts', 'FisherStrand', 'StrandOddsRatio' and 'QualByDepth' annotations have been disabled
19:26:17.030 INFO  NativeLibraryLoader - Loading libgkl_utils.so from jar:file:/home/turing-agents/Documents/fast-gatk/third_party/gatk-package/gatk-4.6.2.0/gatk-package-4.6.2.0-local.jar!/com/intel/gkl/native/libgkl_utils.so
19:26:17.032 INFO  NativeLibraryLoader - Loading libgkl_smithwaterman.so from jar:file:/home/turing-agents/Documents/fast-gatk/third_party/gatk-package/gatk-4.6.2.0/gatk-package-4.6.2.0-local.jar!/com/intel/gkl/native/libgkl_smithwaterman.so
19:26:17.033 INFO  IntelSmithWaterman - Using CPU-supported AVX-512 instructions
19:26:17.033 INFO  SmithWatermanAligner - Using AVX accelerated SmithWaterman implementation
19:26:17.044 INFO  HaplotypeCallerEngine - Standard Emitting and Calling confidence set to -0.0 for reference-model confidence output
19:26:17.044 INFO  HaplotypeCallerEngine - All sites annotated with PLs forced to true for reference-model confidence output
19:26:17.098 INFO  NativeLibraryLoader - Loading libgkl_pairhmm_omp.so from jar:file:/home/turing-agents/Documents/fast-gatk/third_party/gatk-package/gatk-4.6.2.0/gatk-package-4.6.2.0-local.jar!/com/intel/gkl/native/libgkl_pairhmm_omp.so
19:26:17.123 INFO  IntelPairHmm - Using CPU-supported AVX-512 instructions
19:26:17.124 INFO  IntelPairHmm - Flush-to-zero (FTZ) is enabled when running PairHMM
19:26:17.124 INFO  IntelPairHmm - Available threads: 1
19:26:17.125 INFO  IntelPairHmm - Requested threads: 4
19:26:17.129 WARN  IntelPairHmm - Using 1 available threads, but 4 were requested
19:26:17.129 INFO  PairHMM - Using the OpenMP multi-threaded AVX-accelerated native PairHMM implementation
19:26:17.379 INFO  ProgressMeter - Starting traversal
19:26:17.384 INFO  ProgressMeter -        Current Locus  Elapsed Minutes     Regions Processed   Regions/Minute
19:26:18.280 WARN  InbreedingCoeff - InbreedingCoeff will not be calculated at position 20:3940952 and possibly subsequent; at least 10 samples must have called genotypes
19:26:27.410 INFO  ProgressMeter -           20:4101121              0.2                   910           5448.0
19:26:37.462 INFO  ProgressMeter -           20:4403153              0.3                  2580           7709.9
19:26:47.480 INFO  ProgressMeter -           20:4823992              0.5                  4800           9569.4
19:26:57.489 INFO  ProgressMeter -           20:5385952              0.7                  7710          11534.7
19:27:07.500 INFO  ProgressMeter -           20:6194156              0.8                 11780          14103.3
19:27:17.527 INFO  ProgressMeter -           20:7257655              1.0                 17240          17199.0
19:27:21.212 INFO  HaplotypeCaller - 6286 read(s) filtered by: MappingQualityReadFilter 
0 read(s) filtered by: MappingQualityAvailableReadFilter 
0 read(s) filtered by: MappedReadFilter 
0 read(s) filtered by: NotSecondaryAlignmentReadFilter 
16235 read(s) filtered by: NotDuplicateReadFilter 
0 read(s) filtered by: PassesVendorQualityCheckReadFilter 
0 read(s) filtered by: NonZeroReferenceLengthAlignmentReadFilter 
0 read(s) filtered by: GoodCigarReadFilter 
0 read(s) filtered by: WellformedReadFilter 
22521 total reads filtered out of 226751 reads processed
19:27:21.212 INFO  ProgressMeter -           20:7876554              1.1                 20457          19230.1
19:27:21.212 INFO  ProgressMeter - Traversal complete. Processed 20457 total regions in 1.1 minutes.
19:27:21.225 INFO  VectorLoglessPairHMM - Time spent in setup for JNI call : 0.068168803
19:27:21.225 INFO  PairHMM - Total compute time in PairHMM computeLogLikelihoods() : 0.8638905950000001
19:27:21.226 INFO  SmithWatermanAligner - Total compute time in native Smith-Waterman : 1.92 sec
19:27:21.226 INFO  HaplotypeCaller - Shutting down engine
[2026年9月19日 CST 下午7:27:21] org.broadinstitute.hellbender.tools.walkers.haplotypecaller.HaplotypeCaller done. Elapsed time: 1.15 minutes.
Runtime.totalMemory()=1461780480
