19:26:12.163 INFO  NativeLibraryLoader - Loading libgkl_compression.so from jar:file:/home/turing-agents/Documents/fast-gatk/third_party/gatk-package/gatk-4.6.2.0/gatk-package-4.6.2.0-local.jar!/com/intel/gkl/native/libgkl_compression.so
19:26:15.997 INFO  HaplotypeCaller - ------------------------------------------------------------
19:26:16.002 INFO  HaplotypeCaller - The Genome Analysis Toolkit (GATK) v4.6.2.0
19:26:16.002 INFO  HaplotypeCaller - For support and documentation go to https://software.broadinstitute.org/gatk/
19:26:16.003 INFO  HaplotypeCaller - Executing as turing-agents@turing-agents-MotherBoard-Series on Linux v7.0.0-31-generic amd64
19:26:16.003 INFO  HaplotypeCaller - Java runtime: OpenJDK 64-Bit Server VM v17.0.20+8
19:26:16.003 INFO  HaplotypeCaller - Start Date/Time: 2026年9月19日 CST 下午7:26:12
19:26:16.005 INFO  HaplotypeCaller - ------------------------------------------------------------
19:26:16.005 INFO  HaplotypeCaller - ------------------------------------------------------------
19:26:16.006 INFO  HaplotypeCaller - HTSJDK Version: 4.2.0
19:26:16.006 INFO  HaplotypeCaller - Picard Version: 3.4.0
19:26:16.006 INFO  HaplotypeCaller - Built for Spark Version: 3.5.0
19:26:16.008 INFO  HaplotypeCaller - HTSJDK Defaults.COMPRESSION_LEVEL : 2
19:26:16.008 INFO  HaplotypeCaller - HTSJDK Defaults.USE_ASYNC_IO_READ_FOR_SAMTOOLS : false
19:26:16.008 INFO  HaplotypeCaller - HTSJDK Defaults.USE_ASYNC_IO_WRITE_FOR_SAMTOOLS : true
19:26:16.012 INFO  HaplotypeCaller - HTSJDK Defaults.USE_ASYNC_IO_WRITE_FOR_TRIBBLE : false
19:26:16.012 INFO  HaplotypeCaller - Deflater: IntelDeflater
19:26:16.013 INFO  HaplotypeCaller - Inflater: IntelInflater
19:26:16.013 INFO  HaplotypeCaller - GCS max retries/reopens: 20
19:26:16.013 INFO  HaplotypeCaller - Requester pays: disabled
19:26:16.013 INFO  HaplotypeCaller - Initializing engine
19:26:16.187 INFO  IntervalArgumentCollection - Processing 3939095 bp from intervals
19:26:16.190 INFO  HaplotypeCaller - Done initializing engine
19:26:16.191 INFO  HaplotypeCallerEngine - Tool is in reference confidence mode and the annotation, the following changes will be made to any specified annotations: 'StrandBiasBySample' will be enabled. 'ChromosomeCounts', 'FisherStrand', 'StrandOddsRatio' and 'QualByDepth' annotations have been disabled
19:26:16.228 INFO  NativeLibraryLoader - Loading libgkl_utils.so from jar:file:/home/turing-agents/Documents/fast-gatk/third_party/gatk-package/gatk-4.6.2.0/gatk-package-4.6.2.0-local.jar!/com/intel/gkl/native/libgkl_utils.so
19:26:16.229 INFO  NativeLibraryLoader - Loading libgkl_smithwaterman.so from jar:file:/home/turing-agents/Documents/fast-gatk/third_party/gatk-package/gatk-4.6.2.0/gatk-package-4.6.2.0-local.jar!/com/intel/gkl/native/libgkl_smithwaterman.so
19:26:16.230 INFO  IntelSmithWaterman - Using CPU-supported AVX-512 instructions
19:26:16.230 INFO  SmithWatermanAligner - Using AVX accelerated SmithWaterman implementation
19:26:16.238 INFO  HaplotypeCallerEngine - Standard Emitting and Calling confidence set to -0.0 for reference-model confidence output
19:26:16.238 INFO  HaplotypeCallerEngine - All sites annotated with PLs forced to true for reference-model confidence output
19:26:16.260 INFO  NativeLibraryLoader - Loading libgkl_pairhmm_omp.so from jar:file:/home/turing-agents/Documents/fast-gatk/third_party/gatk-package/gatk-4.6.2.0/gatk-package-4.6.2.0-local.jar!/com/intel/gkl/native/libgkl_pairhmm_omp.so
19:26:16.280 INFO  IntelPairHmm - Using CPU-supported AVX-512 instructions
19:26:16.280 INFO  IntelPairHmm - Flush-to-zero (FTZ) is enabled when running PairHMM
19:26:16.281 INFO  IntelPairHmm - Available threads: 1
19:26:16.281 INFO  IntelPairHmm - Requested threads: 4
19:26:16.281 WARN  IntelPairHmm - Using 1 available threads, but 4 were requested
19:26:16.281 INFO  PairHMM - Using the OpenMP multi-threaded AVX-accelerated native PairHMM implementation
19:26:16.410 INFO  ProgressMeter - Starting traversal
19:26:16.412 INFO  ProgressMeter -        Current Locus  Elapsed Minutes     Regions Processed   Regions/Minute
19:26:16.870 WARN  InbreedingCoeff - InbreedingCoeff will not be calculated at position 20:51208280 and possibly subsequent; at least 10 samples must have called genotypes
19:26:20.177 WARN  DepthPerSampleHC - org.broadinstitute.hellbender.tools.walkers.annotator.DepthPerSampleHC$$Lambda$568/0x000072de1563ac10@4b60f14
19:26:20.177 WARN  StrandBiasBySample - org.broadinstitute.hellbender.tools.walkers.annotator.StrandBiasBySample$$Lambda$569/0x000072de1563ae38@58d15e7c
19:26:26.434 INFO  ProgressMeter -          20:51395612              0.2                   950           5687.5
19:26:36.492 INFO  ProgressMeter -          20:51781708              0.3                  2870           8576.1
19:26:46.508 INFO  ProgressMeter -          20:52237486              0.5                  5180          10327.0
19:26:56.534 INFO  ProgressMeter -          20:52668888              0.7                  7430          11111.1
19:27:06.544 INFO  ProgressMeter -          20:53189386              0.8                 10170          12172.1
19:27:16.545 INFO  ProgressMeter -          20:54003523              1.0                 14460          14428.0
19:27:22.371 INFO  HaplotypeCaller - 6543 read(s) filtered by: MappingQualityReadFilter 
0 read(s) filtered by: MappingQualityAvailableReadFilter 
0 read(s) filtered by: MappedReadFilter 
0 read(s) filtered by: NotSecondaryAlignmentReadFilter 
16492 read(s) filtered by: NotDuplicateReadFilter 
0 read(s) filtered by: PassesVendorQualityCheckReadFilter 
0 read(s) filtered by: NonZeroReferenceLengthAlignmentReadFilter 
0 read(s) filtered by: GoodCigarReadFilter 
0 read(s) filtered by: WellformedReadFilter 
23035 total reads filtered out of 229823 reads processed
19:27:22.373 INFO  ProgressMeter -          20:55147241              1.1                 20201          18376.0
19:27:22.373 INFO  ProgressMeter - Traversal complete. Processed 20201 total regions in 1.1 minutes.
19:27:22.380 INFO  VectorLoglessPairHMM - Time spent in setup for JNI call : 0.047234243
19:27:22.380 INFO  PairHMM - Total compute time in PairHMM computeLogLikelihoods() : 1.04937108
19:27:22.380 INFO  SmithWatermanAligner - Total compute time in native Smith-Waterman : 2.26 sec
19:27:22.380 INFO  HaplotypeCaller - Shutting down engine
[2026年9月19日 CST 下午7:27:22] org.broadinstitute.hellbender.tools.walkers.haplotypecaller.HaplotypeCaller done. Elapsed time: 1.17 minutes.
Runtime.totalMemory()=1461780480
