19:26:11.975 INFO  NativeLibraryLoader - Loading libgkl_compression.so from jar:file:/home/turing-agents/Documents/fast-gatk/third_party/gatk-package/gatk-4.6.2.0/gatk-package-4.6.2.0-local.jar!/com/intel/gkl/native/libgkl_compression.so
19:26:16.140 INFO  HaplotypeCaller - ------------------------------------------------------------
19:26:16.144 INFO  HaplotypeCaller - The Genome Analysis Toolkit (GATK) v4.6.2.0
19:26:16.144 INFO  HaplotypeCaller - For support and documentation go to https://software.broadinstitute.org/gatk/
19:26:16.145 INFO  HaplotypeCaller - Executing as turing-agents@turing-agents-MotherBoard-Series on Linux v7.0.0-31-generic amd64
19:26:16.145 INFO  HaplotypeCaller - Java runtime: OpenJDK 64-Bit Server VM v17.0.20+8
19:26:16.145 INFO  HaplotypeCaller - Start Date/Time: 2026年9月19日 CST 下午7:26:11
19:26:16.145 INFO  HaplotypeCaller - ------------------------------------------------------------
19:26:16.145 INFO  HaplotypeCaller - ------------------------------------------------------------
19:26:16.146 INFO  HaplotypeCaller - HTSJDK Version: 4.2.0
19:26:16.146 INFO  HaplotypeCaller - Picard Version: 3.4.0
19:26:16.146 INFO  HaplotypeCaller - Built for Spark Version: 3.5.0
19:26:16.149 INFO  HaplotypeCaller - HTSJDK Defaults.COMPRESSION_LEVEL : 2
19:26:16.149 INFO  HaplotypeCaller - HTSJDK Defaults.USE_ASYNC_IO_READ_FOR_SAMTOOLS : false
19:26:16.149 INFO  HaplotypeCaller - HTSJDK Defaults.USE_ASYNC_IO_WRITE_FOR_SAMTOOLS : true
19:26:16.149 INFO  HaplotypeCaller - HTSJDK Defaults.USE_ASYNC_IO_WRITE_FOR_TRIBBLE : false
19:26:16.149 INFO  HaplotypeCaller - Deflater: IntelDeflater
19:26:16.150 INFO  HaplotypeCaller - Inflater: IntelInflater
19:26:16.150 INFO  HaplotypeCaller - GCS max retries/reopens: 20
19:26:16.150 INFO  HaplotypeCaller - Requester pays: disabled
19:26:16.150 INFO  HaplotypeCaller - Initializing engine
19:26:16.372 INFO  IntervalArgumentCollection - Processing 3939095 bp from intervals
19:26:16.379 INFO  HaplotypeCaller - Done initializing engine
19:26:16.381 INFO  HaplotypeCallerEngine - Tool is in reference confidence mode and the annotation, the following changes will be made to any specified annotations: 'StrandBiasBySample' will be enabled. 'ChromosomeCounts', 'FisherStrand', 'StrandOddsRatio' and 'QualByDepth' annotations have been disabled
19:26:16.427 INFO  NativeLibraryLoader - Loading libgkl_utils.so from jar:file:/home/turing-agents/Documents/fast-gatk/third_party/gatk-package/gatk-4.6.2.0/gatk-package-4.6.2.0-local.jar!/com/intel/gkl/native/libgkl_utils.so
19:26:16.428 INFO  NativeLibraryLoader - Loading libgkl_smithwaterman.so from jar:file:/home/turing-agents/Documents/fast-gatk/third_party/gatk-package/gatk-4.6.2.0/gatk-package-4.6.2.0-local.jar!/com/intel/gkl/native/libgkl_smithwaterman.so
19:26:16.433 INFO  IntelSmithWaterman - Using CPU-supported AVX-512 instructions
19:26:16.434 INFO  SmithWatermanAligner - Using AVX accelerated SmithWaterman implementation
19:26:16.440 INFO  HaplotypeCallerEngine - Standard Emitting and Calling confidence set to -0.0 for reference-model confidence output
19:26:16.440 INFO  HaplotypeCallerEngine - All sites annotated with PLs forced to true for reference-model confidence output
19:26:16.459 INFO  NativeLibraryLoader - Loading libgkl_pairhmm_omp.so from jar:file:/home/turing-agents/Documents/fast-gatk/third_party/gatk-package/gatk-4.6.2.0/gatk-package-4.6.2.0-local.jar!/com/intel/gkl/native/libgkl_pairhmm_omp.so
19:26:16.473 INFO  IntelPairHmm - Using CPU-supported AVX-512 instructions
19:26:16.476 INFO  IntelPairHmm - Flush-to-zero (FTZ) is enabled when running PairHMM
19:26:16.477 INFO  IntelPairHmm - Available threads: 1
19:26:16.477 INFO  IntelPairHmm - Requested threads: 4
19:26:16.477 WARN  IntelPairHmm - Using 1 available threads, but 4 were requested
19:26:16.477 INFO  PairHMM - Using the OpenMP multi-threaded AVX-accelerated native PairHMM implementation
19:26:16.570 INFO  ProgressMeter - Starting traversal
19:26:16.571 INFO  ProgressMeter -        Current Locus  Elapsed Minutes     Regions Processed   Regions/Minute
19:26:17.395 WARN  InbreedingCoeff - InbreedingCoeff will not be calculated at position 20:55149425 and possibly subsequent; at least 10 samples must have called genotypes
19:26:26.573 INFO  ProgressMeter -          20:55341905              0.2                   980           5878.8
19:26:36.618 INFO  ProgressMeter -          20:55644377              0.3                  2680           8021.2
19:26:46.638 INFO  ProgressMeter -          20:56152487              0.5                  5150          10277.0
19:26:56.643 INFO  ProgressMeter -          20:56754583              0.7                  8170          12233.0
19:27:06.647 INFO  ProgressMeter -          20:57710740              0.8                 12810          15348.7
19:27:16.653 INFO  ProgressMeter -          20:58966051              1.0                 18730          18704.7
19:27:17.326 INFO  HaplotypeCaller - 4127 read(s) filtered by: MappingQualityReadFilter 
0 read(s) filtered by: MappingQualityAvailableReadFilter 
0 read(s) filtered by: MappedReadFilter 
0 read(s) filtered by: NotSecondaryAlignmentReadFilter 
10315 read(s) filtered by: NotDuplicateReadFilter 
0 read(s) filtered by: PassesVendorQualityCheckReadFilter 
0 read(s) filtered by: NonZeroReferenceLengthAlignmentReadFilter 
0 read(s) filtered by: GoodCigarReadFilter 
0 read(s) filtered by: WellformedReadFilter 
14442 total reads filtered out of 207799 reads processed
19:27:17.326 INFO  ProgressMeter -          20:59086032              1.0                 19311          19071.0
19:27:17.326 INFO  ProgressMeter - Traversal complete. Processed 19311 total regions in 1.0 minutes.
19:27:17.347 INFO  VectorLoglessPairHMM - Time spent in setup for JNI call : 0.061954550000000004
19:27:17.347 INFO  PairHMM - Total compute time in PairHMM computeLogLikelihoods() : 0.73247709
19:27:17.347 INFO  SmithWatermanAligner - Total compute time in native Smith-Waterman : 1.24 sec
19:27:17.348 INFO  HaplotypeCaller - Shutting down engine
[2026年9月19日 CST 下午7:27:17] org.broadinstitute.hellbender.tools.walkers.haplotypecaller.HaplotypeCaller done. Elapsed time: 1.09 minutes.
Runtime.totalMemory()=1461780480
