19:26:11.865 INFO  NativeLibraryLoader - Loading libgkl_compression.so from jar:file:/home/turing-agents/Documents/fast-gatk/third_party/gatk-package/gatk-4.6.2.0/gatk-package-4.6.2.0-local.jar!/com/intel/gkl/native/libgkl_compression.so
19:26:15.701 INFO  HaplotypeCaller - ------------------------------------------------------------
19:26:15.702 INFO  HaplotypeCaller - The Genome Analysis Toolkit (GATK) v4.6.2.0
19:26:15.702 INFO  HaplotypeCaller - For support and documentation go to https://software.broadinstitute.org/gatk/
19:26:15.703 INFO  HaplotypeCaller - Executing as turing-agents@turing-agents-MotherBoard-Series on Linux v7.0.0-31-generic amd64
19:26:15.703 INFO  HaplotypeCaller - Java runtime: OpenJDK 64-Bit Server VM v17.0.20+8
19:26:15.703 INFO  HaplotypeCaller - Start Date/Time: 2026年9月19日 CST 下午7:26:11
19:26:15.703 INFO  HaplotypeCaller - ------------------------------------------------------------
19:26:15.703 INFO  HaplotypeCaller - ------------------------------------------------------------
19:26:15.704 INFO  HaplotypeCaller - HTSJDK Version: 4.2.0
19:26:15.704 INFO  HaplotypeCaller - Picard Version: 3.4.0
19:26:15.704 INFO  HaplotypeCaller - Built for Spark Version: 3.5.0
19:26:15.706 INFO  HaplotypeCaller - HTSJDK Defaults.COMPRESSION_LEVEL : 2
19:26:15.706 INFO  HaplotypeCaller - HTSJDK Defaults.USE_ASYNC_IO_READ_FOR_SAMTOOLS : false
19:26:15.706 INFO  HaplotypeCaller - HTSJDK Defaults.USE_ASYNC_IO_WRITE_FOR_SAMTOOLS : true
19:26:15.707 INFO  HaplotypeCaller - HTSJDK Defaults.USE_ASYNC_IO_WRITE_FOR_TRIBBLE : false
19:26:15.707 INFO  HaplotypeCaller - Deflater: IntelDeflater
19:26:15.707 INFO  HaplotypeCaller - Inflater: IntelInflater
19:26:15.707 INFO  HaplotypeCaller - GCS max retries/reopens: 20
19:26:15.707 INFO  HaplotypeCaller - Requester pays: disabled
19:26:15.708 INFO  HaplotypeCaller - Initializing engine
19:26:15.884 INFO  IntervalArgumentCollection - Processing 3939095 bp from intervals
19:26:15.889 INFO  HaplotypeCaller - Done initializing engine
19:26:15.893 INFO  HaplotypeCallerEngine - Tool is in reference confidence mode and the annotation, the following changes will be made to any specified annotations: 'StrandBiasBySample' will be enabled. 'ChromosomeCounts', 'FisherStrand', 'StrandOddsRatio' and 'QualByDepth' annotations have been disabled
19:26:15.914 INFO  NativeLibraryLoader - Loading libgkl_utils.so from jar:file:/home/turing-agents/Documents/fast-gatk/third_party/gatk-package/gatk-4.6.2.0/gatk-package-4.6.2.0-local.jar!/com/intel/gkl/native/libgkl_utils.so
19:26:15.919 INFO  NativeLibraryLoader - Loading libgkl_smithwaterman.so from jar:file:/home/turing-agents/Documents/fast-gatk/third_party/gatk-package/gatk-4.6.2.0/gatk-package-4.6.2.0-local.jar!/com/intel/gkl/native/libgkl_smithwaterman.so
19:26:15.919 INFO  IntelSmithWaterman - Using CPU-supported AVX-512 instructions
19:26:15.920 INFO  SmithWatermanAligner - Using AVX accelerated SmithWaterman implementation
19:26:15.925 INFO  HaplotypeCallerEngine - Standard Emitting and Calling confidence set to -0.0 for reference-model confidence output
19:26:15.925 INFO  HaplotypeCallerEngine - All sites annotated with PLs forced to true for reference-model confidence output
19:26:15.939 INFO  NativeLibraryLoader - Loading libgkl_pairhmm_omp.so from jar:file:/home/turing-agents/Documents/fast-gatk/third_party/gatk-package/gatk-4.6.2.0/gatk-package-4.6.2.0-local.jar!/com/intel/gkl/native/libgkl_pairhmm_omp.so
19:26:15.953 INFO  IntelPairHmm - Using CPU-supported AVX-512 instructions
19:26:15.953 INFO  IntelPairHmm - Flush-to-zero (FTZ) is enabled when running PairHMM
19:26:15.953 INFO  IntelPairHmm - Available threads: 1
19:26:15.953 INFO  IntelPairHmm - Requested threads: 4
19:26:15.954 WARN  IntelPairHmm - Using 1 available threads, but 4 were requested
19:26:15.954 INFO  PairHMM - Using the OpenMP multi-threaded AVX-accelerated native PairHMM implementation
19:26:16.048 INFO  ProgressMeter - Starting traversal
19:26:16.049 INFO  ProgressMeter -        Current Locus  Elapsed Minutes     Regions Processed   Regions/Minute
19:26:16.714 WARN  InbreedingCoeff - InbreedingCoeff will not be calculated at position 20:11818788 and possibly subsequent; at least 10 samples must have called genotypes
19:26:26.069 INFO  ProgressMeter -          20:12002367              0.2                  1050           6288.1
19:26:36.070 INFO  ProgressMeter -          20:12413196              0.3                  2880           8630.9
19:26:46.093 INFO  ProgressMeter -          20:12942987              0.5                  5500          10983.9
19:26:56.104 INFO  ProgressMeter -          20:13703378              0.7                  9150          13706.5
19:27:06.114 INFO  ProgressMeter -          20:14689610              0.8                 14040          16826.5
19:27:16.113 INFO  ProgressMeter -          20:15737772              1.0                 19440          19419.3
19:27:16.265 INFO  HaplotypeCaller - 5832 read(s) filtered by: MappingQualityReadFilter 
0 read(s) filtered by: MappingQualityAvailableReadFilter 
0 read(s) filtered by: MappedReadFilter 
0 read(s) filtered by: NotSecondaryAlignmentReadFilter 
19051 read(s) filtered by: NotDuplicateReadFilter 
0 read(s) filtered by: PassesVendorQualityCheckReadFilter 
0 read(s) filtered by: NonZeroReferenceLengthAlignmentReadFilter 
0 read(s) filtered by: GoodCigarReadFilter 
0 read(s) filtered by: WellformedReadFilter 
24883 total reads filtered out of 231468 reads processed
19:27:16.266 INFO  ProgressMeter -          20:15755066              1.0                 19549          19478.9
19:27:16.266 INFO  ProgressMeter - Traversal complete. Processed 19549 total regions in 1.0 minutes.
19:27:16.275 INFO  VectorLoglessPairHMM - Time spent in setup for JNI call : 0.051850312
19:27:16.276 INFO  PairHMM - Total compute time in PairHMM computeLogLikelihoods() : 0.7354038810000001
19:27:16.276 INFO  SmithWatermanAligner - Total compute time in native Smith-Waterman : 1.35 sec
19:27:16.277 INFO  HaplotypeCaller - Shutting down engine
[2026年9月19日 CST 下午7:27:16] org.broadinstitute.hellbender.tools.walkers.haplotypecaller.HaplotypeCaller done. Elapsed time: 1.08 minutes.
Runtime.totalMemory()=1461780480
