19:26:11.995 INFO  NativeLibraryLoader - Loading libgkl_compression.so from jar:file:/home/turing-agents/Documents/fast-gatk/third_party/gatk-package/gatk-4.6.2.0/gatk-package-4.6.2.0-local.jar!/com/intel/gkl/native/libgkl_compression.so
19:26:15.864 INFO  HaplotypeCaller - ------------------------------------------------------------
19:26:15.869 INFO  HaplotypeCaller - The Genome Analysis Toolkit (GATK) v4.6.2.0
19:26:15.869 INFO  HaplotypeCaller - For support and documentation go to https://software.broadinstitute.org/gatk/
19:26:15.869 INFO  HaplotypeCaller - Executing as turing-agents@turing-agents-MotherBoard-Series on Linux v7.0.0-31-generic amd64
19:26:15.869 INFO  HaplotypeCaller - Java runtime: OpenJDK 64-Bit Server VM v17.0.20+8
19:26:15.869 INFO  HaplotypeCaller - Start Date/Time: 2026年9月19日 CST 下午7:26:11
19:26:15.869 INFO  HaplotypeCaller - ------------------------------------------------------------
19:26:15.869 INFO  HaplotypeCaller - ------------------------------------------------------------
19:26:15.870 INFO  HaplotypeCaller - HTSJDK Version: 4.2.0
19:26:15.870 INFO  HaplotypeCaller - Picard Version: 3.4.0
19:26:15.870 INFO  HaplotypeCaller - Built for Spark Version: 3.5.0
19:26:15.873 INFO  HaplotypeCaller - HTSJDK Defaults.COMPRESSION_LEVEL : 2
19:26:15.873 INFO  HaplotypeCaller - HTSJDK Defaults.USE_ASYNC_IO_READ_FOR_SAMTOOLS : false
19:26:15.874 INFO  HaplotypeCaller - HTSJDK Defaults.USE_ASYNC_IO_WRITE_FOR_SAMTOOLS : true
19:26:15.874 INFO  HaplotypeCaller - HTSJDK Defaults.USE_ASYNC_IO_WRITE_FOR_TRIBBLE : false
19:26:15.874 INFO  HaplotypeCaller - Deflater: IntelDeflater
19:26:15.874 INFO  HaplotypeCaller - Inflater: IntelInflater
19:26:15.874 INFO  HaplotypeCaller - GCS max retries/reopens: 20
19:26:15.874 INFO  HaplotypeCaller - Requester pays: disabled
19:26:15.875 INFO  HaplotypeCaller - Initializing engine
19:26:16.078 INFO  IntervalArgumentCollection - Processing 3939095 bp from intervals
19:26:16.087 INFO  HaplotypeCaller - Done initializing engine
19:26:16.088 INFO  HaplotypeCallerEngine - Tool is in reference confidence mode and the annotation, the following changes will be made to any specified annotations: 'StrandBiasBySample' will be enabled. 'ChromosomeCounts', 'FisherStrand', 'StrandOddsRatio' and 'QualByDepth' annotations have been disabled
19:26:16.122 INFO  NativeLibraryLoader - Loading libgkl_utils.so from jar:file:/home/turing-agents/Documents/fast-gatk/third_party/gatk-package/gatk-4.6.2.0/gatk-package-4.6.2.0-local.jar!/com/intel/gkl/native/libgkl_utils.so
19:26:16.123 INFO  NativeLibraryLoader - Loading libgkl_smithwaterman.so from jar:file:/home/turing-agents/Documents/fast-gatk/third_party/gatk-package/gatk-4.6.2.0/gatk-package-4.6.2.0-local.jar!/com/intel/gkl/native/libgkl_smithwaterman.so
19:26:16.123 INFO  IntelSmithWaterman - Using CPU-supported AVX-512 instructions
19:26:16.123 INFO  SmithWatermanAligner - Using AVX accelerated SmithWaterman implementation
19:26:16.129 INFO  HaplotypeCallerEngine - Standard Emitting and Calling confidence set to -0.0 for reference-model confidence output
19:26:16.129 INFO  HaplotypeCallerEngine - All sites annotated with PLs forced to true for reference-model confidence output
19:26:16.147 INFO  NativeLibraryLoader - Loading libgkl_pairhmm_omp.so from jar:file:/home/turing-agents/Documents/fast-gatk/third_party/gatk-package/gatk-4.6.2.0/gatk-package-4.6.2.0-local.jar!/com/intel/gkl/native/libgkl_pairhmm_omp.so
19:26:16.155 INFO  IntelPairHmm - Using CPU-supported AVX-512 instructions
19:26:16.155 INFO  IntelPairHmm - Flush-to-zero (FTZ) is enabled when running PairHMM
19:26:16.156 INFO  IntelPairHmm - Available threads: 1
19:26:16.156 INFO  IntelPairHmm - Requested threads: 4
19:26:16.156 WARN  IntelPairHmm - Using 1 available threads, but 4 were requested
19:26:16.156 INFO  PairHMM - Using the OpenMP multi-threaded AVX-accelerated native PairHMM implementation
19:26:16.230 INFO  ProgressMeter - Starting traversal
19:26:16.231 INFO  ProgressMeter -        Current Locus  Elapsed Minutes     Regions Processed   Regions/Minute
19:26:16.815 WARN  InbreedingCoeff - InbreedingCoeff will not be calculated at position 20:15756694 and possibly subsequent; at least 10 samples must have called genotypes
19:26:26.241 INFO  ProgressMeter -          20:15962536              0.2                  1050           6293.7
19:26:36.267 INFO  ProgressMeter -          20:16289014              0.3                  2850           8534.6
19:26:46.305 INFO  ProgressMeter -          20:16726986              0.5                  5150          10274.7
19:26:56.311 INFO  ProgressMeter -          20:17239364              0.7                  7830          11721.6
19:27:05.396 WARN  DepthPerSampleHC - org.broadinstitute.hellbender.tools.walkers.annotator.DepthPerSampleHC$$Lambda$582/0x00007be40963b208@483a4fdd
19:27:05.401 WARN  StrandBiasBySample - org.broadinstitute.hellbender.tools.walkers.annotator.StrandBiasBySample$$Lambda$583/0x00007be40963b430@6de4e849
19:27:06.323 INFO  ProgressMeter -          20:18081086              0.8                 12100          14493.6
19:27:16.328 INFO  ProgressMeter -          20:18944853              1.0                 16790          16763.2
19:27:21.427 INFO  HaplotypeCaller - 5842 read(s) filtered by: MappingQualityReadFilter 
0 read(s) filtered by: MappingQualityAvailableReadFilter 
0 read(s) filtered by: MappedReadFilter 
0 read(s) filtered by: NotSecondaryAlignmentReadFilter 
14592 read(s) filtered by: NotDuplicateReadFilter 
0 read(s) filtered by: PassesVendorQualityCheckReadFilter 
0 read(s) filtered by: NonZeroReferenceLengthAlignmentReadFilter 
0 read(s) filtered by: GoodCigarReadFilter 
0 read(s) filtered by: WellformedReadFilter 
20434 total reads filtered out of 221877 reads processed
19:27:21.428 INFO  ProgressMeter -          20:19694266              1.1                 20546          18908.2
19:27:21.428 INFO  ProgressMeter - Traversal complete. Processed 20546 total regions in 1.1 minutes.
19:27:21.432 INFO  VectorLoglessPairHMM - Time spent in setup for JNI call : 0.038913504
19:27:21.432 INFO  PairHMM - Total compute time in PairHMM computeLogLikelihoods() : 0.835305709
19:27:21.432 INFO  SmithWatermanAligner - Total compute time in native Smith-Waterman : 1.61 sec
19:27:21.433 INFO  HaplotypeCaller - Shutting down engine
[2026年9月19日 CST 下午7:27:21] org.broadinstitute.hellbender.tools.walkers.haplotypecaller.HaplotypeCaller done. Elapsed time: 1.16 minutes.
Runtime.totalMemory()=1461780480
