19:26:12.130 INFO  NativeLibraryLoader - Loading libgkl_compression.so from jar:file:/home/turing-agents/Documents/fast-gatk/third_party/gatk-package/gatk-4.6.2.0/gatk-package-4.6.2.0-local.jar!/com/intel/gkl/native/libgkl_compression.so
19:26:16.233 INFO  HaplotypeCaller - ------------------------------------------------------------
19:26:16.237 INFO  HaplotypeCaller - The Genome Analysis Toolkit (GATK) v4.6.2.0
19:26:16.237 INFO  HaplotypeCaller - For support and documentation go to https://software.broadinstitute.org/gatk/
19:26:16.237 INFO  HaplotypeCaller - Executing as turing-agents@turing-agents-MotherBoard-Series on Linux v7.0.0-31-generic amd64
19:26:16.237 INFO  HaplotypeCaller - Java runtime: OpenJDK 64-Bit Server VM v17.0.20+8
19:26:16.238 INFO  HaplotypeCaller - Start Date/Time: 2026年9月19日 CST 下午7:26:12
19:26:16.238 INFO  HaplotypeCaller - ------------------------------------------------------------
19:26:16.238 INFO  HaplotypeCaller - ------------------------------------------------------------
19:26:16.240 INFO  HaplotypeCaller - HTSJDK Version: 4.2.0
19:26:16.240 INFO  HaplotypeCaller - Picard Version: 3.4.0
19:26:16.240 INFO  HaplotypeCaller - Built for Spark Version: 3.5.0
19:26:16.245 INFO  HaplotypeCaller - HTSJDK Defaults.COMPRESSION_LEVEL : 2
19:26:16.245 INFO  HaplotypeCaller - HTSJDK Defaults.USE_ASYNC_IO_READ_FOR_SAMTOOLS : false
19:26:16.245 INFO  HaplotypeCaller - HTSJDK Defaults.USE_ASYNC_IO_WRITE_FOR_SAMTOOLS : true
19:26:16.246 INFO  HaplotypeCaller - HTSJDK Defaults.USE_ASYNC_IO_WRITE_FOR_TRIBBLE : false
19:26:16.246 INFO  HaplotypeCaller - Deflater: IntelDeflater
19:26:16.246 INFO  HaplotypeCaller - Inflater: IntelInflater
19:26:16.246 INFO  HaplotypeCaller - GCS max retries/reopens: 20
19:26:16.246 INFO  HaplotypeCaller - Requester pays: disabled
19:26:16.246 INFO  HaplotypeCaller - Initializing engine
19:26:16.474 INFO  IntervalArgumentCollection - Processing 3939095 bp from intervals
19:26:16.480 INFO  HaplotypeCaller - Done initializing engine
19:26:16.482 INFO  HaplotypeCallerEngine - Tool is in reference confidence mode and the annotation, the following changes will be made to any specified annotations: 'StrandBiasBySample' will be enabled. 'ChromosomeCounts', 'FisherStrand', 'StrandOddsRatio' and 'QualByDepth' annotations have been disabled
19:26:16.524 INFO  NativeLibraryLoader - Loading libgkl_utils.so from jar:file:/home/turing-agents/Documents/fast-gatk/third_party/gatk-package/gatk-4.6.2.0/gatk-package-4.6.2.0-local.jar!/com/intel/gkl/native/libgkl_utils.so
19:26:16.529 INFO  NativeLibraryLoader - Loading libgkl_smithwaterman.so from jar:file:/home/turing-agents/Documents/fast-gatk/third_party/gatk-package/gatk-4.6.2.0/gatk-package-4.6.2.0-local.jar!/com/intel/gkl/native/libgkl_smithwaterman.so
19:26:16.530 INFO  IntelSmithWaterman - Using CPU-supported AVX-512 instructions
19:26:16.530 INFO  SmithWatermanAligner - Using AVX accelerated SmithWaterman implementation
19:26:16.534 INFO  HaplotypeCallerEngine - Standard Emitting and Calling confidence set to -0.0 for reference-model confidence output
19:26:16.535 INFO  HaplotypeCallerEngine - All sites annotated with PLs forced to true for reference-model confidence output
19:26:16.556 INFO  NativeLibraryLoader - Loading libgkl_pairhmm_omp.so from jar:file:/home/turing-agents/Documents/fast-gatk/third_party/gatk-package/gatk-4.6.2.0/gatk-package-4.6.2.0-local.jar!/com/intel/gkl/native/libgkl_pairhmm_omp.so
19:26:16.566 INFO  IntelPairHmm - Using CPU-supported AVX-512 instructions
19:26:16.567 INFO  IntelPairHmm - Flush-to-zero (FTZ) is enabled when running PairHMM
19:26:16.567 INFO  IntelPairHmm - Available threads: 1
19:26:16.567 INFO  IntelPairHmm - Requested threads: 4
19:26:16.567 WARN  IntelPairHmm - Using 1 available threads, but 4 were requested
19:26:16.567 INFO  PairHMM - Using the OpenMP multi-threaded AVX-accelerated native PairHMM implementation
19:26:16.725 INFO  ProgressMeter - Starting traversal
19:26:16.731 INFO  ProgressMeter -        Current Locus  Elapsed Minutes     Regions Processed   Regions/Minute
19:26:17.477 WARN  InbreedingCoeff - InbreedingCoeff will not be calculated at position 20:19696708 and possibly subsequent; at least 10 samples must have called genotypes
19:26:26.743 INFO  ProgressMeter -          20:19950367              0.2                  1290           7730.7
19:26:36.749 INFO  ProgressMeter -          20:20340681              0.3                  3310           9921.1
19:26:46.783 INFO  ProgressMeter -          20:21053576              0.5                  6330          12638.5
19:26:56.785 INFO  ProgressMeter -          20:21848511              0.7                 10000          14979.8
19:27:00.202 WARN  DepthPerSampleHC - org.broadinstitute.hellbender.tools.walkers.annotator.DepthPerSampleHC$$Lambda$575/0x000071c6d163f308@25bbae0c
19:27:00.203 WARN  StrandBiasBySample - org.broadinstitute.hellbender.tools.walkers.annotator.StrandBiasBySample$$Lambda$576/0x000071c6d163f530@70359282
19:27:06.797 INFO  ProgressMeter -          20:22806207              0.8                 14540          17425.0
19:27:13.392 INFO  HaplotypeCaller - 5869 read(s) filtered by: MappingQualityReadFilter 
0 read(s) filtered by: MappingQualityAvailableReadFilter 
0 read(s) filtered by: MappedReadFilter 
0 read(s) filtered by: NotSecondaryAlignmentReadFilter 
14407 read(s) filtered by: NotDuplicateReadFilter 
0 read(s) filtered by: PassesVendorQualityCheckReadFilter 
0 read(s) filtered by: NonZeroReferenceLengthAlignmentReadFilter 
0 read(s) filtered by: GoodCigarReadFilter 
0 read(s) filtered by: WellformedReadFilter 
20276 total reads filtered out of 220164 reads processed
19:27:13.392 INFO  ProgressMeter -          20:23634041              0.9                 18492          19581.7
19:27:13.392 INFO  ProgressMeter - Traversal complete. Processed 18492 total regions in 0.9 minutes.
19:27:13.401 INFO  VectorLoglessPairHMM - Time spent in setup for JNI call : 0.035516913000000004
19:27:13.402 INFO  PairHMM - Total compute time in PairHMM computeLogLikelihoods() : 0.531779525
19:27:13.402 INFO  SmithWatermanAligner - Total compute time in native Smith-Waterman : 0.87 sec
19:27:13.407 INFO  HaplotypeCaller - Shutting down engine
[2026年9月19日 CST 下午7:27:13] org.broadinstitute.hellbender.tools.walkers.haplotypecaller.HaplotypeCaller done. Elapsed time: 1.02 minutes.
Runtime.totalMemory()=1461780480
