19:26:12.117 INFO  NativeLibraryLoader - Loading libgkl_compression.so from jar:file:/home/turing-agents/Documents/fast-gatk/third_party/gatk-package/gatk-4.6.2.0/gatk-package-4.6.2.0-local.jar!/com/intel/gkl/native/libgkl_compression.so
19:26:15.966 INFO  HaplotypeCaller - ------------------------------------------------------------
19:26:15.969 INFO  HaplotypeCaller - The Genome Analysis Toolkit (GATK) v4.6.2.0
19:26:15.970 INFO  HaplotypeCaller - For support and documentation go to https://software.broadinstitute.org/gatk/
19:26:15.970 INFO  HaplotypeCaller - Executing as turing-agents@turing-agents-MotherBoard-Series on Linux v7.0.0-31-generic amd64
19:26:15.970 INFO  HaplotypeCaller - Java runtime: OpenJDK 64-Bit Server VM v17.0.20+8
19:26:15.970 INFO  HaplotypeCaller - Start Date/Time: 2026年9月19日 CST 下午7:26:12
19:26:15.970 INFO  HaplotypeCaller - ------------------------------------------------------------
19:26:15.970 INFO  HaplotypeCaller - ------------------------------------------------------------
19:26:15.971 INFO  HaplotypeCaller - HTSJDK Version: 4.2.0
19:26:15.971 INFO  HaplotypeCaller - Picard Version: 3.4.0
19:26:15.971 INFO  HaplotypeCaller - Built for Spark Version: 3.5.0
19:26:15.977 INFO  HaplotypeCaller - HTSJDK Defaults.COMPRESSION_LEVEL : 2
19:26:15.977 INFO  HaplotypeCaller - HTSJDK Defaults.USE_ASYNC_IO_READ_FOR_SAMTOOLS : false
19:26:15.977 INFO  HaplotypeCaller - HTSJDK Defaults.USE_ASYNC_IO_WRITE_FOR_SAMTOOLS : true
19:26:15.978 INFO  HaplotypeCaller - HTSJDK Defaults.USE_ASYNC_IO_WRITE_FOR_TRIBBLE : false
19:26:15.978 INFO  HaplotypeCaller - Deflater: IntelDeflater
19:26:15.978 INFO  HaplotypeCaller - Inflater: IntelInflater
19:26:15.978 INFO  HaplotypeCaller - GCS max retries/reopens: 20
19:26:15.978 INFO  HaplotypeCaller - Requester pays: disabled
19:26:15.978 INFO  HaplotypeCaller - Initializing engine
19:26:16.196 INFO  IntervalArgumentCollection - Processing 3939095 bp from intervals
19:26:16.204 INFO  HaplotypeCaller - Done initializing engine
19:26:16.205 INFO  HaplotypeCallerEngine - Tool is in reference confidence mode and the annotation, the following changes will be made to any specified annotations: 'StrandBiasBySample' will be enabled. 'ChromosomeCounts', 'FisherStrand', 'StrandOddsRatio' and 'QualByDepth' annotations have been disabled
19:26:16.242 INFO  NativeLibraryLoader - Loading libgkl_utils.so from jar:file:/home/turing-agents/Documents/fast-gatk/third_party/gatk-package/gatk-4.6.2.0/gatk-package-4.6.2.0-local.jar!/com/intel/gkl/native/libgkl_utils.so
19:26:16.244 INFO  NativeLibraryLoader - Loading libgkl_smithwaterman.so from jar:file:/home/turing-agents/Documents/fast-gatk/third_party/gatk-package/gatk-4.6.2.0/gatk-package-4.6.2.0-local.jar!/com/intel/gkl/native/libgkl_smithwaterman.so
19:26:16.245 INFO  IntelSmithWaterman - Using CPU-supported AVX-512 instructions
19:26:16.245 INFO  SmithWatermanAligner - Using AVX accelerated SmithWaterman implementation
19:26:16.251 INFO  HaplotypeCallerEngine - Standard Emitting and Calling confidence set to -0.0 for reference-model confidence output
19:26:16.251 INFO  HaplotypeCallerEngine - All sites annotated with PLs forced to true for reference-model confidence output
19:26:16.268 INFO  NativeLibraryLoader - Loading libgkl_pairhmm_omp.so from jar:file:/home/turing-agents/Documents/fast-gatk/third_party/gatk-package/gatk-4.6.2.0/gatk-package-4.6.2.0-local.jar!/com/intel/gkl/native/libgkl_pairhmm_omp.so
19:26:16.282 INFO  IntelPairHmm - Using CPU-supported AVX-512 instructions
19:26:16.285 INFO  IntelPairHmm - Flush-to-zero (FTZ) is enabled when running PairHMM
19:26:16.286 INFO  IntelPairHmm - Available threads: 1
19:26:16.286 INFO  IntelPairHmm - Requested threads: 4
19:26:16.286 WARN  IntelPairHmm - Using 1 available threads, but 4 were requested
19:26:16.286 INFO  PairHMM - Using the OpenMP multi-threaded AVX-accelerated native PairHMM implementation
19:26:16.369 INFO  ProgressMeter - Starting traversal
19:26:16.369 INFO  ProgressMeter -        Current Locus  Elapsed Minutes     Regions Processed   Regions/Minute
19:26:16.977 WARN  InbreedingCoeff - InbreedingCoeff will not be calculated at position 20:23635064 and possibly subsequent; at least 10 samples must have called genotypes
19:26:26.426 INFO  ProgressMeter -          20:23800936              0.2                  1010           6026.3
19:26:31.923 WARN  DepthPerSampleHC - org.broadinstitute.hellbender.tools.walkers.annotator.DepthPerSampleHC$$Lambda$574/0x000077be6163b1e8@5a2fdf39
19:26:31.926 WARN  StrandBiasBySample - org.broadinstitute.hellbender.tools.walkers.annotator.StrandBiasBySample$$Lambda$575/0x000077be6163b410@24f520d7
19:26:36.454 INFO  ProgressMeter -          20:24119237              0.3                  2760           8245.4
19:26:46.480 INFO  ProgressMeter -          20:24535352              0.5                  4850           9664.2
19:26:56.485 INFO  ProgressMeter -          20:25185755              0.7                  7810          11681.1
19:27:06.496 INFO  ProgressMeter -          20:25944127              0.8                 11380          13621.4
19:27:10.629 INFO  HaplotypeCaller - 12544 read(s) filtered by: MappingQualityReadFilter 
0 read(s) filtered by: MappingQualityAvailableReadFilter 
0 read(s) filtered by: MappedReadFilter 
0 read(s) filtered by: NotSecondaryAlignmentReadFilter 
7873 read(s) filtered by: NotDuplicateReadFilter 
0 read(s) filtered by: PassesVendorQualityCheckReadFilter 
0 read(s) filtered by: NonZeroReferenceLengthAlignmentReadFilter 
0 read(s) filtered by: GoodCigarReadFilter 
0 read(s) filtered by: WellformedReadFilter 
20417 total reads filtered out of 143672 reads processed
19:27:10.629 INFO  ProgressMeter -          20:27573621              0.9                 17350          19185.4
19:27:10.629 INFO  ProgressMeter - Traversal complete. Processed 17350 total regions in 0.9 minutes.
19:27:10.686 INFO  VectorLoglessPairHMM - Time spent in setup for JNI call : 0.047777765
19:27:10.686 INFO  PairHMM - Total compute time in PairHMM computeLogLikelihoods() : 0.599913174
19:27:10.686 INFO  SmithWatermanAligner - Total compute time in native Smith-Waterman : 1.23 sec
19:27:10.687 INFO  HaplotypeCaller - Shutting down engine
[2026年9月19日 CST 下午7:27:10] org.broadinstitute.hellbender.tools.walkers.haplotypecaller.HaplotypeCaller done. Elapsed time: 0.98 minutes.
Runtime.totalMemory()=1461780480
