19:26:12.135 INFO  NativeLibraryLoader - Loading libgkl_compression.so from jar:file:/home/turing-agents/Documents/fast-gatk/third_party/gatk-package/gatk-4.6.2.0/gatk-package-4.6.2.0-local.jar!/com/intel/gkl/native/libgkl_compression.so
19:26:16.218 INFO  HaplotypeCaller - ------------------------------------------------------------
19:26:16.223 INFO  HaplotypeCaller - The Genome Analysis Toolkit (GATK) v4.6.2.0
19:26:16.223 INFO  HaplotypeCaller - For support and documentation go to https://software.broadinstitute.org/gatk/
19:26:16.223 INFO  HaplotypeCaller - Executing as turing-agents@turing-agents-MotherBoard-Series on Linux v7.0.0-31-generic amd64
19:26:16.223 INFO  HaplotypeCaller - Java runtime: OpenJDK 64-Bit Server VM v17.0.20+8
19:26:16.223 INFO  HaplotypeCaller - Start Date/Time: 2026年9月19日 CST 下午7:26:12
19:26:16.223 INFO  HaplotypeCaller - ------------------------------------------------------------
19:26:16.224 INFO  HaplotypeCaller - ------------------------------------------------------------
19:26:16.224 INFO  HaplotypeCaller - HTSJDK Version: 4.2.0
19:26:16.224 INFO  HaplotypeCaller - Picard Version: 3.4.0
19:26:16.225 INFO  HaplotypeCaller - Built for Spark Version: 3.5.0
19:26:16.227 INFO  HaplotypeCaller - HTSJDK Defaults.COMPRESSION_LEVEL : 2
19:26:16.228 INFO  HaplotypeCaller - HTSJDK Defaults.USE_ASYNC_IO_READ_FOR_SAMTOOLS : false
19:26:16.228 INFO  HaplotypeCaller - HTSJDK Defaults.USE_ASYNC_IO_WRITE_FOR_SAMTOOLS : true
19:26:16.228 INFO  HaplotypeCaller - HTSJDK Defaults.USE_ASYNC_IO_WRITE_FOR_TRIBBLE : false
19:26:16.228 INFO  HaplotypeCaller - Deflater: IntelDeflater
19:26:16.228 INFO  HaplotypeCaller - Inflater: IntelInflater
19:26:16.228 INFO  HaplotypeCaller - GCS max retries/reopens: 20
19:26:16.229 INFO  HaplotypeCaller - Requester pays: disabled
19:26:16.229 INFO  HaplotypeCaller - Initializing engine
19:26:16.474 INFO  IntervalArgumentCollection - Processing 3939095 bp from intervals
19:26:16.487 INFO  HaplotypeCaller - Done initializing engine
19:26:16.490 INFO  HaplotypeCallerEngine - Tool is in reference confidence mode and the annotation, the following changes will be made to any specified annotations: 'StrandBiasBySample' will be enabled. 'ChromosomeCounts', 'FisherStrand', 'StrandOddsRatio' and 'QualByDepth' annotations have been disabled
19:26:16.535 INFO  NativeLibraryLoader - Loading libgkl_utils.so from jar:file:/home/turing-agents/Documents/fast-gatk/third_party/gatk-package/gatk-4.6.2.0/gatk-package-4.6.2.0-local.jar!/com/intel/gkl/native/libgkl_utils.so
19:26:16.536 INFO  NativeLibraryLoader - Loading libgkl_smithwaterman.so from jar:file:/home/turing-agents/Documents/fast-gatk/third_party/gatk-package/gatk-4.6.2.0/gatk-package-4.6.2.0-local.jar!/com/intel/gkl/native/libgkl_smithwaterman.so
19:26:16.542 INFO  IntelSmithWaterman - Using CPU-supported AVX-512 instructions
19:26:16.542 INFO  SmithWatermanAligner - Using AVX accelerated SmithWaterman implementation
19:26:16.550 INFO  HaplotypeCallerEngine - Standard Emitting and Calling confidence set to -0.0 for reference-model confidence output
19:26:16.550 INFO  HaplotypeCallerEngine - All sites annotated with PLs forced to true for reference-model confidence output
19:26:16.565 INFO  NativeLibraryLoader - Loading libgkl_pairhmm_omp.so from jar:file:/home/turing-agents/Documents/fast-gatk/third_party/gatk-package/gatk-4.6.2.0/gatk-package-4.6.2.0-local.jar!/com/intel/gkl/native/libgkl_pairhmm_omp.so
19:26:16.588 INFO  IntelPairHmm - Using CPU-supported AVX-512 instructions
19:26:16.592 INFO  IntelPairHmm - Flush-to-zero (FTZ) is enabled when running PairHMM
19:26:16.592 INFO  IntelPairHmm - Available threads: 1
19:26:16.592 INFO  IntelPairHmm - Requested threads: 4
19:26:16.592 WARN  IntelPairHmm - Using 1 available threads, but 4 were requested
19:26:16.592 INFO  PairHMM - Using the OpenMP multi-threaded AVX-accelerated native PairHMM implementation
19:26:16.749 INFO  ProgressMeter - Starting traversal
19:26:16.751 INFO  ProgressMeter -        Current Locus  Elapsed Minutes     Regions Processed   Regions/Minute
19:26:18.969 WARN  InbreedingCoeff - InbreedingCoeff will not be calculated at position 20:29420066 and possibly subsequent; at least 10 samples must have called genotypes
19:26:26.790 INFO  ProgressMeter -          20:29504511              0.2                  6620          39565.7
19:26:36.825 INFO  ProgressMeter -          20:29828960              0.3                  8250          24658.8
19:26:46.863 INFO  ProgressMeter -          20:30284804              0.5                 10380          20683.5
19:26:56.868 INFO  ProgressMeter -          20:31092412              0.7                 13800          20639.6
19:27:02.820 INFO  HaplotypeCaller - 5927 read(s) filtered by: MappingQualityReadFilter 
0 read(s) filtered by: MappingQualityAvailableReadFilter 
0 read(s) filtered by: MappedReadFilter 
0 read(s) filtered by: NotSecondaryAlignmentReadFilter 
4919 read(s) filtered by: NotDuplicateReadFilter 
0 read(s) filtered by: PassesVendorQualityCheckReadFilter 
0 read(s) filtered by: NonZeroReferenceLengthAlignmentReadFilter 
0 read(s) filtered by: GoodCigarReadFilter 
0 read(s) filtered by: WellformedReadFilter 
10846 total reads filtered out of 105028 reads processed
19:27:02.820 INFO  ProgressMeter -          20:31512673              0.8                 15840          20629.9
19:27:02.820 INFO  ProgressMeter - Traversal complete. Processed 15840 total regions in 0.8 minutes.
19:27:02.830 INFO  VectorLoglessPairHMM - Time spent in setup for JNI call : 0.043648378
19:27:02.830 INFO  PairHMM - Total compute time in PairHMM computeLogLikelihoods() : 0.7686546590000001
19:27:02.830 INFO  SmithWatermanAligner - Total compute time in native Smith-Waterman : 1.19 sec
19:27:02.831 INFO  HaplotypeCaller - Shutting down engine
[2026年9月19日 CST 下午7:27:02] org.broadinstitute.hellbender.tools.walkers.haplotypecaller.HaplotypeCaller done. Elapsed time: 0.85 minutes.
Runtime.totalMemory()=1461780480
