19:26:12.126 INFO  NativeLibraryLoader - Loading libgkl_compression.so from jar:file:/home/turing-agents/Documents/fast-gatk/third_party/gatk-package/gatk-4.6.2.0/gatk-package-4.6.2.0-local.jar!/com/intel/gkl/native/libgkl_compression.so
19:26:16.232 INFO  HaplotypeCaller - ------------------------------------------------------------
19:26:16.234 INFO  HaplotypeCaller - The Genome Analysis Toolkit (GATK) v4.6.2.0
19:26:16.235 INFO  HaplotypeCaller - For support and documentation go to https://software.broadinstitute.org/gatk/
19:26:16.235 INFO  HaplotypeCaller - Executing as turing-agents@turing-agents-MotherBoard-Series on Linux v7.0.0-31-generic amd64
19:26:16.235 INFO  HaplotypeCaller - Java runtime: OpenJDK 64-Bit Server VM v17.0.20+8
19:26:16.236 INFO  HaplotypeCaller - Start Date/Time: 2026年9月19日 CST 下午7:26:12
19:26:16.236 INFO  HaplotypeCaller - ------------------------------------------------------------
19:26:16.236 INFO  HaplotypeCaller - ------------------------------------------------------------
19:26:16.237 INFO  HaplotypeCaller - HTSJDK Version: 4.2.0
19:26:16.237 INFO  HaplotypeCaller - Picard Version: 3.4.0
19:26:16.237 INFO  HaplotypeCaller - Built for Spark Version: 3.5.0
19:26:16.244 INFO  HaplotypeCaller - HTSJDK Defaults.COMPRESSION_LEVEL : 2
19:26:16.244 INFO  HaplotypeCaller - HTSJDK Defaults.USE_ASYNC_IO_READ_FOR_SAMTOOLS : false
19:26:16.244 INFO  HaplotypeCaller - HTSJDK Defaults.USE_ASYNC_IO_WRITE_FOR_SAMTOOLS : true
19:26:16.244 INFO  HaplotypeCaller - HTSJDK Defaults.USE_ASYNC_IO_WRITE_FOR_TRIBBLE : false
19:26:16.244 INFO  HaplotypeCaller - Deflater: IntelDeflater
19:26:16.244 INFO  HaplotypeCaller - Inflater: IntelInflater
19:26:16.245 INFO  HaplotypeCaller - GCS max retries/reopens: 20
19:26:16.245 INFO  HaplotypeCaller - Requester pays: disabled
19:26:16.245 INFO  HaplotypeCaller - Initializing engine
19:26:16.453 INFO  IntervalArgumentCollection - Processing 3939095 bp from intervals
19:26:16.462 INFO  HaplotypeCaller - Done initializing engine
19:26:16.467 INFO  HaplotypeCallerEngine - Tool is in reference confidence mode and the annotation, the following changes will be made to any specified annotations: 'StrandBiasBySample' will be enabled. 'ChromosomeCounts', 'FisherStrand', 'StrandOddsRatio' and 'QualByDepth' annotations have been disabled
19:26:16.498 INFO  NativeLibraryLoader - Loading libgkl_utils.so from jar:file:/home/turing-agents/Documents/fast-gatk/third_party/gatk-package/gatk-4.6.2.0/gatk-package-4.6.2.0-local.jar!/com/intel/gkl/native/libgkl_utils.so
19:26:16.499 INFO  NativeLibraryLoader - Loading libgkl_smithwaterman.so from jar:file:/home/turing-agents/Documents/fast-gatk/third_party/gatk-package/gatk-4.6.2.0/gatk-package-4.6.2.0-local.jar!/com/intel/gkl/native/libgkl_smithwaterman.so
19:26:16.500 INFO  IntelSmithWaterman - Using CPU-supported AVX-512 instructions
19:26:16.500 INFO  SmithWatermanAligner - Using AVX accelerated SmithWaterman implementation
19:26:16.507 INFO  HaplotypeCallerEngine - Standard Emitting and Calling confidence set to -0.0 for reference-model confidence output
19:26:16.507 INFO  HaplotypeCallerEngine - All sites annotated with PLs forced to true for reference-model confidence output
19:26:16.525 INFO  NativeLibraryLoader - Loading libgkl_pairhmm_omp.so from jar:file:/home/turing-agents/Documents/fast-gatk/third_party/gatk-package/gatk-4.6.2.0/gatk-package-4.6.2.0-local.jar!/com/intel/gkl/native/libgkl_pairhmm_omp.so
19:26:16.535 INFO  IntelPairHmm - Using CPU-supported AVX-512 instructions
19:26:16.539 INFO  IntelPairHmm - Flush-to-zero (FTZ) is enabled when running PairHMM
19:26:16.539 INFO  IntelPairHmm - Available threads: 1
19:26:16.539 INFO  IntelPairHmm - Requested threads: 4
19:26:16.539 WARN  IntelPairHmm - Using 1 available threads, but 4 were requested
19:26:16.539 INFO  PairHMM - Using the OpenMP multi-threaded AVX-accelerated native PairHMM implementation
19:26:16.636 INFO  ProgressMeter - Starting traversal
19:26:16.636 INFO  ProgressMeter -        Current Locus  Elapsed Minutes     Regions Processed   Regions/Minute
19:26:17.252 WARN  InbreedingCoeff - InbreedingCoeff will not be calculated at position 20:31513585 and possibly subsequent; at least 10 samples must have called genotypes
19:26:26.645 INFO  ProgressMeter -          20:31636020              0.2                   610           3658.2
19:26:36.649 INFO  ProgressMeter -          20:32065001              0.3                  2500           7495.1
19:26:46.658 INFO  ProgressMeter -          20:32594980              0.5                  4890           9772.8
19:26:50.189 WARN  DepthPerSampleHC - org.broadinstitute.hellbender.tools.walkers.annotator.DepthPerSampleHC$$Lambda$574/0x000079ef6963bbd8@3d3a76d2
19:26:50.193 WARN  StrandBiasBySample - org.broadinstitute.hellbender.tools.walkers.annotator.StrandBiasBySample$$Lambda$575/0x000079ef6963e000@5bd7a935
19:26:56.676 INFO  ProgressMeter -          20:33338623              0.7                  8140          12198.1
19:27:06.699 INFO  ProgressMeter -          20:34004009              0.8                 11470          13747.0
19:27:13.767 INFO  HaplotypeCaller - 5538 read(s) filtered by: MappingQualityReadFilter 
0 read(s) filtered by: MappingQualityAvailableReadFilter 
0 read(s) filtered by: MappedReadFilter 
0 read(s) filtered by: NotSecondaryAlignmentReadFilter 
9507 read(s) filtered by: NotDuplicateReadFilter 
0 read(s) filtered by: PassesVendorQualityCheckReadFilter 
0 read(s) filtered by: NonZeroReferenceLengthAlignmentReadFilter 
0 read(s) filtered by: GoodCigarReadFilter 
0 read(s) filtered by: WellformedReadFilter 
15045 total reads filtered out of 202726 reads processed
19:27:13.767 INFO  ProgressMeter -          20:35450086              1.0                 17305          18174.0
19:27:13.767 INFO  ProgressMeter - Traversal complete. Processed 17305 total regions in 1.0 minutes.
19:27:13.773 INFO  VectorLoglessPairHMM - Time spent in setup for JNI call : 0.054477973000000006
19:27:13.773 INFO  PairHMM - Total compute time in PairHMM computeLogLikelihoods() : 0.414562986
19:27:13.773 INFO  SmithWatermanAligner - Total compute time in native Smith-Waterman : 0.65 sec
19:27:13.774 INFO  HaplotypeCaller - Shutting down engine
[2026年9月19日 CST 下午7:27:13] org.broadinstitute.hellbender.tools.walkers.haplotypecaller.HaplotypeCaller done. Elapsed time: 1.03 minutes.
Runtime.totalMemory()=1461780480
